
FILE paper/manuscript.tex
1: \documentclass[11pt]{article}
2: \usepackage[margin=1in]{geometry}
3: \usepackage{amsmath,amssymb,longtable,booktabs}
4: \usepackage[colorlinks=true,allcolors=blue]{hyperref}
5: \title{An explicit graph basis and exact Jacobian certificates\\
6: for a self-dual five-form in ten dimensions}
7: \author{\texttt{uskutsav-cpu}}
8: \date{September 7, 2026}
9: \begin{document}
10: \maketitle
11: \begin{abstract}
12: We give a reproducible certificate for 81 explicit contractions of a real
13: self-dual five-form in signature $(1,9)$. The fixed selection consists of one
14: quartic, two sextic, six octic, twelve degree-ten, and sixty degree-twelve
15: polynomials. Their Jacobian has a nonzero $81\times81$ minor at four exact
16: finite-field specializations, using the same ordered functions in every
17: case. An integral coordinate convention makes each nonzero minor a
18: characteristic-zero independence witness. The construction completes the
19: functional-independence problem, with the known generic quotient dimension
20: as upper bound. It does not determine all polynomial generators or syzygies.
21: \end{abstract}
22: 
23: \section{Scope and conventions}
24: Let $F$ be an alternating five-form, with metric
25: $\eta=\operatorname{diag}(-1,1,\ldots,1)$ and Hodge convention
26: $\star F=F$. The self-dual subspace has dimension 126.
27: The literature supplies the generic quotient dimension 81 and the
28: low-degree Hilbert coefficients \cite{cederwall,hutomo}. The present
29: certificate supplies the matching lower bound using explicit graph
30: contractions. The contraction catalogs and previously discovered bases are
31: inherited from the repository's research branches; the certificate reported
32: here re-evaluates those functions at new points.
33: 
34: A graph has one vertex per copy of $F$, no loops, and valence five.
35: An edge of multiplicity $m$ contracts $m$ index pairs with inverse metrics.
36: Vertices and edges are ordered; slot order is fixed by lexicographic edge
37: order. Graph isomorphism alone does not fix the sign of an odd-form
38: contraction, so the formula identifier hashes the ordered edge record.
39: Disconnected contractions are products. The quadratic contraction vanishes
40: on this self-dual space.
41: 
42: For each increasing five-tuple $I$ containing 0, define
43: $A_I=F_I$ and let $e_I$ denote its compact alternating component vector.
44: The integral parametrization is
45: \[
46:  F(A)=\sum_{I\ni0} A_I(e_I+\star e_I).
47: \]
48: The 126 columns contain only $0,1,-1$; their components indexed by $I\ni0$
49: form an identity matrix. Every graph polynomial therefore has integer
50: coefficients in $A$, with no projector denominators.
51: 
52: \section{Fixed selection and exact witness}
53: The nine low-degree functions are those in
54: \path{results/10d_order8.json}; the next twelve come from
55: \path{results/10d_order10.json}. The first sixty selected functional
56: directions in \path{results/10d_order12.json} complete the list.
57: The remaining two degree-twelve primitive polynomial directions belong to
58: the larger homogeneous inventory and are not included in the 81-function
59: Jacobian. A dependent Jacobian row does not identify a polynomial syzygy.
60: 
61: \begin{center}
62: \begin{tabular}{rrr}
63: \toprule
64: Field degree & New functional directions & Cumulative rank\\
65: \midrule
66: 4 & 1 & 1\\
67: 6 & 2 & 3\\
68: 8 & 6 & 9\\
69: 10 & 12 & 21\\
70: 12 & 60 & 81\\
71: \bottomrule
72: \end{tabular}
73: \end{center}
74: 
75: Write $J_{aI}=\partial G_a/\partial A_I$. Each certificate cell records
76: the prime, all 126 coordinates, all 252 self-dual compact components,
77: the same ordered 81 graph identifiers, all entries of the $81\times126$
78: Jacobian, 81 pivot columns, and the determinant of that minor.
79: \input{tables/certificate_cells.tex}
80: The determinant is recomputed by Python-integer elimination independently
81: of the streaming rank sieve. Euler's identity
82: $\sum_I A_I J_{aI}=\deg(G_a)G_a$ is checked for every row.
83: 
84: If a saved determinant is nonzero modulo $p$, the corresponding integer
85: determinant polynomial is not identically zero. Its nonvanishing defines a
86: nonempty Zariski-open set in characteristic zero on which these 81
87: polynomials are algebraically independent. Invariance and the known generic
88: quotient dimension supply the matching upper bound. These are generic local
89: coordinates; neither global orbit separation nor polynomial generation of
90: the entire ring follows.
91: 
92: \section{Polynomial spaces and literature comparison}
93: The homogeneous-space dimensions through degree twelve are
94: $1,2,7,14,72$. Products must be included in value-space comparisons.
95: At degree twelve the ten product monomials are $I_4^3$, the three symmetric
96: products of sextics, and the six products $I_4 I_{8,j}$. The inherited
97: degree-twelve computation reaches rank 72 using these products and 62 graph
98: directions. Polynomial-space evidence uses gradients concatenated at several
99: points; the functional Jacobian uses one point. These are separate sieves.
100: Factor exponents in a Hilbert product are not automatically generator counts
101: at higher degrees when generators and relations may coexist.
102: 
103: The octic comparison uses a selection of six displayed literature
104: contractions: the first five expressions from equations (4.12)--(4.15) of
105: \cite{cederwall}, together with the hatted expression (4.18). The exact
106: machine-readable map includes the quartic-square product explicitly.
107: The $6\times6$ block compares primitive classes modulo products; any product
108: correction is retained in the full $7\times7$ matrix.
109: 
110: At degree ten the repository's implemented readings of the twelve published
111: candidates span a twelve-dimensional space whose intersection with the
112: two-dimensional product space has dimension one in the reconstructed
113: coordinate matrix. Thus a claimed invertible $12\times12$ identification
114: with the graph primitive complement would be incorrect for those readings.
115: The delivered map has twelve rows and fourteen atlas columns and records
116: the source-reading qualifications. Rational reconstruction and fresh modular
117: holdouts are strong checks on these maps, but finite samples alone do not
118: prove a characteristic-zero polynomial identity. These qualifications do not
119: affect the graph-only nonzero-minor proof.
120: 
121: \section{Reproduction and validation}
122: Use the declared dependencies and run the regression suite before evaluating
123: certificates. The original low-degree commit is preserved by
124: \texttt{v0.1-low-degree-complete}. The release commands are:
125: \begin{verbatim}
126: python scripts/graph_to_latex.py
127: python scripts/search_rank81.py
128: python scripts/verify_rank81.py
129: python scripts/verify_rank81.py --recompute
130: python scripts/validate_rank81_lorentz.py
131: python scripts/map_literature_basis.py --degree 8
132: python scripts/map_literature_basis.py --degree 10
133: \end{verbatim}
134: The default verifier checks the saved matrix and metadata; the explicit
135: \texttt{--recompute} mode repeats the graph evaluations. These modes are
136: reported separately. The search stage checkpoints each raw row and its
137: pivot, checks run identity on resume, and bounds worker submissions.
138: Degree-specific discovery remains available through the existing nauty
139: pipelines. \texttt{run\_degree.py} accepts additional edge-list JSONL streams
140: and separates polynomial completeness from functional rank.
141: 
142: Regression tests cover the 6D reproduction, self-duality,
143: the zero quadratic contraction, exact integer arithmetic, reverse
144: Jacobians against an independent oracle, graph parsing beyond ten vertices,
145: and genuine Lorentz boosts. The final graph selection is checked under both
146: a spatial rotation and a boost; neither uses floating-point tolerances.
147: 
148: \begin{thebibliography}{9}
149: \bibitem{cederwall} M. Cederwall, J. Hutomo, S. M. Kuzenko, K. Lechner,
150: and D. P. Sorokin, \emph{Some remarks on invariants},
151: \href{https://arxiv.org/abs/2509.14350v2}{arXiv:2509.14350v2}.
152: \bibitem{hutomo} J. Hutomo, K. Lechner, and D. P. Sorokin,
153: \emph{On non-linear chiral 4-form theories in D=10},
154: \href{https://arxiv.org/abs/2509.14351}{arXiv:2509.14351}.
155: \end{thebibliography}
156: 
157: \clearpage\appendix
158: \section{Ordered Einstein-index formulas}
159: Each repeated index labels exactly one graph edge; its upper and lower
160: occurrences supply one inverse metric. The machine-readable companion
161: \texttt{results/rank81\_basis.json} gives the edge lists, adjacency matrices,
162: formula hashes, and contraction costs.
163: \small
164: \input{tables/rank81_formulas.tex}
165: \end{document}

FILE scripts/map_literature_basis.py
1: #!/usr/bin/env python3
2: """Exact finite-field basis comparisons with explicit product directions.
3: 
4: Rational reconstruction plus finite holdouts is reported as evidence for
5: polynomial identities, not a symbolic proof of those identities.
6: """
7: 
8: import argparse
9: from fractions import Fraction
10: import json
11: from pathlib import Path
12: import sys
13: 
14: ROOT = Path(__file__).resolve().parents[1]
15: sys.path.insert(0, str(ROOT / "src"))
16: 
17: import numpy as np
18: from sdinv.catalog import atomic_write_json
19: from sdinv.certificate import context, digest
20: from sdinv.contract import planned_value
21: from sdinv.exactmap import reconstruct_vector, solve_full_column_rank, rank_mod
22: from sdinv.graphs import graph_from_label
23: from sdinv.published_degree8_invariants import SELECTED_BASIS as BASIS, SOURCE, evaluate_selected_basis
24: 
25: 
26: def rational_rank(matrix):
27:     a = [list(map(Fraction, row)) for row in matrix]
28:     rank = 0
29:     for j in range(len(a[0])):
30:         pivot = next((i for i in range(rank, len(a)) if a[i][j]), None)
31:         if pivot is None:
32:             continue
33:         a[rank], a[pivot] = a[pivot], a[rank]
34:         scale = a[rank][j]
35:         a[rank] = [x / scale for x in a[rank]]
36:         for i in range(len(a)):
37:             if i != rank:
38:                 scale = a[i][j]
39:                 a[i] = [x - scale * y for x, y in zip(a[i], a[rank])]
40:         rank += 1
41:         if rank == len(a):
42:             break
43:     return rank
44: 
45: 
46: def inverse(matrix):
47:     n = len(matrix)
48:     a = [[Fraction(x) for x in row] + [Fraction(i == j) for j in range(n)]
49:          for i, row in enumerate(matrix)]
50:     for j in range(n):
51:         pivot = next((i for i in range(j, n) if a[i][j]), None)
52:         if pivot is None:
53:             raise ValueError("rational matrix is singular")
54:         a[j], a[pivot] = a[pivot], a[j]
55:         scale = a[j][j]
56:         a[j] = [x / scale for x in a[j]]
57:         for i in range(n):
58:             if i != j:
59:                 scale = a[i][j]
60:                 a[i] = [x - scale * y for x, y in zip(a[i], a[j])]
61:     return [row[n:] for row in a]
62: 
63: 
64: def reduce_matrix(matrix, prime):
65:     return np.array([[int(x.numerator * pow(x.denominator, -1, prime) % prime)
66:                       for x in row] for row in matrix], dtype=np.int64)
67: 
68: 
69: def _sample8(prime, seed, graph_items):
70:     a = np.random.default_rng(seed).integers(0, prime, 126).tolist()
71:     form, _, _ = context(prime, a)
72:     graph_values = [planned_value(graph_from_label(g["graph"]), form, 10, 5, True, prime)
73:                     for g in graph_items]
74:     quartic_squared = graph_values[0] ** 2 % prime
75:     graphs = graph_values[1:] + [quartic_squared]
76:     tensors = evaluate_selected_basis(form, prime) + [quartic_squared]
77:     return {"seed": seed, "coordinates": a, "graphs": graphs, "tensors": tensors}
78: 
79: 
80: def order8(out, cache_dir):
81:     low = json.loads((ROOT / "results/10d_order8.json").read_text())
82:     graph_items = [g for g in low["generators"] if g["order"] in (4, 8)]
83:     primes, holdout = [32749, 32719, 32693, 32713, 32717], 32771
84:     fit_seeds, fresh_seeds = list(range(2026090700, 2026090709)), [2026090801, 2026090802, 2026090803]
85:     evidence = {}
86:     sources = ["src/sdinv/published_degree8_invariants.py", "src/sdinv/stress.py",
87:                "src/sdinv/contract.py", "src/sdinv/modp.py", "scripts/map_literature_basis.py"]
88:     identity = digest({"graphs": graph_items, "sources": {s: (ROOT / s).read_bytes().hex() for s in sources}})
89:     for p in primes + [holdout]:
90:         cache = cache_dir / f"order8_p{p}.json"
91:         data = json.loads(cache.read_text()) if cache.exists() else {"identity": identity, "prime": p, "samples": []}
92:         if data["identity"] != identity:
93:             raise ValueError("order-8 cache engine mismatch; use a new cache directory")
94:         seeds = fit_seeds + fresh_seeds if p in primes else fresh_seeds
95:         if [s["seed"] for s in data["samples"]] != seeds[:len(data["samples"])]:
96:             raise ValueError("order-8 cache sample mismatch")
97:         for seed in seeds[len(data["samples"]):]:
98:             data["samples"].append(_sample8(p, seed, graph_items))
99:             atomic_write_json(cache, data)
100:             print(f"order8 p={p}: sample {len(data['samples'])}/{len(seeds)}", flush=True)
101:         if p in primes:
102:             design = np.array([s["graphs"] for s in data["samples"][:len(fit_seeds)]])
103:             target = np.array([s["tensors"] for s in data["samples"][:len(fit_seeds)]])
104:             data["tensor_to_graph_matrix_mod_p"] = [solve_full_column_rank(design, target[:, j], p).tolist() for j in range(7)]
105:             data["graph_rank"] = rank_mod(design, p)
106:             data["tensor_rank"] = rank_mod(target, p)
107:         evidence[str(p)] = data
108:     tensor_to_graph = [reconstruct_vector([evidence[str(p)]["tensor_to_graph_matrix_mod_p"][i] for p in primes], primes) for i in range(7)]
109:     graph_to_tensor = inverse(tensor_to_graph)
110:     for p in primes + [holdout]:
111:         forward, backward = reduce_matrix(tensor_to_graph, p), reduce_matrix(graph_to_tensor, p)
112:         for sample in evidence[str(p)]["samples"]:
113:             g, t = np.array(sample["graphs"]), np.array(sample["tensors"])
114:             if not np.array_equal(forward @ g % p, t) or not np.array_equal(backward @ t % p, g):
115:                 raise ValueError(f"order-8 holdout mismatch at prime {p}")
116:     result = {"schema": 1, "degree": 8, "literature_source": SOURCE,
117:               "literature_basis": BASIS, "graph_basis": graph_items[1:],
118:               "basis_selection": "T8_1 through T8_5 from (4.12)--(4.15), and H8_1 from (4.18); this selection spans all seven degree-8 directions after adjoining the quartic square.",
119:               "product": "I4_1^2 (repository normalization)",
120:               "matrix_convention": "[G1,...,G6,P]^T = graph_to_literature * [T1,...,T6,P]^T",
121:               "graph_to_literature": [[str(x) for x in row] for row in graph_to_tensor],
122:               "literature_to_graph": [[str(x) for x in row] for row in tensor_to_graph],
123:               "primitive_quotient_matrix_6x6": [[str(x) for x in row[:6]] for row in graph_to_tensor[:6]],
124:               "product_correction": [str(row[6]) for row in graph_to_tensor[:6]],
125:               "exact_6x6_without_products": all(row[6] == 0 for row in graph_to_tensor[:6]),
126:               "fitting_primes": primes, "holdout_prime": holdout,
127:               "verification_seeds": fresh_seeds, "prime_witnesses": evidence,
128:               "verified": True,
129:               "proof_scope": "Exact modular solves, unique bounded rational reconstruction and fresh value holdouts; polynomial identity validity over Q is not proved by finite samples alone."}
130:     atomic_write_json(out, result)
131:     print("PASS: order-8 rational map and fresh holdouts")
132: 
133: 
134: def order10(out):
135:     source = ROOT / "results/degree10/B10_coordinates_per_prime.json"
136:     store = json.loads(source.read_text())["per_prime"]
137:     primes = sorted(map(int, store))
138:     fit, holdout = primes[:-1], primes[-1]
139:     names = store[str(primes[0])]["basis"]
140:     ids = sorted(store[str(primes[0])]["coordinates"])
141:     matrices = [reconstruct_vector([store[str(p)]["coordinates"][cid] for p in fit], fit) for cid in ids]
142:     reduced = reduce_matrix(matrices, holdout)
143:     if reduced.tolist() != [store[str(holdout)]["coordinates"][cid] for cid in ids]:
144:         raise ValueError("degree-10 held-out prime does not match rational reconstruction")
145:     products = [[int(i == j) for i in range(len(names))] for j, name in enumerate(names) if "*" in name]
146:     b_rank, p_rank, union_rank = rational_rank(matrices), rational_rank(products), rational_rank(matrices + products)
147:     result = {"schema": 1, "degree": 10,
148:               "status": "requested invertible 12x12 map does not exist for the implemented source readings",
149:               "literature_basis": ids, "graph_and_product_basis": names,
150:               "matrix_convention": "T_i = sum_j matrix[i][j] * atlas_j",
151:               "matrix_12x14": [[str(x) for x in row] for row in matrices],
152:               "published_span_rank": b_rank, "product_span_rank": p_rank,
153:               "union_rank": union_rank, "intersection_rank": b_rank + p_rank - union_rank,
154:               "primitive_quotient_rank": union_rank - p_rank,
155:               "fitting_primes": fit, "holdout_prime": holdout,
156:               "prime_witnesses": store, "verified_reconstruction": True,
157:               "source_artifact": str(source.relative_to(ROOT)), "source_sha256": digest(json.loads(source.read_text())),
158:               "source_readings": "See src/sdinv/published_degree10_invariants.py and docs/PUBLISHED_DEGREE10_INDEX_AUDIT.md; AMB-01/AMB-02 readings remain explicit.",
159:               "proof_scope": "Rational matrix ranks are exact. Inherited polynomial maps were fitted and checked on finite samples; this regeneration checks arithmetic and a held-out prime, not new tensor evaluations."}
160:     atomic_write_json(out, result)
161:     print(f"PASS: degree-10 rational map has ranks published={b_rank}, products={p_rank}, union={union_rank}")
162: 
163: 
164: def main():
165:     parser = argparse.ArgumentParser(description=__doc__)
166:     parser.add_argument("--degree", type=int, choices=[8, 10], required=True)
167:     parser.add_argument("--out")
168:     parser.add_argument("--cache-dir", type=Path, default=ROOT / "work/literature-maps")
169:     args = parser.parse_args()
170:     out = args.out or ROOT / f"results/order{args.degree}_change_of_basis.json"
171:     if args.degree == 8:
172:         order8(out, args.cache_dir)
173:     else:
174:         order10(out)
175: 
176: 
177: if __name__ == "__main__":
178:     main()

FILE src/sdinv/certificate.py
1: """Self-contained exact Jacobian witnesses for the ordered graph basis.
2: 
3: All directions and polynomials are integral. A nonzero minor modulo one
4: prime therefore proves a characteristic-zero lower bound. Recomputing graph
5: contractions is a separate verification step from checking the saved matrix.
6: """
7: 
8: import hashlib
9: import json
10: from math import isqrt
11: 
12: import numpy as np
13: 
14: from .contract import CompactDerivativeBasis, value_and_jacobian_row
15: from .forms import basis_tuples, hodge_matrix, to_dense
16: from .graphs import validate_graph
17: from .modp import RankSieve
18: from .serialize import from_record
19: 
20: 
21: def digest(data):
22:     return hashlib.sha256(json.dumps(data, sort_keys=True, separators=(",", ":")).encode()).hexdigest()
23: 
24: 
25: def require_prime(prime):
26:     # These modest primes also keep all compact linear algebra below int64.
27:     if type(prime) is not int or not 13 < prime <= 65521:
28:         raise ValueError("certificate prime must lie between 13 and 65521")
29:     if any(prime % d == 0 for d in range(2, isqrt(prime) + 1)):
30:         raise ValueError("certificate modulus is not prime")
31: 
32: 
33: def integral_directions():
34:     """Columns e_I + *e_I for lexicographic I containing the time index 0.
35: 
36:     The first 126 sorted components form an identity matrix. Thus the
37:     coordinates are exactly F_{0abcd}, with no 1/2 projector denominators.
38:     """
39:     hodge = hodge_matrix(10, 5, True, 32749)
40:     hodge = np.where(hodge > 32749 // 2, hodge - 32749, hodge)
41:     indices = [k for k, t in enumerate(basis_tuples(10, 5)) if t[0] == 0]
42:     directions = (np.eye(252, dtype=np.int64) + hodge)[:, indices]
43:     if not np.array_equal(directions[indices], np.eye(126, dtype=np.int64)):
44:         raise ValueError("unexpected self-dual coordinate convention")
45:     if not np.array_equal(hodge @ directions, directions):
46:         raise ValueError("integral directions are not self-dual")
47:     return directions, indices
48: 
49: 
50: def context(prime, coordinates):
51:     require_prime(prime)
52:     directions, indices = integral_directions()
53:     a = np.asarray(coordinates)
54:     if a.dtype.kind not in "iu":
55:         raise ValueError("point coordinates must be integers")
56:     if a.shape != (126,) or np.any(a < 0) or np.any(a >= prime):
57:         raise ValueError("point must contain 126 reduced coordinates")
58:     a = a.astype(np.int64)
59:     compact = directions @ a % prime
60:     basis = CompactDerivativeBasis(10, 5, directions, indices, prime)
61:     return to_dense(compact, 10, 5, prime), basis, compact
62: 
63: 
64: def determinant_mod(matrix, prime):
65:     """Python-integer Gaussian determinant; independent of RankSieve."""
66:     require_prime(prime)
67:     rows = [[int(x) % prime for x in row] for row in matrix]
68:     n = len(rows)
69:     if any(len(row) != n for row in rows):
70:         raise ValueError("determinant requires a square matrix")
71:     result = 1
72:     for k in range(n):
73:         pivot = next((i for i in range(k, n) if rows[i][k]), None)
74:         if pivot is None:
75:             return 0
76:         if pivot != k:
77:             rows[k], rows[pivot] = rows[pivot], rows[k]
78:             result = -result
79:         result = result * rows[k][k] % prime
80:         inverse = pow(rows[k][k], -1, prime)
81:         for i in range(k + 1, n):
82:             scale = rows[i][k] * inverse % prime
83:             for j in range(k + 1, n):
84:                 rows[i][j] = (rows[i][j] - scale * rows[k][j]) % prime
85:             rows[i][k] = 0
86:     return result % prime
87: 
88: 
89: def validate_basis(manifest):
90:     items = manifest["invariants"]
91:     if len(items) != 81 or len({x["id"] for x in items}) != 81:
92:         raise ValueError("certificate requires exactly 81 distinct invariant IDs")
93:     if [x["degree"] for x in items] != [4, 6, 6] + [8] * 6 + [10] * 12 + [12] * 60:
94:         raise ValueError("unexpected ordered degree inventory")
95:     for item in items:
96:         graph = from_record(item["graph"])
97:         validate_graph(graph, valence=5, max_mult=4)
98:         if len(graph) != item["degree"] or item["formula_sha256"] != digest(item["graph"]):
99:             raise ValueError("graph degree or formula hash mismatch")
100:         from .graphs import graph_from_label
101:         from .latex import graph_to_latex
102:         if item["adjacency_matrix"] != graph.tolist() or not np.array_equal(graph_from_label(item["label"]), graph):
103:             raise ValueError("graph representations disagree")
104:         if item["einstein_formula"] != graph_to_latex(graph):
105:             raise ValueError("Einstein formula does not match graph")
106:     return items
107: 
108: 
109: def evaluate_item(item, prime, coordinates, max_memory_bytes=2 * 1024**3):
110:     form, basis, _ = context(prime, coordinates)
111:     scalar, row = value_and_jacobian_row(from_record(item["graph"]), form, basis,
112:                                         10, 5, True, prime,
113:                                         max_memory_bytes=max_memory_bytes)
114:     if int(row @ np.asarray(coordinates, dtype=np.int64) % prime) != item["degree"] * scalar % prime:
115:         raise ValueError(f"Euler homogeneity failed for {item['id']}")
116:     return {"id": item["id"], "degree": item["degree"], "value": int(scalar),
117:             "jacobian_row": row.tolist()}
118: 
119: 
120: def make_witness(manifest, prime, seed, coordinates, evaluated):
121:     items = validate_basis(manifest)
122:     if [r["id"] for r in evaluated] != [x["id"] for x in items]:
123:         raise ValueError("evaluated rows do not match the fixed basis")
124:     form, _, compact = context(prime, coordinates)
125:     rows = np.asarray([r["jacobian_row"] for r in evaluated], dtype=np.int64)
126:     if rows.shape != (81, 126):
127:         raise ValueError("Jacobian has wrong shape")
128:     sieve, ranks = RankSieve(126, prime), {}
129:     for item, row in zip(items, rows):
130:         if not sieve.add(row):
131:             raise ValueError(f"fixed basis loses rank at {item['id']}")
132:         ranks[str(item["degree"])] = sieve.rank
133:     columns = sieve.pivots
134:     determinant = determinant_mod(rows[:, columns], prime)
135:     if not determinant:
136:         raise ValueError("minor is zero")
137:     return {"prime": prime, "seed": seed, "basis_sha256": digest(manifest),
138:             "coordinates": list(map(int, coordinates)), "selfdual_components": compact.tolist(),
139:             "invariant_ids": [x["id"] for x in items], "values": [r["value"] for r in evaluated],
140:             "jacobian": rows.tolist(), "pivot_columns": columns,
141:             "determinant_mod_p": determinant, "rank": sieve.rank,
142:             "cumulative_rank_by_degree": ranks, "euler_homogeneity": True}
143: 
144: 
145: def verify_witness(manifest, witness, recompute=False):
146:     items = validate_basis(manifest)
147:     prime = witness["prime"]
148:     require_prime(prime)
149:     if witness["basis_sha256"] != digest(manifest):
150:         raise ValueError("basis hash mismatch")
151:     if witness["invariant_ids"] != [x["id"] for x in items]:
152:         raise ValueError("invariant ordering mismatch")
153:     coordinates = witness["coordinates"]
154:     _, _, compact = context(prime, coordinates)
155:     if witness["selfdual_components"] != compact.tolist():
156:         raise ValueError("self-dual point mismatch")
157:     rows = np.asarray(witness["jacobian"])
158:     values = np.asarray(witness["values"])
159:     if rows.shape != (81, 126) or rows.dtype.kind not in "iu":
160:         raise ValueError("Jacobian must contain 81 by 126 integers")
161:     if values.shape != (81,) or values.dtype.kind not in "iu":
162:         raise ValueError("values must contain 81 integers")
163:     if np.any(rows < 0) or np.any(rows >= prime) or np.any(values < 0) or np.any(values >= prime):
164:         raise ValueError("values and rows must be reduced modulo the prime")
165:     degrees = np.asarray([x["degree"] for x in items], dtype=np.int64)
166:     if not np.array_equal(rows @ np.asarray(coordinates) % prime, degrees * values % prime):
167:         raise ValueError("Euler homogeneity mismatch")
168:     if witness.get("euler_homogeneity") is not True:
169:         raise ValueError("Euler validation metadata mismatch")
170:     columns = witness["pivot_columns"]
171:     if len(columns) != 81 or len(set(columns)) != 81 or any(type(c) is not int or not 0 <= c < 126 for c in columns):
172:         raise ValueError("invalid pivot columns")
173:     determinant = determinant_mod(rows[:, columns], prime)
174:     if determinant == 0 or determinant != witness["determinant_mod_p"]:
175:         raise ValueError("minor determinant mismatch")
176:     sieve, ranks = RankSieve(126, prime), {}
177:     for item, row in zip(items, rows):
178:         sieve.add(row)
179:         ranks[str(item["degree"])] = sieve.rank
180:     if witness["rank"] != 81 or ranks != witness["cumulative_rank_by_degree"]:
181:         raise ValueError("rank metadata mismatch")
182:     if recompute:
183:         for item, saved_row, saved_value in zip(items, rows, values):
184:             fresh = evaluate_item(item, prime, coordinates)
185:             if fresh["value"] != saved_value or fresh["jacobian_row"] != saved_row.tolist():
186:                 raise ValueError(f"graph recomputation mismatch: {item['id']}")
187:     return {"prime": prime, "seed": witness["seed"], "rank": 81,
188:             "determinant_mod_p": determinant, "graph_rows_recomputed": recompute}
