Collecting matplotlib
  Downloading matplotlib-3.11.1-cp313-cp313-macosx_11_0_arm64.whl.metadata (80 kB)
Collecting contourpy>=1.0.1 (from matplotlib)
  Downloading contourpy-1.3.3-cp313-cp313-macosx_11_0_arm64.whl.metadata (5.5 kB)
Collecting cycler>=0.10 (from matplotlib)
  Downloading cycler-0.12.1-py3-none-any.whl.metadata (3.8 kB)
Collecting fonttools>=4.28.2 (from matplotlib)
  Downloading fonttools-4.64.0-cp313-cp313-macosx_10_13_universal2.whl.metadata (123 kB)
Collecting kiwisolver>=1.3.1 (from matplotlib)
  Downloading kiwisolver-1.5.1-cp313-cp313-macosx_11_0_arm64.whl.metadata (5.2 kB)
Collecting numpy>=1.25 (from matplotlib)
  Downloading numpy-2.5.3-cp313-cp313-macosx_14_0_arm64.whl.metadata (6.6 kB)
Collecting packaging>=20.0 (from matplotlib)
  Downloading packaging-26.3-py3-none-any.whl.metadata (3.5 kB)
Collecting pillow>=9 (from matplotlib)
  Downloading pillow-12.3.0-cp313-cp313-macosx_11_0_arm64.whl.metadata (9.1 kB)
Collecting pyparsing>=3 (from matplotlib)
  Downloading pyparsing-3.3.2-py3-none-any.whl.metadata (5.8 kB)
Collecting python-dateutil>=2.7 (from matplotlib)
  Downloading python_dateutil-2.9.0.post0-py2.py3-none-any.whl.metadata (8.4 kB)
Collecting six>=1.5 (from python-dateutil>=2.7->matplotlib)
  Downloading six-1.17.0-py2.py3-none-any.whl.metadata (1.7 kB)
Downloading matplotlib-3.11.1-cp313-cp313-macosx_11_0_arm64.whl (9.3 MB)
   ━━━━━━━━━━━━━━━━━━━━━━━━━━━━━━━━━━━━━━━━ 9.3/9.3 MB 10.5 MB/s eta 0:00:00
Downloading contourpy-1.3.3-cp313-cp313-macosx_11_0_arm64.whl (274 kB)
Downloading cycler-0.12.1-py3-none-any.whl (8.3 kB)
Downloading fonttools-4.64.0-cp313-cp313-macosx_10_13_universal2.whl (3.1 MB)
   ━━━━━━━━━━━━━━━━━━━━━━━━━━━━━━━━━━━━━━━━ 3.1/3.1 MB 9.5 MB/s eta 0:00:00
Downloading kiwisolver-1.5.1-cp313-cp313-macosx_11_0_arm64.whl (64 kB)
Downloading numpy-2.5.3-cp313-cp313-macosx_14_0_arm64.whl (5.4 MB)
   ━━━━━━━━━━━━━━━━━━━━━━━━━━━━━━━━━━━━━━━━ 5.4/5.4 MB 12.3 MB/s eta 0:00:00
Downloading packaging-26.3-py3-none-any.whl (129 kB)
Downloading pillow-12.3.0-cp313-cp313-macosx_11_0_arm64.whl (4.8 MB)
   ━━━━━━━━━━━━━━━━━━━━━━━━━━━━━━━━━━━━━━━━ 4.8/4.8 MB 20.9 MB/s eta 0:00:00
Downloading pyparsing-3.3.2-py3-none-any.whl (122 kB)
Downloading python_dateutil-2.9.0.post0-py2.py3-none-any.whl (229 kB)
Downloading six-1.17.0-py2.py3-none-any.whl (11 kB)
Installing collected packages: six, pyparsing, pillow, packaging, numpy, kiwisolver, fonttools, cycler, python-dateutil, contourpy, matplotlib

Successfully installed contourpy-1.3.3 cycler-0.12.1 fonttools-4.64.0 kiwisolver-1.5.1 matplotlib-3.11.1 numpy-2.5.3 packaging-26.3 pillow-12.3.0 pyparsing-3.3.2 python-dateutil-2.9.0.post0 six-1.17.0
