Collecting numpy==2.5.1 (from -r requirements-lock.txt (line 1))
  Downloading numpy-2.5.1-cp313-cp313-macosx_14_0_arm64.whl.metadata (6.6 kB)
Collecting pynauty==2.8.8.1 (from -r requirements-lock.txt (line 2))
  Downloading pynauty-2.8.8.1.tar.gz (2.3 MB)
     ━━━━━━━━━━━━━━━━━━━━━━━━━━━━━━━━━━━━━━━━ 2.3/2.3 MB 68.3 MB/s eta 0:00:00
  Installing build dependencies: started
  Installing build dependencies: finished with status 'done'
  Getting requirements to build wheel: started
  Getting requirements to build wheel: finished with status 'done'
  Preparing metadata (pyproject.toml): started
  Preparing metadata (pyproject.toml): finished with status 'done'
Collecting pytest==9.1.1 (from -r requirements-lock.txt (line 3))
  Downloading pytest-9.1.1-py3-none-any.whl.metadata (7.6 kB)
Collecting opt_einsum>=3.3 (from -r requirements.txt (line 9))
  Downloading opt_einsum-3.4.0-py3-none-any.whl.metadata (6.3 kB)
Collecting iniconfig>=1.0.1 (from pytest==9.1.1->-r requirements-lock.txt (line 3))
  Downloading iniconfig-2.3.0-py3-none-any.whl.metadata (2.5 kB)
Collecting packaging>=22 (from pytest==9.1.1->-r requirements-lock.txt (line 3))
  Downloading packaging-26.3-py3-none-any.whl.metadata (3.5 kB)
Collecting pluggy<2,>=1.5 (from pytest==9.1.1->-r requirements-lock.txt (line 3))
  Downloading pluggy-1.6.0-py3-none-any.whl.metadata (4.8 kB)
Collecting pygments>=2.7.2 (from pytest==9.1.1->-r requirements-lock.txt (line 3))
  Downloading pygments-2.21.0-py3-none-any.whl.metadata (2.5 kB)
Downloading numpy-2.5.1-cp313-cp313-macosx_14_0_arm64.whl (5.3 MB)
   ━━━━━━━━━━━━━━━━━━━━━━━━━━━━━━━━━━━━━━━━ 5.3/5.3 MB 77.7 MB/s eta 0:00:00
Downloading pytest-9.1.1-py3-none-any.whl (386 kB)
Downloading pluggy-1.6.0-py3-none-any.whl (20 kB)
Downloading opt_einsum-3.4.0-py3-none-any.whl (71 kB)
Downloading iniconfig-2.3.0-py3-none-any.whl (7.5 kB)
Downloading packaging-26.3-py3-none-any.whl (129 kB)
Downloading pygments-2.21.0-py3-none-any.whl (1.3 MB)
   ━━━━━━━━━━━━━━━━━━━━━━━━━━━━━━━━━━━━━━━━ 1.3/1.3 MB 56.7 MB/s eta 0:00:00
Building wheels for collected packages: pynauty
  Building wheel for pynauty (pyproject.toml): started
  Building wheel for pynauty (pyproject.toml): finished with status 'done'
  Created wheel for pynauty: filename=pynauty-2.8.8.1-cp313-cp313-macosx_10_13_universal2.whl size=166538 sha256=1115631c4d18b01d97d79f23f6289635237f35f92a2a79d8dd5c6962782c14b3
  Stored in directory: /private/var/folders/f4/8spnm17n3g9cvbpydqnw8m380000gn/T/pip-ephem-wheel-cache-w6lucu74/wheels/9c/bf/ad/53af768695ff5cff061e7753d722302e415ea4d4265619fc23
Successfully built pynauty
Installing collected packages: pynauty, pygments, pluggy, packaging, opt_einsum, numpy, iniconfig, pytest

Successfully installed iniconfig-2.3.0 numpy-2.5.1 opt_einsum-3.4.0 packaging-26.3 pluggy-1.6.0 pygments-2.21.0 pynauty-2.8.8.1 pytest-9.1.1
