START 32749 202609071702
DONE 32749 202609071702 {'form_blocks': 0.8198790829628706, 'source_scalars': 2.1792757500661537, 'graph_scalars': 4.146729124942794}
START 32749 202609071703
DONE 32749 202609071703 {'form_blocks': 0.843909207964316, 'source_scalars': 2.5539450839860365, 'graph_scalars': 4.019960000063293}
START 32749 202609071704
DONE 32749 202609071704 {'form_blocks': 0.7859101250069216, 'source_scalars': 4.104685042053461, 'graph_scalars': 4.166453875019215}
START 32749 202609071705
DONE 32749 202609071705 {'form_blocks': 0.9475360839860514, 'source_scalars': 2.222528125043027, 'graph_scalars': 3.2000758750364184}
START 32749 202609071706
DONE 32749 202609071706 {'form_blocks': 0.7705482909223065, 'source_scalars': 2.115855540963821, 'graph_scalars': 2.6054969580145553}
START 32749 202609071707
DONE 32749 202609071707 {'form_blocks': 0.5575373329920694, 'source_scalars': 1.759022458922118, 'graph_scalars': 2.7165599579457194}
START 32749 202609071708
DONE 32749 202609071708 {'form_blocks': 0.6000939169898629, 'source_scalars': 1.6621442079776898, 'graph_scalars': 2.715907167061232}
START 32749 202609071709
DONE 32749 202609071709 {'form_blocks': 0.5746380420168862, 'source_scalars': 1.654943666071631, 'graph_scalars': 2.989563582930714}
START 32749 202609071710
DONE 32749 202609071710 {'form_blocks': 0.5857238749740645, 'source_scalars': 1.6050852079642937, 'graph_scalars': 2.5964382919482887}
START 32749 202609071711
DONE 32749 202609071711 {'form_blocks': 0.535832375055179, 'source_scalars': 1.7753810420399532, 'graph_scalars': 2.5823600830044597}
START 32749 202609071712
DONE 32749 202609071712 {'form_blocks': 0.5602951659820974, 'source_scalars': 1.7119813340250403, 'graph_scalars': 2.413722249912098}
START 32749 202609071713
DONE 32749 202609071713 {'form_blocks': 0.5592888329410926, 'source_scalars': 1.706812374992296, 'graph_scalars': 2.495047542033717}
START 32749 202609071714
DONE 32749 202609071714 {'form_blocks': 0.5361883749719709, 'source_scalars': 1.620340459048748, 'graph_scalars': 2.431710666976869}
START 32749 202609071715
DONE 32749 202609071715 {'form_blocks': 0.6025182079756632, 'source_scalars': 1.65199008397758, 'graph_scalars': 2.5685982910217717}
START 32749 202609071716
DONE 32749 202609071716 {'form_blocks': 0.5745594999752939, 'source_scalars': 1.681434000027366, 'graph_scalars': 2.6194291670108214}
