START binary 32749 202609073000
DONE binary 32749 202609073000 6.360500500071794
START binary 32749 202609073001
DONE binary 32749 202609073001 6.285649582976475
START binary 32749 202609073002
DONE binary 32749 202609073002 6.946142499917187
START binary 32749 202609073003
DONE binary 32749 202609073003 5.906595375039615
START binary 32749 202609073004
DONE binary 32749 202609073004 5.779816208058037
START binary 32749 202609073005
DONE binary 32749 202609073005 6.091586249996908
START binary 32749 202609073006
DONE binary 32749 202609073006 6.694210959016345
START binary 32749 202609073007
DONE binary 32749 202609073007 5.650537500041537
START binary 32749 202609073008
DONE binary 32749 202609073008 6.314446875010617
START binary 32749 202609073009
DONE binary 32749 202609073009 6.184254207997583
START binary 32749 202609073010
DONE binary 32749 202609073010 6.495491000008769
START binary 32749 202609073011
DONE binary 32749 202609073011 6.400323000038043
START binary 32749 202609073012
DONE binary 32749 202609073012 7.105686582974158
START binary 32749 202609073013
DONE binary 32749 202609073013 8.122133000055328
