#!/usr/bin/env python3
"""Check saved exact witnesses; --recompute independently reruns every graph."""

import argparse
import json
from pathlib import Path
import sys

ROOT = Path(__file__).resolve().parents[1]
sys.path.insert(0, str(ROOT / "src"))

from sdinv.certificate import digest, integral_directions, verify_witness


def verify(manifest, certificate, recompute=False):
    directions, indices = integral_directions()
    if certificate.get("schema") != 1 or certificate.get("complete") is not True:
        raise ValueError("certificate is incomplete or unsupported")
    if certificate["basis_sha256"] != digest(manifest):
        raise ValueError("certificate basis hash mismatch")
    if certificate["integral_directions_sha256"] != digest(directions.tolist()) or certificate["coordinate_component_indices"] != indices:
        raise ValueError("coordinate convention mismatch")
    cells = [[w["prime"], w["seed"]] for w in certificate["witnesses"]]
    if cells != certificate["planned_cells"] or len({tuple(c) for c in cells}) != len(cells):
        raise ValueError("missing, reordered or duplicate witness cells")
    if len({p for p, _ in cells}) < 2 or len({s for _, s in cells}) < 2:
        raise ValueError("release gate requires at least two primes and two seeds")
    return [verify_witness(manifest, witness, recompute) for witness in certificate["witnesses"]]


def main():
    parser = argparse.ArgumentParser(description=__doc__)
    parser.add_argument("--basis", default=str(ROOT / "results/rank81_basis.json"))
    parser.add_argument("--certificate", default=str(ROOT / "results/rank81_certificate.json"))
    parser.add_argument("--recompute", action="store_true")
    args = parser.parse_args()
    manifest = json.loads(Path(args.basis).read_text())
    certificate = json.loads(Path(args.certificate).read_text())
    results = verify(manifest, certificate, args.recompute)
    print(json.dumps({"passed": True, "mode": "graph_recomputation" if args.recompute else "saved_matrix_verification", "witnesses": results}, indent=2))


if __name__ == "__main__":
    main()
#!/usr/bin/env python3
"""Export the same fixed 81 ordered graph formulas used by the certificate."""

import argparse
import json
from pathlib import Path
import sys

ROOT = Path(__file__).resolve().parents[1]
sys.path.insert(0, str(ROOT / "src"))

from sdinv.catalog import atomic_write_json
from sdinv.certificate import digest, validate_basis
from sdinv.contract import contraction_plan_profile
from sdinv.graphs import graph_from_label
from sdinv.latex import graph_to_latex, factor_lines
from sdinv.serialize import to_record


def export_basis():
    items, sources = [], {}
    for degree in (8, 10, 12):
        path = ROOT / "results" / f"10d_order{degree}.json"
        data = json.loads(path.read_text())
        sources[str(path.relative_to(ROOT))] = digest(data)
        for item in data["generators"]:
            if degree == 12 and not item["functional_increment"]:
                continue
            matrix = graph_from_label(item["graph"])
            record = to_record(matrix)
            items.append({"id": item["id"], "degree": item["order"],
                          "graph": record, "label": item["graph"],
                          "formula_sha256": digest(record),
                          "adjacency_matrix": matrix.tolist(),
                          "einstein_formula": graph_to_latex(matrix),
                          "contraction_cost": contraction_plan_profile(matrix, 10, 5)})
    manifest = {"schema": 1, "invariants": items, "sources": sources,
                "metric": [-1] + [1] * 9,
                "formula_convention": "Lexicographic edges and slots; incoming indices raised, outgoing indices lowered; one metric per edge.",
                "scope": "81 generically algebraically independent invariants; local generic coordinates, not global orbit separation or the full invariant ring."}
    validate_basis(manifest)
    return manifest


def main():
    parser = argparse.ArgumentParser(description=__doc__)
    parser.add_argument("--out", default=str(ROOT / "results/rank81_basis.json"))
    parser.add_argument("--latex-out", default=str(ROOT / "paper/tables/rank81_formulas.tex"))
    parser.add_argument("--certificate", type=Path, default=ROOT / "results/rank81_certificate.json")
    parser.add_argument("--cells-out", type=Path, default=ROOT / "paper/tables/certificate_cells.tex")
    args = parser.parse_args()
    manifest = export_basis()
    atomic_write_json(args.out, manifest)
    lines = ["% Generated by scripts/graph_to_latex.py; do not edit."]
    for item in manifest["invariants"]:
        matrix = graph_from_label(item["label"])
        lines += [rf"\paragraph{{\texttt{{{item['id'].replace('_', r'\_')}}}}}",
                  r"\begin{equation*}\begin{aligned}",
                  "&" + factor_lines(matrix), r"\end{aligned}\end{equation*}"]
    path = Path(args.latex_out)
    path.parent.mkdir(parents=True, exist_ok=True)
    path.write_text("\n".join(lines) + "\n")
    if args.certificate.exists():
        certificate = json.loads(args.certificate.read_text())
        if certificate.get("complete") and certificate["basis_sha256"] == digest(manifest):
            cells = [r"\begin{center}\begin{tabular}{rrrr}",
                     r"\toprule Prime & Seed & Rank & $\det J_*\bmod p$\\\midrule"]
            for witness in certificate["witnesses"]:
                cells.append(f"{witness['prime']} & {witness['seed']} & {witness['rank']} & {witness['determinant_mod_p']}" + r"\\")
            cells.append(r"\bottomrule\end{tabular}\end{center}")
            args.cells_out.parent.mkdir(parents=True, exist_ok=True)
            args.cells_out.write_text("\n".join(cells) + "\n")
    print(f"Exported {len(manifest['invariants'])} formulas; basis SHA256 {digest(manifest)}")


if __name__ == "__main__":
    main()
#!/usr/bin/env python3
"""Check every fixed graph under an exact spatial rotation and a genuine boost."""

import json
from pathlib import Path
import sys

ROOT = Path(__file__).resolve().parents[1]
sys.path.insert(0, str(ROOT / "src"))

import numpy as np
from sdinv.catalog import atomic_write_json
from sdinv.certificate import context, digest, validate_basis
from sdinv.contract import planned_value
from sdinv.serialize import from_record
from sdinv.published_degree8_invariants import evaluate_selected_basis


def transform(form, matrix, prime):
    for axis in range(5):
        # A sum of ten reduced products fits exactly in int64 for our primes.
        form = np.moveaxis(np.tensordot(matrix, form, axes=(1, axis)), 0, axis) % prime
    return form


def main():
    manifest = json.loads((ROOT / "results/rank81_basis.json").read_text())
    certificate = json.loads((ROOT / "results/rank81_certificate.json").read_text())
    if not certificate["complete"]:
        raise ValueError("finish the rank certificate first")
    items = validate_basis(manifest)
    witness = certificate["witnesses"][0]
    prime = witness["prime"]
    form, _, _ = context(prime, witness["coordinates"])
    eta = np.diag([-1] + [1] * 9)
    rotations = {}
    rotation = np.eye(10, dtype=np.int64)
    t = 5
    c, s = (1 - t*t) * pow(1 + t*t, -1, prime) % prime, 2*t * pow(1 + t*t, -1, prime) % prime
    rotation[2, 2], rotation[3, 3], rotation[2, 3], rotation[3, 2] = c, c, s, -s % prime
    rotations["spatial_rotation"] = rotation
    boost = np.eye(10, dtype=np.int64)
    t = 7
    c, s = (1 + t*t) * pow(1 - t*t, -1, prime) % prime, 2*t * pow(1 - t*t, -1, prime) % prime
    boost[0, 0], boost[1, 1], boost[0, 1], boost[1, 0] = c, c, s, s
    rotations["lorentz_boost"] = boost
    tensor_values = evaluate_selected_basis(form, prime)
    result = {"schema": 1, "prime": prime, "seed": witness["seed"],
              "basis_sha256": digest(manifest), "checks": {}, "passed": False}
    for name, matrix in rotations.items():
        if not np.array_equal(matrix.T @ eta @ matrix % prime, eta % prime):
            raise ValueError("test matrix is not Lorentz")
        transformed = transform(form, matrix, prime)
        matched = []
        for item, expected in zip(items, witness["values"]):
            scalar = planned_value(from_record(item["graph"]), transformed, 10, 5, True, prime,
                                   max_memory_bytes=2 * 1024**3)
            if scalar != expected:
                raise ValueError(f"{name} fails for {item['id']}")
            matched.append(item["id"])
        if evaluate_selected_basis(transformed, prime) != tensor_values:
            raise ValueError(f"{name} fails for selected literature basis")
        result["checks"][name] = {"matrix": matrix.tolist(), "matched_invariants": matched,
                                   "literature_order8_basis_matched": True}
        print(f"PASS: {name}, all {len(matched)} graphs and six literature tensors", flush=True)
    result["passed"] = True
    atomic_write_json(ROOT / "results/rank81_lorentz.json", result)


if __name__ == "__main__":
    main()
scripts/search_rank81.py:26:from sdinv.checkpoint import load_checkpoint, write_checkpoint
scripts/search_rank81.py:30:def _job(args):
scripts/search_rank81.py:34:def evaluate_cell(manifest, prime, seed, checkpoint_dir, workers):
scripts/search_rank81.py:42:    checkpoint = checkpoint_dir / f"p{prime}_s{seed}.json"
scripts/search_rank81.py:43:    state = load_checkpoint(checkpoint, identity) if checkpoint.exists() else {"evaluated": [], "pivots": [], "rank": 0}
scripts/search_rank81.py:47:        raise ValueError("checkpoint is not a prefix of the fixed basis")
scripts/search_rank81.py:51:            raise ValueError("checkpoint contains dependent rows")
scripts/search_rank81.py:53:        raise ValueError("checkpoint pivot metadata mismatch")
scripts/search_rank81.py:66:                write_checkpoint(checkpoint, identity, state)
scripts/search_rank81.py:77:def main():
scripts/search_rank81.py:81:    parser.add_argument("--checkpoint-dir", type=Path, default=ROOT / "work/rank81")
scripts/search_rank81.py:95:                   "proof": "Each graph is an integer polynomial in A. A nonzero 81x81 Jacobian minor modulo a prime proves generic characteristic-zero rank at least 81. The known quotient dimension supplies the upper bound; this is not a full invariant-ring presentation or a global coordinate chart.",
scripts/search_rank81.py:100:        certificate["witnesses"].append(evaluate_cell(manifest, prime, seed, args.checkpoint_dir, args.workers))
scripts/map_literature_basis.py:2:"""Exact finite-field basis comparisons with explicit product directions.
scripts/map_literature_basis.py:26:def rational_rank(matrix):
scripts/map_literature_basis.py:46:def inverse(matrix):
scripts/map_literature_basis.py:64:def reduce_matrix(matrix, prime):
scripts/map_literature_basis.py:69:def _sample8(prime, seed, graph_items):
scripts/map_literature_basis.py:80:def order8(out, cache_dir):
scripts/map_literature_basis.py:119:              "product": "I4_1^2 (repository normalization)",
scripts/map_literature_basis.py:123:              "primitive_quotient_matrix_6x6": [[str(x) for x in row[:6]] for row in graph_to_tensor[:6]],
scripts/map_literature_basis.py:124:              "product_correction": [str(row[6]) for row in graph_to_tensor[:6]],
scripts/map_literature_basis.py:125:              "exact_6x6_without_products": all(row[6] == 0 for row in graph_to_tensor[:6]),
scripts/map_literature_basis.py:134:def order10(out):
scripts/map_literature_basis.py:145:    products = [[int(i == j) for i in range(len(names))] for j, name in enumerate(names) if "*" in name]
scripts/map_literature_basis.py:146:    b_rank, p_rank, union_rank = rational_rank(matrices), rational_rank(products), rational_rank(matrices + products)
scripts/map_literature_basis.py:149:              "literature_basis": ids, "graph_and_product_basis": names,
scripts/map_literature_basis.py:152:              "published_span_rank": b_rank, "product_span_rank": p_rank,
scripts/map_literature_basis.py:154:              "primitive_quotient_rank": union_rank - p_rank,
scripts/map_literature_basis.py:161:    print(f"PASS: degree-10 rational map has ranks published={b_rank}, products={p_rank}, union={union_rank}")
scripts/map_literature_basis.py:164:def main():
src/sdinv/graph_to_tensor.py:41:def parse_graph_label(label):
src/sdinv/graph_to_tensor.py:71:def index_specification(matrix):
src/sdinv/graph_to_tensor.py:98:def to_latex(matrix, form_symbol="F"):
src/sdinv/graph_to_tensor.py:110:def contraction_specification(label):
src/sdinv/graph_to_tensor.py:131:def dense_evaluate(label, five_form_dense, lorentzian=True, mod=P):
src/sdinv/certificate.py:21:def digest(data):
src/sdinv/certificate.py:25:def require_prime(prime):
src/sdinv/certificate.py:33:def integral_directions():
src/sdinv/certificate.py:50:def context(prime, coordinates):
src/sdinv/certificate.py:64:def determinant_mod(matrix, prime):
src/sdinv/certificate.py:89:def validate_basis(manifest):
src/sdinv/certificate.py:109:def evaluate_item(item, prime, coordinates, max_memory_bytes=2 * 1024**3):
src/sdinv/certificate.py:115:        raise ValueError(f"Euler homogeneity failed for {item['id']}")
src/sdinv/certificate.py:120:def make_witness(manifest, prime, seed, coordinates, evaluated):
src/sdinv/certificate.py:142:            "cumulative_rank_by_degree": ranks, "euler_homogeneity": True}
src/sdinv/certificate.py:145:def verify_witness(manifest, witness, recompute=False):
src/sdinv/certificate.py:167:        raise ValueError("Euler homogeneity mismatch")
src/sdinv/certificate.py:168:    if witness.get("euler_homogeneity") is not True:
src/sdinv/certificate.py:169:        raise ValueError("Euler validation metadata mismatch")
src/sdinv/catalog.py:26:def atomic_write_json(path, data):
src/sdinv/catalog.py:52:def canonical_graph_id(M):
src/sdinv/catalog.py:61:def candidate_record(M, **extra):
src/sdinv/catalog.py:71:def default_manifest_path(shard_path):
src/sdinv/catalog.py:76:def write_graph_shard(shard_path, graphs, generation, manifest_path=None,
src/sdinv/catalog.py:138:def load_manifest(path):
src/sdinv/catalog.py:146:def iter_graph_shard(shard_path, manifest_path=None, verify=True):
src/sdinv/catalog.py:173:def verify_graph_shard(shard_path, manifest_path=None):
src/sdinv/contract.py:14:n tensor-network contractions per graph. The production path below contracts
src/sdinv/contract.py:17:amputated implementation remains as a small-case correctness oracle.
src/sdinv/contract.py:34:def _apply_sign(T, axis, s, mod):
src/sdinv/contract.py:40:def _slot_plan(M, valence):
src/sdinv/contract.py:59:def _signed(T, axes, s, mod):
src/sdinv/contract.py:65:def evaluate(M, tensors, d, valence, lorentzian=True, mod=P):
src/sdinv/contract.py:73:def amputated(M, F_dense, v, d, valence, lorentzian=True, mod=P):
src/sdinv/contract.py:88:def jacobian_row_amputated(M, F_dense, basis_flat, d, valence,
src/sdinv/contract.py:100:def _optimal_contraction_tree_cached(terms, operand_shapes):
src/sdinv/contract.py:193:def _optimal_contraction_tree(terms, operand_shapes):
src/sdinv/contract.py:198:def contraction_plan_cost(M, d, valence):
src/sdinv/contract.py:207:def _contraction_plan_profile(terms, operand_shapes, itemsize=8):
src/sdinv/contract.py:288:def contraction_plan_profile(M, d, valence, itemsize=8):
src/sdinv/contract.py:296:def greedy_contraction_plan_cost(M, d, valence):
src/sdinv/contract.py:334:def _network_value_gradient(terms, operands, mod=P, plan_profile=None,
src/sdinv/contract.py:400:def _network_value(terms, operands, mod=P, max_memory_bytes=None):
src/sdinv/contract.py:449:def _network_gradient(terms, operands, mod=P):
src/sdinv/contract.py:454:def value_and_jacobian_row(M, F_dense, basis_flat, d, valence,
src/sdinv/contract.py:461:    amputated implementation and is a small-case correctness oracle.
src/sdinv/contract.py:503:def jacobian_row(M, F_dense, basis_flat, d, valence,
src/sdinv/contract.py:518:def value(M, F_dense, d, valence, lorentzian=True, mod=P):
src/sdinv/contract.py:522:def planned_value(M, F_dense, d, valence, lorentzian=True, mod=P,
src/sdinv/contract.py:545:def build_basis_flat(d, p_deg, projector=None, mod=P):
src/sdinv/contract.py:565:    small compact matrix product.
src/sdinv/contract.py:602:def _project_gradient(basis, gradient, mod):
src/sdinv/contract.py:610:def build_compact_derivative_basis(d, p_deg, projector=None, mod=P,
src/sdinv/checkpoint.py:1:"""Durable, identity-checked checkpoints for long exact computations."""
src/sdinv/checkpoint.py:15:def _canonical_json(data):
src/sdinv/checkpoint.py:21:def write_checkpoint(path, identity, state):
src/sdinv/checkpoint.py:36:def load_checkpoint_payload(path, expected_identity=None):
src/sdinv/checkpoint.py:37:    """Load and verify the complete checkpoint payload."""
src/sdinv/checkpoint.py:43:        raise ValueError(f"missing checkpoint payload in {path}")
src/sdinv/checkpoint.py:45:        raise ValueError(f"unsupported checkpoint schema in {path}")
src/sdinv/checkpoint.py:48:        raise ValueError(f"checkpoint checksum mismatch in {path}")
src/sdinv/checkpoint.py:53:        raise ValueError(f"checkpoint run identity mismatch in {path}")
src/sdinv/checkpoint.py:57:def load_checkpoint(path, expected_identity=None):
src/sdinv/checkpoint.py:58:    """Load checkpoint state, rejecting corruption or incompatible settings."""
src/sdinv/checkpoint.py:59:    return load_checkpoint_payload(path, expected_identity)["state"]
src/sdinv/forms.py:19:def basis_tuples(d, p):
src/sdinv/forms.py:24:def metric_signs(d, lorentzian=True):
src/sdinv/forms.py:32:def perm_sign(perm):
src/sdinv/forms.py:51:def to_dense(vec, d, p_deg, mod=P):
src/sdinv/forms.py:65:def random_form(d, p_deg, rng, mod=P):
src/sdinv/forms.py:71:def hodge_matrix(d, p_deg, lorentzian=True, mod=P):
src/sdinv/forms.py:93:def selfdual_projector(d, p_deg, lorentzian=True, mod=P):
src/sdinv/forms.py:104:def check_star_squared(d, p_deg, lorentzian=True, mod=P):
src/sdinv/index_symmetry_ops.py:34:def permutation_sign(perm):
src/sdinv/index_symmetry_ops.py:83:def apply_bracket(tensor, op, mod=P):
src/sdinv/index_symmetry_ops.py:104:def _factorial(n):
src/sdinv/graphs.py:21:Only CONNECTED graphs are kept: a disconnected graph is a product of lower
src/sdinv/graphs.py:42:def _connected(M):
src/sdinv/graphs.py:54:def _canonical_exact(M):
src/sdinv/graphs.py:65:def _canonical_nauty(M):
src/sdinv/graphs.py:99:def canonical(M):
src/sdinv/graphs.py:109:def enumerate_graphs(n, valence, max_mult=None, connected_only=True):
src/sdinv/graphs.py:147:def graph_label(M):
src/sdinv/graphs.py:156:def graph_from_label(label):
src/sdinv/graphs.py:190:def validate_graph(M, valence, max_mult, connected_only=True):
src/sdinv/graphs.py:205:def _parse_multig_t(line):
src/sdinv/graphs.py:220:def graph_to_record(M):
src/sdinv/graphs.py:234:def graph_from_record(record):
src/sdinv/graphs.py:249:def iter_graphs_nauty(n, valence, max_mult, geng="geng",
src/sdinv/graphs.py:321:def generate_graphs_nauty(n, valence, max_mult, geng="geng",
src/sdinv/graphs.py:335:def load_graph_catalog(path, order):
src/sdinv/projection_checkpoint.py:1:"""Durable, resumable checkpointing for atlas-column projections.
src/sdinv/projection_checkpoint.py:22:    checkpoints/p12/
src/sdinv/projection_checkpoint.py:47:def _checksum(payload):
src/sdinv/projection_checkpoint.py:53:def atomic_write_json(path, payload):
src/sdinv/projection_checkpoint.py:73:def _source_of(obj):
src/sdinv/projection_checkpoint.py:81:def block_fingerprint():
src/sdinv/projection_checkpoint.py:96:def evaluator_fingerprint(evaluator, include_blocks=True):
src/sdinv/projection_checkpoint.py:111:def peak_rss_mb():
src/sdinv/projection_checkpoint.py:127:def current_rss_mb():
src/sdinv/projection_checkpoint.py:139:    """Column-level checkpoint store for one projection run."""
src/sdinv/projection_checkpoint.py:162:        # this ran, which is the opposite of what a checkpoint is for.
src/sdinv/projection_checkpoint.py:170:        for key in ("atlas_sha256", "basis_sha256", "quotient_sha256",
src/sdinv/projection_checkpoint.py:176:                        f"checkpoint identity mismatch on {key!r}: stored "
src/sdinv/interaction.py:4:engine.  It reuses that engine's reverse contraction primitive without
src/sdinv/interaction.py:30:def value_and_dense_gradient(matrix, five_form, d, valence,
src/sdinv/interaction.py:66:def covariant_antisymmetric_gradient(ambient, d, valence,
src/sdinv/interaction.py:89:def anti_selfdual_projector(d, valence, lorentzian=True, mod=P):
src/sdinv/interaction.py:98:def invariant_value_and_derivative(matrix, five_form, d=10, valence=5,
src/sdinv/interaction.py:130:def _network_value_gradient_hvp(terms, operands, tangents, mod=P):
src/sdinv/interaction.py:131:    """Forward-over-reverse contraction returning leaf Hessian products."""
src/sdinv/interaction.py:252:def invariant_value_derivative_hvp(matrix, five_form, direction, d=10,
src/sdinv/exactmap.py:23:def rank_mod(matrix, mod):
src/sdinv/exactmap.py:48:def solve_full_column_rank(matrix, target, mod):
src/sdinv/exactmap.py:96:def independent_row_indices(matrix, mod):
src/sdinv/exactmap.py:112:def _crt_pair(a, modulus_a, b, modulus_b):
src/sdinv/exactmap.py:121:def crt(residues, moduli):
src/sdinv/exactmap.py:133:def rational_reconstruct(residue, modulus):
src/sdinv/exactmap.py:148:        quotient = old_r // r
src/sdinv/exactmap.py:149:        old_r, r = r, old_r - quotient * r
src/sdinv/exactmap.py:150:        old_t, t = t, old_t - quotient * t
src/sdinv/exactmap.py:168:def reconstruct_vector(vectors, primes):
src/sdinv/exactmap.py:197:def fraction_record(value):
src/sdinv/exactmap.py:206:def sample_selfdual_five_form(seed, prime):
src/sdinv/exactmap.py:215:def trace_targets(five_form, mod, extra_targets=()):
src/sdinv/exactmap.py:257:def compute_degree_map(registry, degree, primes=DEFAULT_PRIMES,
src/sdinv/exactmap.py:355:def select_standard_complement(stress_rows):
src/sdinv/exactmap.py:410:def rational_target_rows(degree_map):
src/sdinv/invariant_registry.py:8:product directions are already determined by the verified lower-degree
src/sdinv/invariant_registry.py:9:generators, while the 62 primitive slots intentionally have no formula until
src/sdinv/invariant_registry.py:53:        if self.kind == "product" and not self.factors:
src/sdinv/invariant_registry.py:54:            raise ValueError(f"product item {self.id!r} has no factors")
src/sdinv/invariant_registry.py:56:            "graph", "graph_record", "product", "placeholder"
src/sdinv/invariant_registry.py:79:                if item.kind == "product":
src/sdinv/invariant_registry.py:86:                            f"unknown product factor: {exc.args[0]!r}") from exc
src/sdinv/invariant_registry.py:89:                            f"{item.id}: product degree {factor_degree}, "
src/sdinv/invariant_registry.py:193:    def with_degree12_primitives(self, primitives):
src/sdinv/invariant_registry.py:194:        """Return a copy with exactly 62 imported degree-12 primitives.
src/sdinv/invariant_registry.py:196:        Each primitive must be a concrete ``InvariantItem`` of degree 12.
src/sdinv/invariant_registry.py:200:        primitives = tuple(primitives)
src/sdinv/invariant_registry.py:201:        if len(primitives) != 62:
src/sdinv/invariant_registry.py:202:            raise ValueError("the degree-12 import requires 62 primitives")
src/sdinv/invariant_registry.py:204:               for item in primitives):
src/sdinv/invariant_registry.py:206:                "degree-12 primitives must use concrete degree-12 "
src/sdinv/invariant_registry.py:209:        degrees[12] = degree12_product_items() + primitives
src/sdinv/invariant_registry.py:213:def _load_json(path):
src/sdinv/invariant_registry.py:218:def load_verified_registry(repository_root):
src/sdinv/invariant_registry.py:254:                kind="product",
src/sdinv/invariant_registry.py:265:                kind="product",
src/sdinv/invariant_registry.py:272:                kind="product",
src/sdinv/invariant_registry.py:288:def degree12_product_items():
src/sdinv/invariant_registry.py:289:    """The complete ten-dimensional product space at degree 12."""
src/sdinv/invariant_registry.py:294:            kind="product",
src/sdinv/invariant_registry.py:301:            kind="product",
src/sdinv/invariant_registry.py:308:            kind="product",
src/sdinv/invariant_registry.py:315:            kind="product",
src/sdinv/invariant_registry.py:324:            kind="product",
src/sdinv/invariant_registry.py:333:def degree12_placeholder_items():
src/sdinv/invariant_registry.py:334:    """Return 62 labeled primitive slots for schema/adapter tests."""
src/sdinv/invariant_registry.py:337:            id=f"I12_primitive_{index:02d}",
src/sdinv/invariant_registry.py:346:def load_verified_registry_through_degree12(repository_root):
src/sdinv/invariant_registry.py:354:    primitives = tuple(
src/sdinv/invariant_registry.py:364:    extended = load_verified_registry(root).with_degree12_primitives(
src/sdinv/invariant_registry.py:365:        primitives)
src/sdinv/primitive.py:16:def product_monomials(generators, degree):
src/sdinv/primitive.py:20:    The returned list is not a claim of product-space dimension.
src/sdinv/primitive.py:54:        self.product_ids, self.primitive_ids = [], []
src/sdinv/primitive.py:56:    def add(self, invariant_id, vector, *, product=False):
src/sdinv/primitive.py:57:        if product and self.primitive_ids:
src/sdinv/primitive.py:58:            raise ValueError("seed the entire product span before candidates")
src/sdinv/primitive.py:63:            (self.product_ids if product else self.primitive_ids).append(invariant_id)
src/sdinv/published_degree12_invariants.py:24:These are built from the repository's existing, tested primitives rather than
src/sdinv/published_degree12_invariants.py:53:def _m_lower_and_mixed(five_form, mod, backend):
src/sdinv/published_degree12_invariants.py:57:def p12_01_trM6(five_form, mod=P, backend="optimized"):
src/sdinv/published_degree12_invariants.py:63:def _m3_lower(five_form, mod, backend):
src/sdinv/published_degree12_invariants.py:71:def p12_02_m3_n4125mm(five_form, mod=P, backend="optimized"):
src/sdinv/published_degree12_invariants.py:78:def p12_03_n4125mm_squared(five_form, mod=P, backend="optimized"):
src/sdinv/published_degree12_invariants.py:109:def evaluate_all(five_form, mod=P, backend="optimized"):
src/sdinv/formal_flow.py:62:def _canonical_monomial(monomial, variable_order):
src/sdinv/formal_flow.py:67:def _add_matrix_term(polynomial, key, value, mod):
src/sdinv/formal_flow.py:75:def _matrix_polynomial_product(left, right, variable_order, mod,
src/sdinv/formal_flow.py:94:def _matrix_polynomial_product_directional(
src/sdinv/formal_flow.py:103:    primal = _matrix_polynomial_product(
src/sdinv/formal_flow.py:110:        partial = _matrix_polynomial_product(
src/sdinv/formal_flow.py:117:def _add_scalar_term(polynomial, key, value, mod):
src/sdinv/formal_flow.py:123:def _scalar_polynomial_product(left, right, variable_order, mod,
src/sdinv/formal_flow.py:142:def _scalar_polynomial_product_directional(
src/sdinv/formal_flow.py:151:    primal = _scalar_polynomial_product(
src/sdinv/formal_flow.py:158:        partial = _scalar_polynomial_product(
src/sdinv/formal_flow.py:165:def _bilinear_derivative_moment_mixed(left, right, mod):
src/sdinv/formal_flow.py:183:def interaction_data(five_form, registry, mod, value_degrees=None,
src/sdinv/formal_flow.py:217:def interaction_directional_data(
src/sdinv/formal_flow.py:240:        elif item.kind == "product":
src/sdinv/formal_flow.py:241:            # Dual product rule for both the scalar and its form gradient.
src/sdinv/formal_flow.py:293:def normalized_stress_polynomial(five_form, registry, mod,
src/sdinv/formal_flow.py:356:def normalized_stress_polynomial_directional(
src/sdinv/formal_flow.py:447:def trace_polynomials(five_form, registry, mod, values=None,
src/sdinv/formal_flow.py:482:        power = _matrix_polynomial_product(
src/sdinv/formal_flow.py:492:def trace_polynomials_directional(
src/sdinv/formal_flow.py:546:            _matrix_polynomial_product_directional(
src/sdinv/formal_flow.py:568:def flow_generator_polynomials(five_form, registry, mod, values=None,
src/sdinv/formal_flow.py:584:            polynomial = _scalar_polynomial_product(
src/sdinv/formal_flow.py:595:def flow_generator_directional_polynomials(
src/sdinv/formal_flow.py:623:                _scalar_polynomial_product_directional(
src/sdinv/formal_flow.py:640:def evaluate_matrix_polynomial(polynomial, coefficients, mod):
src/sdinv/published_degree8_invariants.py:5:no additional trace subtraction is silently inserted. Lower-degree products
src/sdinv/published_degree8_invariants.py:6:must be included when comparing different primitive representatives.
src/sdinv/published_degree8_invariants.py:25:def _contract_four(tensor, subscripts, prime):
src/sdinv/published_degree8_invariants.py:35:def evaluate_selected_basis(form, prime):
src/sdinv/published_degree8_invariants.py:39:    displayed list supplies a primitive complement under a literal reading.
src/sdinv/published_degree8_invariants.py:47:def evaluate_alternative_basis(form, prime):
src/sdinv/published_degree8_invariants.py:63:def evaluate_basis(form, prime):
src/sdinv/published_degree10_invariants.py:65:def p10_01_trM5(five_form, mod=P, backend="optimized"):
src/sdinv/published_degree10_invariants.py:71:def p10_02_mm_m_m_n4125(five_form, mod=P, backend="optimized"):
src/sdinv/published_degree10_invariants.py:93:def p10_03_m3_n1050_n1050(five_form, mod=P, backend="optimized"):
src/sdinv/published_degree10_invariants.py:111:def p10_06_mm_m_n1050_n4125(five_form, mod=P, backend="optimized"):
src/sdinv/published_degree10_invariants.py:131:def p10_07_n1050_mm_n1050_n1050(five_form, mod=P, backend="optimized"):
src/sdinv/published_degree10_invariants.py:145:    on the spatial block -- but NOT boost invariant, and the degree-10
src/sdinv/published_degree10_invariants.py:150:    matrix product `mixed @ mixed` contracts the up index of the first with the
src/sdinv/published_degree10_invariants.py:159:    boost invariant by accident. `test_p10_07_alpha_edge_placement_is_free`
src/sdinv/published_degree10_invariants.py:175:def _outer(left, right, mod):
src/sdinv/published_degree10_invariants.py:176:    """Modular outer product; axes of `left` first, then axes of `right`."""
src/sdinv/published_degree10_invariants.py:180:def p10_05_mm_m_antisym_n1050_n1050(five_form, mod=P, backend="optimized"):
src/sdinv/published_degree10_invariants.py:185:    Two BLACK antisymmetrisations, both on the M-product indices: one over the
src/sdinv/published_degree10_invariants.py:194:    then has exactly one raised end, which the boost test confirms.
src/sdinv/published_degree10_invariants.py:216:def p10_08_n1050_mm_antisym_n1050_n1050(five_form, mod=P, backend="optimized"):
src/sdinv/published_degree10_invariants.py:251:def p10_04_mm_m_red_n1050_n1050(five_form, mod=P, backend="optimized",
src/sdinv/published_degree10_invariants.py:311:def p10_04_pairs(five_form, mod=P, backend="optimized"):
src/sdinv/published_degree10_invariants.py:316:def p10_09_red_n1050_m_n1050_n1050_n1050(five_form, mod=P, backend="optimized",
src/sdinv/published_degree10_invariants.py:395:def _nested_pair(tensor, mod, reading, label):
src/sdinv/published_degree10_invariants.py:406:def p10_10_five_n1050(five_form, mod=P, backend="optimized", reading="outer"):
src/sdinv/published_degree10_invariants.py:429:def p10_11_five_n1050(five_form, mod=P, backend="optimized", reading="outer"):
src/sdinv/published_degree10_invariants.py:451:def p10_12_five_n1050(five_form, mod=P, backend="optimized", reading="outer"):
src/sdinv/published_degree10_invariants.py:471:def _nested_variant(fn):
src/sdinv/published_degree10_invariants.py:561:def p10_09_rholambda(five_form, mod=P, backend="optimized"):
src/sdinv/published_degree10_invariants.py:588:def evaluate_implemented(five_form, mod=P, backend="optimized"):
src/sdinv/latex.py:7:def graph_to_latex(matrix):
src/sdinv/latex.py:22:def factor_lines(matrix, factors_per_line=2):
src/sdinv/stress.py:13:they provide a simple oracle for the optimized pairwise implementation.
src/sdinv/stress.py:16:production stress path materializes only the contraction of the 4125 irrep
src/sdinv/stress.py:39:def _require_five_form(five_form):
src/sdinv/stress.py:47:def _metric(mod):
src/sdinv/stress.py:52:def _raise_axes(tensor, axes, mod):
src/sdinv/stress.py:63:def _scale(tensor, factors, mod):
src/sdinv/stress.py:71:def matrix_trace_power(mixed_matrix, power, mod=P):
src/sdinv/stress.py:78:    product = np.eye(D, dtype=np.int64)
src/sdinv/stress.py:80:        product = (product @ matrix) % mod
src/sdinv/stress.py:81:    return int(np.trace(product) % mod)
src/sdinv/stress.py:84:def symmetric_inner(left_lower, right_lower, mod=P):
src/sdinv/stress.py:97:def five_form_moment(five_form, mod=P, backend="optimized"):
src/sdinv/stress.py:110:        # int64.  Keeping this direct expression makes it a useful oracle.
src/sdinv/stress.py:120:def composite_n(five_form, mod=P, backend="optimized"):
src/sdinv/stress.py:131:        # Each output sums only 10^2 products, so int64 is exact here.
src/sdinv/stress.py:139:def _antisymmetrize_axes(tensor, axes, mod):
src/sdinv/stress.py:152:def interaction_gradient_i4(five_form, v_i, mod=P, backend="optimized"):
src/sdinv/stress.py:173:        # Only ten products enter each output component.
src/sdinv/stress.py:182:def interacting_stress(five_form, derivative_lower, v, euler, mod=P,
src/sdinv/stress.py:191:    * ``euler`` is ``Lambda_(5) dV/dLambda_(5)``.
src/sdinv/stress.py:193:    Passing the Euler contraction explicitly avoids silently choosing an
src/sdinv/stress.py:211:            (int(v) - inv(2, mod) * int(euler)) % mod,
src/sdinv/stress.py:218:def interacting_trace_formula(v, euler, mod=P):
src/sdinv/stress.py:232:        * (int(v) - inv(2, mod) * int(euler))
src/sdinv/stress.py:237:def composite_n1050(five_form, mod=P, backend="optimized"):
src/sdinv/stress.py:257:def _n_trace_54(m_mixed, mod):
src/sdinv/stress.py:271:def composite_n4125(five_form, mod=P, backend="optimized"):
src/sdinv/stress.py:291:def raw_n_mm(n_lower, m_mixed, mod=P):
src/sdinv/stress.py:313:def _m_power_lower(m_mixed, power, mod):
src/sdinv/stress.py:321:def stress_correction_r(five_form, mod=P, backend="optimized",
src/sdinv/stress.py:362:def n4125_mm(five_form, mod=P, backend="optimized"):
src/sdinv/stress.py:379:def paper_i4_i8_i12(five_form, mod=P, backend="optimized"):
src/sdinv/stress.py:397:def paper_i8_i12_expanded(five_form, mod=P, backend="optimized"):
src/sdinv/stress.py:401:    evaluation in :func:`paper_i4_i8_i12` and is used as a regression oracle.
src/sdinv/stress.py:432:def stress_v_i4(five_form, v, v_i, mod=P, backend="optimized"):
src/sdinv/stress.py:461:def stress_v_i4_raw(five_form, v, v_i, mod=P, backend="optimized"):
src/sdinv/stress.py:489:def modmax_stress(five_form, b, mod=P, backend="optimized"):
src/sdinv/stress.py:515:def free_stress(five_form, mod=P, backend="optimized"):
src/sdinv/stress.py:521:def stress_mixed(stress_lower, mod=P):
src/sdinv/stress.py:530:def stress_traces(stress_lower, max_power=10, mod=P):
src/sdinv/stress.py:541:def modmax_stress_square_formula(five_form, b, mod=P,
src/sdinv/spinor_adapter.py:29:def _matrix(values, prime):
src/sdinv/spinor_adapter.py:36:def exact_column_rank(values, prime=P):
src/sdinv/spinor_adapter.py:45:def compare_column_spaces(trace_values, spinor_values, prime=P):
src/sdinv/modp.py:6:p is chosen ~2^15 so that products fit comfortably in int64 during einsum
src/sdinv/modp.py:7:accumulation (product < 2^30, summed over <2^17 terms stays < 2^47).
src/sdinv/modp.py:19:def inv(a, p=P):
src/sdinv/modp.py:63:        """Return a JSON-serializable, exact checkpoint state."""
src/sdinv/modp.py:102:def mod_einsum(subscripts, operands, p=P):
src/sdinv/modp.py:109:       order n the products reach p^n. Even asking numpy for an optimised
src/sdinv/modp.py:134:                # the product over every index appearing in either operand.
src/sdinv/modp.py:174:            # inputs and products are integers, and the guard proves every
src/sdinv/modp.py:175:            # unreduced dot-product sum is below the 53-bit integer limit.
src/sdinv/reverse_block_decomposition.py:8:see whether the quotient is reached.
src/sdinv/reverse_block_decomposition.py:42:4. **Connectivity.** A disconnected topology factorises into a product of
src/sdinv/reverse_block_decomposition.py:43:   lower-degree invariants, which lives in the product subspace and cannot
src/sdinv/reverse_block_decomposition.py:44:   contribute a primitive direction.
src/sdinv/reverse_block_decomposition.py:76:def block_slot_classes(kind):
src/sdinv/reverse_block_decomposition.py:86:def endpoints(kinds):
src/sdinv/reverse_block_decomposition.py:95:def _is_forbidden_trace(kinds, a, b):
src/sdinv/reverse_block_decomposition.py:106:def enumerate_topologies(kinds, max_results=None):
src/sdinv/reverse_block_decomposition.py:153:def iter_topologies(kinds, cap=None):
src/sdinv/reverse_block_decomposition.py:199:def stream_candidates(kinds, cap=None, shard_residue=0, shard_modulus=1,
src/sdinv/reverse_block_decomposition.py:236:def canonical_form(kinds, topology):
src/sdinv/reverse_block_decomposition.py:259:def is_connected(kinds, topology):
src/sdinv/reverse_block_decomposition.py:260:    """Disconnected topologies factorise into products of lower invariants."""
src/sdinv/reverse_block_decomposition.py:278:def build_einsum(kinds, topology):
src/sdinv/reverse_block_decomposition.py:318:def render_formula(kinds, topology, index_names=None):
src/sdinv/reverse_block_decomposition.py:345:def parse_formula(text):
src/sdinv/reverse_block_decomposition.py:387:def make_blocks(five_form, mod=P, backend="optimized"):
src/sdinv/reverse_block_decomposition.py:395:    This shipped, and a boost test over generated candidates is what caught it:
src/sdinv/reverse_block_decomposition.py:396:    pure-N sectors were 100% boost invariant while M-containing sectors were
src/sdinv/reverse_block_decomposition.py:409:def evaluate(kinds, topology, blocks, mod=P):
src/sdinv/reverse_block_decomposition.py:420:def multiset_slot_count(kinds):
src/sdinv/reverse_block_decomposition.py:424:def block_multisets(size=5):
src/sdinv/reverse_block_decomposition.py:442:def generate_candidates(kinds, max_topologies=None, require_connected=True):
src/sdinv/sextic.py:32:def _n1050_shuffle_terms(first_five, last, internal_prefix):
src/sdinv/sextic.py:59:def _term_graph(ordered_vertices):
src/sdinv/sextic.py:94:def _evaluator_slots(matrix):
src/sdinv/sextic.py:106:def _isomorphism_sign(source, target):
src/sdinv/sextic.py:140:def paper_i6_2_graph_expansion():
src/sdinv/sextic.py:163:    ), (right_coefficient, right_vertices) in itertools.product(
src/sdinv/sextic.py:190:def paper_i6_1(five_form, mod, backend="optimized"):
src/sdinv/sextic.py:196:def paper_i6_2(five_form, mod):
src/sdinv/sextic.py:221:def paper_i6_2_direct(five_form, mod, backend="optimized"):
src/sdinv/sextic.py:233:def registry_to_intrinsic_coefficients(coefficients):
src/sdinv/sextic.py:247:def sextic_quotient_coordinate(coefficients):
src/sdinv/serialize.py:15:def _integer(value, name, minimum=0):
src/sdinv/serialize.py:23:def to_record(matrix):
src/sdinv/serialize.py:36:def from_record(record):
src/sdinv/serialize.py:59:def loads(data):
src/sdinv/serialize.py:70:def dumps(matrix):
tests/test_core.py:25:from sdinv.checkpoint import load_checkpoint, write_checkpoint
tests/test_core.py:40:def _ops(M, Fd, PD, mod):
tests/test_core.py:47:def _transform_covariant_tensor(tensor, transformation, mod):
tests/test_core.py:58:def test_mod_einsum_matches_exact_bigint(n):
tests/test_core.py:69:def test_float_blas_path_is_exact(monkeypatch):
tests/test_core.py:82:def test_reverse_jacobian_matches_amputated_oracle():
tests/test_core.py:90:        oracle = jacobian_row_amputated(M, Fd, basis, D, PD, True, mod)
tests/test_core.py:91:        assert np.array_equal(fast, oracle)
tests/test_core.py:94:def test_combined_value_jacobian_matches_independent_oracle():
tests/test_core.py:111:def test_compact_derivative_projection_matches_dense_basis():
tests/test_core.py:127:def test_global_contraction_plan_dominates_greedy_schedule_cost():
tests/test_core.py:134:def test_order12_graph_label_is_unambiguous_and_round_trips():
tests/test_core.py:150:def test_contraction_memory_guard_rejects_before_execution():
tests/test_core.py:164:def test_rank_sieve_checkpoint_round_trip_is_deterministic(tmp_path):
tests/test_core.py:178:    checkpoint = tmp_path / "run.checkpoint.json"
tests/test_core.py:179:    write_checkpoint(
tests/test_core.py:180:        checkpoint, identity, {"sieve": partial.to_state(), "cursor": 2})
tests/test_core.py:181:    restored_state = load_checkpoint(checkpoint, identity)
tests/test_core.py:192:        load_checkpoint(checkpoint, {**identity, "seed": 18})
tests/test_core.py:194:    envelope = json.loads(checkpoint.read_text())
tests/test_core.py:196:    checkpoint.write_text(json.dumps(envelope))
tests/test_core.py:198:        load_checkpoint(checkpoint, identity)
tests/test_core.py:201:def test_discovery_candidate_staging_does_not_mutate_on_interruption():
tests/test_core.py:226:def test_generation_executable_identity_follows_path(tmp_path, monkeypatch):
tests/test_core.py:245:def test_streaming_catalog_round_trip_and_checksum(tmp_path):
tests/test_core.py:270:def test_catalog_id_supports_exact_small_graph_fallback(monkeypatch):
tests/test_core.py:278:def test_nauty_stream_reaps_producer_when_multig_is_missing(tmp_path):
tests/test_core.py:289:def test_order10_graph_record_is_unambiguous():
tests/test_core.py:299:def test_saved_graph_id_validation_is_catalog_independent():
tests/test_core.py:313:def test_benchmark_hardware_metadata_is_detected(monkeypatch):
tests/test_core.py:330:def test_spinor_adapter_compares_column_spaces_not_column_names():
tests/test_core.py:349:def test_contractions_are_lorentz_invariant():
tests/test_core.py:364:def test_6d_reproduces_five_invariants():
tests/test_core.py:378:def test_10d_selfduality_wellposed():
tests/test_core.py:388:def test_10d_quadratic_invariant_vanishes():
tests/test_core.py:398:def test_exact_catalog_is_complete_and_collision_free():
tests/test_core.py:419:def test_order8_basis_is_complete_under_two_primes():
tests/test_core.py:471:def test_saved_order10_result_has_complete_exact_evidence():
tests/test_core.py:505:def test_order10_basis_recomputes_rank21_at_alt_prime():
tests/test_core.py:537:def test_10d_contractions_survive_a_lorentz_boost():
tests/test_core.py:543:    so the error hides. A boost mixes the timelike direction and exposes it.
tests/test_core.py:545:    Over F_p a boost in the 0-1 plane is any (c, s) with c^2 - s^2 = 1:
tests/test_core.py:570:        assert a == b, f"{graph_label(M)} is not boost invariant: {a} != {b}"
tests/test_core.py:573:def test_order4_is_exactly_one_invariant():
tests/test_graph_to_tensor.py:41:def _sample(prime, seed):
tests/test_graph_to_tensor.py:47:def test_parser_handles_both_label_dialects():
tests/test_graph_to_tensor.py:56:def test_index_assignment_gives_five_slots_per_vertex():
tests/test_graph_to_tensor.py:68:def test_dense_evaluator_matches_graph_evaluator():
tests/test_graph_to_tensor.py:80:def test_scalar_is_homogeneous_of_the_right_degree():
tests/test_graph_to_tensor.py:90:def test_specification_is_complete_and_unambiguous():
tests/test_graph_to_tensor.py:99:def test_exported_level_a_records_are_validated_and_honestly_labelled():
tests/test_roadmap.py:21:from sdinv.primitive import PolynomialSieve, product_monomials
tests/test_roadmap.py:25:def _regular_graph(n):
tests/test_roadmap.py:34:def test_graph_interchange_preserves_order_and_old_formats(n):
tests/test_roadmap.py:51:def test_graph_interchange_rejects_ambiguous_or_lossy_data(record):
tests/test_roadmap.py:56:def test_product_and_functional_ranks_are_different():
tests/test_roadmap.py:68:def test_degree12_product_inventory_is_ten_monomials():
tests/test_roadmap.py:72:    products = product_monomials(generators, 12)
tests/test_roadmap.py:73:    assert len(products) == len(set(products)) == 10
tests/test_roadmap.py:74:    assert ("I4_1",) * 3 in products
tests/test_roadmap.py:75:    assert ("I6_1", "I6_2") in products
tests/test_roadmap.py:78:def test_integral_coordinates_are_selfdual_and_have_no_denominators():
tests/test_roadmap.py:88:def test_determinant_handles_row_swaps_and_singular_matrices():
tests/test_roadmap.py:95:def test_integral_jacobian_matches_finite_difference_directional_polynomial():
tests/test_roadmap.py:97:    # interpolation from five values (not a floating difference quotient).
tests/test_roadmap.py:116:def test_latex_has_one_upper_and_one_lower_occurrence_per_edge():
tests/test_roadmap.py:125:def test_saved_certificate_and_tamper_rejection():
tests/test_roadmap.py:148:def test_published_degree10_map_does_not_invent_an_invertible_matrix():
tests/test_roadmap.py:155:    assert result["primitive_quotient_rank"] == 11
tests/test_roadmap.py:160:def test_degree_runner_resume_and_bounded_workers_reproduce(tmp_path):
tests/test_roadmap.py:162:    checkpoint = tmp_path / "degree4.json"
tests/test_roadmap.py:163:    first = run(4, 32749, [178, 179], checkpoint=checkpoint)
tests/test_roadmap.py:164:    resumed = run(4, 32749, [178, 179], checkpoint=checkpoint)
tests/test_roadmap.py:169:        run(4, 32749, [180, 181], checkpoint=checkpoint)
tests/test_roadmap.py:172:def test_octic_map_checks_products_and_current_tensor_evaluator():
tests/test_roadmap.py:182:    assert len(result["primitive_quotient_matrix_6x6"]) == 6
tests/test_roadmap.py:183:    assert not result["exact_6x6_without_products"]
