START 32713 202609071701
DONE 32713 202609071701 {'form_blocks': 0.5906869999598712, 'source_scalars': 2.3601633340585977, 'graph_scalars': 2.897449375013821}
START 32713 202609071702
DONE 32713 202609071702 {'form_blocks': 0.5312249169219285, 'source_scalars': 1.5431813340401277, 'graph_scalars': 2.696869625011459}
START 32713 202609071703
DONE 32713 202609071703 {'form_blocks': 0.6011384160956368, 'source_scalars': 2.0456627079984173, 'graph_scalars': 2.892126666032709}
START 32713 202609071704
DONE 32713 202609071704 {'form_blocks': 0.6225604579085484, 'source_scalars': 1.962735499953851, 'graph_scalars': 3.2121528750285506}
START 32713 202609071705
DONE 32713 202609071705 {'form_blocks': 0.6351722500985488, 'source_scalars': 1.9422046249965206, 'graph_scalars': 3.059699375065975}
START 32713 202609071706
DONE 32713 202609071706 {'form_blocks': 0.621556416968815, 'source_scalars': 2.123191832914017, 'graph_scalars': 2.9306830420391634}
START 32713 202609071707
DONE 32713 202609071707 {'form_blocks': 0.6994384590070695, 'source_scalars': 1.9844101659255102, 'graph_scalars': 2.952514083008282}
START 32713 202609071708
DONE 32713 202609071708 {'form_blocks': 0.653043165919371, 'source_scalars': 1.9788465419551358, 'graph_scalars': 3.0673065000446513}
START 32713 202609071709
DONE 32713 202609071709 {'form_blocks': 0.6658940410707146, 'source_scalars': 2.219787708017975, 'graph_scalars': 3.1658625419950113}
START 32713 202609071710
DONE 32713 202609071710 {'form_blocks': 0.6535119999898598, 'source_scalars': 1.9958804999478161, 'graph_scalars': 2.961019166978076}
START 32713 202609071711
DONE 32713 202609071711 {'form_blocks': 0.6339562919456512, 'source_scalars': 2.053990084095858, 'graph_scalars': 3.291997207910754}
START 32713 202609071712
DONE 32713 202609071712 {'form_blocks': 0.8357522499281913, 'source_scalars': 2.3770632499363273, 'graph_scalars': 2.7985382080078125}
START 32713 202609071713
DONE 32713 202609071713 {'form_blocks': 0.6001788749126717, 'source_scalars': 1.9939533750293776, 'graph_scalars': 3.0564570419956}
START 32713 202609071714
DONE 32713 202609071714 {'form_blocks': 0.7119448750745505, 'source_scalars': 1.9866886250674725, 'graph_scalars': 2.807597624952905}
START 32713 202609071715
DONE 32713 202609071715 {'form_blocks': 0.6667338749393821, 'source_scalars': 2.349133458919823, 'graph_scalars': 3.185208832961507}
START 32713 202609071716
DONE 32713 202609071716 {'form_blocks': 0.6352589580928907, 'source_scalars': 2.121059332974255, 'graph_scalars': 3.2440890000434592}
