\BOOKMARK [1][-]{section.1}{\376\377\000I\000n\000t\000r\000o\000d\000u\000c\000t\000i\000o\000n}{}% 1
\BOOKMARK [1][-]{section.2}{\376\377\000S\000e\000t\000u\000p\000\040\000a\000n\000d\000\040\000c\000o\000n\000v\000e\000n\000t\000i\000o\000n\000s}{}% 2
\BOOKMARK [2][-]{subsection.2.1}{\376\377\000T\000h\000e\000\040\000a\000t\000l\000a\000s\000\040\000o\000f\000\040\000c\000a\000n\000d\000i\000d\000a\000t\000e\000\040\000i\000n\000v\000a\000r\000i\000a\000n\000t\000s}{section.2}% 3
\BOOKMARK [1][-]{section.3}{\376\377\000T\000h\000e\000\040\000t\000e\000n\000s\000o\000r\040\023\000s\000p\000i\000n\000o\000r\000\040\000b\000r\000i\000d\000g\000e}{}% 4
\BOOKMARK [2][-]{subsection.3.1}{\376\377\000S\000t\000a\000t\000e\000m\000e\000n\000t}{section.3}% 5
\BOOKMARK [2][-]{subsection.3.2}{\376\377\000W\000h\000a\000t\000\040\000i\000s\000\040\000c\000e\000r\000t\000i\000f\000i\000e\000d}{section.3}% 6
\BOOKMARK [2][-]{subsection.3.3}{\376\377\000W\000h\000y\000\040\000i\000t\000\040\000i\000s\000\040\000u\000s\000e\000d}{section.3}% 7
\BOOKMARK [1][-]{section.4}{\376\377\000A\000n\000\040\000e\000x\000a\000c\000t\000\040\000r\000a\000n\000k\000\040\000c\000e\000r\000t\000i\000f\000i\000c\000a\000t\000e}{}% 8
\BOOKMARK [2][-]{subsection.4.1}{\376\377\000T\000h\000e\000\040\000c\000o\000m\000p\000u\000t\000a\000t\000i\000o\000n}{section.4}% 9
\BOOKMARK [2][-]{subsection.4.2}{\376\377\000W\000h\000a\000t\000\040\000e\000a\000c\000h\000\040\000c\000e\000l\000l\000\040\000r\000e\000p\000o\000r\000t\000s}{section.4}% 10
\BOOKMARK [2][-]{subsection.4.3}{\376\377\000P\000i\000v\000o\000t\000\040\000s\000t\000a\000b\000i\000l\000i\000t\000y}{section.4}% 11
\BOOKMARK [2][-]{subsection.4.4}{\376\377\000A\000n\000\040\000e\000x\000c\000e\000p\000t\000i\000o\000n\000a\000l\000\040\000c\000l\000a\000s\000s\000\040\000o\000f\000\040\000p\000r\000i\000m\000e\000s}{section.4}% 12
\BOOKMARK [2][-]{subsection.4.5}{\376\377\000T\000h\000e\000\040\000m\000i\000n\000o\000r}{section.4}% 13
\BOOKMARK [1][-]{section.5}{\376\377\000T\000h\000e\000\040\000f\000r\000e\000e\000\040\000s\000t\000r\000e\000s\000s\000\040\000t\000e\000n\000s\000o\000r\000\040\000i\000s\000\040\000t\000r\000a\000c\000e\000l\000e\000s\000s}{}% 14
\BOOKMARK [2][-]{subsection.5.1}{\376\377\000I\000n\000d\000e\000p\000e\000n\000d\000e\000n\000t\000\040\000v\000e\000r\000i\000f\000i\000c\000a\000t\000i\000o\000n}{section.5}% 15
\BOOKMARK [2][-]{subsection.5.2}{\376\377\000F\000o\000r\000m\000u\000l\000a\000t\000i\000o\000n\000\040\000i\000n\000d\000e\000p\000e\000n\000d\000e\000n\000c\000e}{section.5}% 16
\BOOKMARK [1][-]{section.6}{\376\377\000T\000h\000e\000\040\000d\000e\000g\000r\000e\000e\000-\000t\000e\000n\000\040\000s\000t\000r\000e\000s\000s\000\040\000f\000l\000o\000w}{}% 17
\BOOKMARK [2][-]{subsection.6.1}{\376\377\000T\000h\000r\000e\000e\000\040\000s\000p\000a\000c\000e\000s\000\040\000t\000h\000a\000t\000\040\000m\000u\000s\000t\000\040\000n\000o\000t\000\040\000b\000e\000\040\000c\000o\000n\000f\000l\000a\000t\000e\000d}{section.6}% 18
\BOOKMARK [2][-]{subsection.6.2}{\376\377\000T\000h\000e\000\040\000e\000x\000a\000c\000t\000\040\000r\000e\000s\000u\000l\000t}{section.6}% 19
\BOOKMARK [2][-]{subsection.6.3}{\376\377\000T\000h\000e\000\040\000o\000b\000s\000t\000r\000u\000c\000t\000i\000o\000n\000\040\000i\000s\000\040\000l\000o\000a\000d\000-\000b\000e\000a\000r\000i\000n\000g}{section.6}% 20
\BOOKMARK [2][-]{subsection.6.4}{\376\377\000I\000n\000d\000e\000p\000e\000n\000d\000e\000n\000t\000\040\000c\000o\000n\000f\000i\000r\000m\000a\000t\000i\000o\000n\000\040\000f\000r\000o\000m\000\040\000t\000h\000e\000\040\000r\000a\000t\000i\000o\000n\000a\000l\000\040\000f\000l\000o\000w\000\040\000s\000y\000s\000t\000e\000m}{section.6}% 21
\BOOKMARK [1][-]{section.7}{\376\377\000W\000h\000a\000t\000\040\000i\000s\000\040\000n\000o\000t\000\040\000e\000s\000t\000a\000b\000l\000i\000s\000h\000e\000d}{}% 22
\BOOKMARK [2][-]{subsection.7.1}{\376\377\000T\000r\000\050\000M\0006\000\051\000\040\000h\000a\000s\000\040\000n\000o\000\040\000c\000e\000r\000t\000i\000f\000i\000e\000d\000\040\000r\000a\000t\000i\000o\000n\000a\000l\000\040\000l\000i\000f\000t}{section.7}% 23
\BOOKMARK [2][-]{subsection.7.2}{\376\377\000S\000p\000a\000c\000e\000s\000\040\000c\000e\000r\000t\000i\000f\000i\000e\000d\000\040\000o\000n\000l\000y\000\040\000o\000v\000e\000r\000\040\000t\000h\000e\000\040\000t\000e\000s\000t\000e\000d\000\040\000f\000i\000e\000l\000d\000s}{section.7}% 24
\BOOKMARK [2][-]{subsection.7.3}{\376\377\000D\000e\000g\000r\000e\000e\000\040\000t\000w\000e\000l\000v\000e}{section.7}% 25
\BOOKMARK [2][-]{subsection.7.4}{\376\377\000C\000l\000a\000i\000m\000s\000\040\000w\000e\000\040\000d\000o\000\040\000n\000o\000t\000\040\000m\000a\000k\000e}{section.7}% 26
\BOOKMARK [1][-]{section.8}{\376\377\000D\000i\000s\000c\000u\000s\000s\000i\000o\000n}{}% 27
\BOOKMARK [1][-]{section*.6}{\376\377\000A\000u\000t\000h\000o\000r\000\040\000c\000o\000n\000t\000r\000i\000b\000u\000t\000i\000o\000n\000s}{}% 28
\BOOKMARK [1][-]{appendix.A}{\376\377\000T\000h\000e\000\040\000f\000r\000a\000m\000e\000\040\000o\000r\000i\000e\000n\000t\000a\000t\000i\000o\000n\000,\000\040\000a\000n\000d\000\040\000h\000o\000w\000\040\000i\000t\000\040\000w\000a\000s\000\040\000f\000o\000u\000n\000d}{}% 29
\BOOKMARK [1][-]{appendix.B}{\376\377\000C\000o\000m\000p\000u\000t\000a\000t\000i\000o\000n\000a\000l\000\040\000m\000e\000t\000h\000o\000d\000o\000l\000o\000g\000y}{}% 30
\BOOKMARK [2][-]{subsection.B.1}{\376\377\000O\000n\000e\000\040\000w\000r\000i\000t\000e\000r\000\040\000p\000e\000r\000\040\000a\000r\000t\000i\000f\000a\000c\000t}{appendix.B}% 31
\BOOKMARK [2][-]{subsection.B.2}{\376\377\000E\000x\000a\000c\000t\000\040\000a\000r\000i\000t\000h\000m\000e\000t\000i\000c\000\040\000t\000h\000r\000o\000u\000g\000h\000o\000u\000t}{appendix.B}% 32
\BOOKMARK [2][-]{subsection.B.3}{\376\377\000N\000o\000\040\000s\000t\000o\000p\000p\000i\000n\000g\000\040\000r\000u\000l\000e\000s\000\040\000f\000r\000o\000m\000\040\000p\000u\000b\000l\000i\000s\000h\000e\000d\000\040\000v\000a\000l\000u\000e\000s}{appendix.B}% 33
\BOOKMARK [1][-]{appendix.C}{\376\377\000C\000e\000r\000t\000i\000f\000i\000c\000a\000t\000e\000\040\000i\000n\000d\000e\000x}{}% 34
\BOOKMARK [1][-]{appendix.D}{\376\377\000C\000o\000n\000v\000e\000n\000t\000i\000o\000n\000s\000,\000\040\000a\000n\000d\000\040\000h\000o\000w\000\040\000t\000h\000e\000y\000\040\000c\000o\000m\000p\000a\000r\000e\000\040\000t\000o\000\040\000t\000h\000e\000\040\000l\000i\000t\000e\000r\000a\000t\000u\000r\000e}{}% 35
\BOOKMARK [1][-]{appendix.E}{\376\377\000R\000e\000p\000r\000o\000d\000u\000c\000t\000i\000o\000n}{}% 36
