{
  "status": "PASS: independent exact CRT and finite-dimensional identity verification",
  "certificate_sha256": "01f9ab8d8f966827f820541a6e0bfec8e8bf64f710ec5b9f3be6dc825c61ed12",
  "point_files_verified": 98,
  "reconstructed_integer_entries": 630,
  "modulus": 40274678413255193510345405666987,
  "bound_maximum": 352866326400000000000000000000,
  "atlas10_integer_determinant": "-13109695160845458314990701440747317519259885051990441492172812966069315833378550160912277482909053462613365686247425386136629828780515466631511539712000",
  "atlas8_independent_sample_rows": [
    0,
    1,
    2,
    3,
    4,
    5,
    6
  ],
  "atlas8_integer_minor_determinant": "1035211780578246157506111483488711764270317409539030976550271614616682364928",
  "ranks": {
    "atlas8": 7,
    "atlas10": 14,
    "source8_selected": 7,
    "source8_primary": 6,
    "source8_hatted": 5,
    "source8_primary_with_product": 6,
    "source8_hatted_with_product": 6,
    "source10": 12,
    "source10_primitive_quotient": 11,
    "product_intersection": 1
  },
  "source10_union_rank": 13,
  "intersection_witness_count": 1,
  "definition_hash": "c72f5c87b8a78a8a80119f00fd88455842d06f4c00721abbc1a72a2358f4dd19",
  "graph_definitions_match_frozen_basis": true,
  "degree8_product_correction": [
    "0",
    "-3/14",
    "7/72",
    "-1/28",
    "-593/31104",
    "-61543/2612736"
  ],
  "proof_premises": [
    "Dimension of the full rational invariant space is at most7 in degree8 and14 in degree10.",
    "The specified source contractions belong to those invariant spaces.",
    "The recorded modular evaluations correctly implement the stated fixed programs."
  ],
  "independence": "Direct-product CRT; independent Bareiss and Fraction row-echelon verification; no source fit helper or tensor recomputation.",
  "qualification": "Degree8 evaluation into Q^14 is injective, an isomorphism onto its7-dimensional image; degree10 evaluation is an isomorphism onto Q^14. Source-reading scope remains literal displayed formulas."
}
