WITNESS KEYS dict_keys(['basis_sha256', 'coordinates', 'cumulative_rank_by_degree', 'determinant_mod_p', 'euler_homogeneity', 'invariant_ids', 'jacobian', 'pivot_columns', 'prime', 'rank', 'seed', 'selfdual_components', 'values'])
WITNESS METADATA [{'basis_sha256': 'ef6d64e6e71a0468c4b2e1ba878cb8a25fcdde1d6788d3a6bca5da6bf7fb20d6', 'cumulative_rank_by_degree': {'10': 21, '12': 81, '4': 1, '6': 3, '8': 9}, 'determinant_mod_p': 20345, 'euler_homogeneity': True, 'pivot_columns': [0, 1, 2, 3, 4, 5, 6, 7, 8, 9, 10, 11, 12, 13, 14, 15, 16, 17, 18, 19, 20, 21, 22, 23, 24, 25, 26, 27, 28, 29, 30, 31, 32, 33, 34, 35, 36, 37, 38, 39, 40, 41, 42, 43, 44, 45, 46, 47, 48, 49, 50, 51, 52, 53, 54, 55, 56, 57, 58, 59, 60, 61, 62, 63, 64, 65, 66, 67, 68, 69, 70, 71, 72, 73, 74, 75, 76, 77, 78, 79, 80], 'prime': 32749, 'rank': 81, 'seed': 20260907, 'selfdual_components': [23242, 6671, 4523, 16169, 20792, 19518, 16632, 15463, 30979, 12651, 12057, 12738, 14177, 25150, 20741, 24565, 7703, 22701, 28391, 29092, 13780, 10278, 28311, 14503, 14791, 4263, 18976, 9774, 7706, 16676, 26470, 30830, 27811, 24289, 18454, 1941, 27145, 25524, 5422, 17448, 3451, 9056, 8240, 6604, 19211, 2764, 27351, 32199, 21431, 31440, 16595, 15209, 17261, 15901, 21367, 15990, 21375, 30297, 20803, 6083, 28754, 27644, 7809, 12017, 18724, 3321, 26316, 30136, 22143, 23422, 26330, 13443, 26939, 31932, 29249, 30479, 17118, 19742, 6645, 15131, 25799, 18669, 14260, 9482, 6071, 16955, 28307, 3237, 29291, 30887, 10156, 18981, 12398, 5791, 4907, 31351, 11741, 23676, 4588, 2906, 5780, 29049, 31426, 172, 17362, 13965, 31695, 12785, 30692, 3907, 20246, 19528, 31764, 23097, 31249, 4767, 1769, 1995, 16291, 3213, 25902, 26989, 6089, 19505, 28714, 28562, 28562, 4035, 19505, 26660, 26989, 25902, 29536, 16291, 30754, 1769, 27982, 31249, 23097, 985, 19528, 12503, 3907, 2057, 12785, 1054, 13965, 15387, 32577, 31426, 3700, 5780, 29843, 4588, 23676, 21008, 31351, 27842, 5791, 20351, 18981, 10156, 1862, 29291, 29512, 28307, 15794, 6071, 9482, 18489, 18669, 6950, 15131, 26104, 13007, 17118, 2270, 29249, 817, 26939, 19306, 26330, 9327, 22143, 30136, 6433, 3321, 14025, 12017, 24940, 27644, 28754, 26666, 20803, 2452, 21375, 16759, 21367, 16848, 17261, 17540, 16595, 1309, 11318, 32199, 5398, 2764, 13538, 6604, 8240, 23693, 3451, 15301, 5422, 7225, 27145, 30808, 18454, 8460, 4938, 30830, 6279, 16676, 25043, 9774, 13773, 28486, 14791, 18246, 28311, 22471, 13780, 3657, 28391, 22701, 25046, 24565, 12008, 25150, 18572, 12738, 12057, 20098, 30979, 17286, 16632, 13231, 20792, 16580, 4523, 26078, 23242]}, {'basis_sha256': 'ef6d64e6e71a0468c4b2e1ba878cb8a25fcdde1d6788d3a6bca5da6bf7fb20d6', 'cumulative_rank_by_degree': {'10': 21, '12': 81, '4': 1, '6': 3, '8': 9}, 'determinant_mod_p': 30761, 'euler_homogeneity': True, 'pivot_columns': [0, 1, 2, 3, 4, 5, 6, 7, 8, 9, 10, 11, 12, 13, 14, 15, 16, 17, 18, 19, 20, 21, 22, 23, 24, 25, 26, 27, 28, 29, 30, 31, 32, 33, 34, 35, 36, 37, 38, 39, 40, 41, 42, 43, 44, 45, 46, 47, 48, 49, 50, 51, 52, 53, 54, 55, 56, 57, 58, 59, 60, 61, 62, 63, 64, 65, 66, 67, 68, 69, 70, 71, 72, 73, 74, 75, 76, 77, 78, 79, 80], 'prime': 32749, 'rank': 81, 'seed': 20260908, 'selfdual_components': [10008, 28649, 31487, 21235, 6517, 24927, 29929, 13118, 6981, 13404, 20894, 7152, 5519, 3492, 29897, 18198, 22427, 21042, 12212, 16956, 10848, 9289, 15336, 16884, 6809, 21568, 15006, 9295, 24370, 27654, 15792, 12417, 17881, 5728, 6264, 9593, 2388, 17907, 26406, 25926, 12620, 5277, 28164, 29260, 12054, 16484, 25280, 14337, 18153, 7785, 8182, 24728, 10075, 1725, 8628, 31200, 19412, 11388, 22698, 26031, 29008, 17405, 5555, 13452, 22398, 30885, 14568, 28534, 15347, 13064, 1475, 13478, 26298, 27218, 20414, 16602, 15091, 28941, 29820, 27120, 4349, 27215, 9317, 21788, 26103, 17225, 1512, 11836, 2425, 28026, 13821, 14608, 9050, 1127, 14702, 17489, 5384, 29513, 20432, 1192, 9896, 9376, 17032, 11237, 11572, 21759, 13158, 1039, 27537, 21553, 17702, 26532, 1436, 13403, 5991, 21566, 7887, 4514, 31188, 1263, 9777, 7427, 8698, 8036, 11951, 13796, 13796, 20798, 8036, 24051, 7427, 9777, 31486, 31188, 28235, 7887, 11183, 5991, 13403, 31313, 26532, 15047, 21553, 5212, 1039, 19591, 21759, 21177, 21512, 17032, 23373, 9896, 31557, 20432, 29513, 27365, 17489, 18047, 1127, 23699, 14608, 13821, 4723, 2425, 20913, 1512, 15524, 26103, 21788, 23432, 27215, 28400, 27120, 2929, 3808, 15091, 16147, 20414, 5531, 26298, 19271, 1475, 19685, 15347, 28534, 18181, 30885, 10351, 13452, 27194, 17405, 29008, 6718, 22698, 21361, 19412, 1549, 8628, 31024, 10075, 8021, 8182, 24964, 14596, 14337, 7469, 16484, 20695, 29260, 28164, 27472, 12620, 6823, 26406, 14842, 2388, 23156, 6264, 27021, 14868, 12417, 16957, 27654, 8379, 9295, 17743, 11181, 6809, 15865, 15336, 23460, 10848, 15793, 12212, 21042, 10322, 18198, 2852, 3492, 27230, 7152, 20894, 19345, 6981, 19631, 29929, 7822, 6517, 11514, 31487, 4100, 10008]}, {'basis_sha256': 'ef6d64e6e71a0468c4b2e1ba878cb8a25fcdde1d6788d3a6bca5da6bf7fb20d6', 'cumulative_rank_by_degree': {'10': 21, '12': 81, '4': 1, '6': 3, '8': 9}, 'determinant_mod_p': 1653, 'euler_homogeneity': True, 'pivot_columns': [0, 1, 2, 3, 4, 5, 6, 7, 8, 9, 10, 11, 12, 13, 14, 15, 16, 17, 18, 19, 20, 21, 22, 23, 24, 25, 26, 27, 28, 29, 30, 31, 32, 33, 34, 35, 36, 37, 38, 39, 40, 41, 42, 43, 44, 45, 46, 47, 48, 49, 50, 51, 52, 53, 54, 55, 56, 57, 58, 59, 60, 61, 62, 63, 64, 65, 66, 67, 68, 69, 70, 71, 72, 73, 74, 75, 76, 77, 78, 79, 80], 'prime': 32719, 'rank': 81, 'seed': 20260907, 'selfdual_components': [23220, 6664, 4519, 16154, 20773, 19500, 16616, 15449, 30950, 12639, 12046, 12726, 14164, 25127, 20722, 24542, 7696, 22681, 28365, 29065, 13767, 10269, 28285, 14490, 14778, 4259, 18958, 9765, 7699, 16661, 26445, 30802, 27786, 24267, 18437, 1939, 27121, 25501, 5417, 17432, 3447, 9048, 8232, 6598, 19194, 2761, 27326, 32170, 21411, 31411, 16580, 15195, 17246, 15887, 21348, 15975, 21355, 30269, 20784, 6077, 28728, 27618, 7802, 12006, 18706, 3318, 26292, 30108, 22123, 23400, 26306, 13431, 26915, 31903, 29222, 30451, 17102, 19724, 6638, 15117, 25776, 18652, 14247, 9473, 6066, 16939, 28281, 3234, 29264, 30858, 10147, 18964, 12387, 5786, 4903, 31323, 11731, 23654, 4583, 2903, 5775, 29023, 31397, 172, 17346, 13952, 31666, 12773, 30664, 3904, 20227, 19510, 31734, 23076, 31220, 4762, 1767, 1993, 16276, 3210, 25878, 26964, 6084, 19487, 28687, 28536, 28536, 4032, 19487, 26635, 26964, 25878, 29509, 16276, 30726, 1767, 27957, 31220, 23076, 985, 19510, 12492, 3904, 2055, 12773, 1053, 13952, 15373, 32547, 31397, 3696, 5775, 29816, 4583, 23654, 20988, 31323, 27816, 5786, 20332, 18964, 10147, 1861, 29264, 29485, 28281, 15780, 6066, 9473, 18472, 18652, 6943, 15117, 26081, 12995, 17102, 2268, 29222, 816, 26915, 19288, 26306, 9319, 22123, 30108, 6427, 3318, 14013, 12006, 24917, 27618, 28728, 26642, 20784, 2450, 21355, 16744, 21348, 16832, 17246, 17524, 16580, 1308, 11308, 32170, 5393, 2761, 13525, 6598, 8232, 23671, 3447, 15287, 5417, 7218, 27121, 30780, 18437, 8452, 4933, 30802, 6274, 16661, 25020, 9765, 13761, 28460, 14778, 18229, 28285, 22450, 13767, 3654, 28365, 22681, 25023, 24542, 11997, 25127, 18555, 12726, 12046, 20080, 30950, 17270, 16616, 13219, 20773, 16565, 4519, 26055, 23220]}, {'basis_sha256': 'ef6d64e6e71a0468c4b2e1ba878cb8a25fcdde1d6788d3a6bca5da6bf7fb20d6', 'cumulative_rank_by_degree': {'10': 21, '12': 81, '4': 1, '6': 3, '8': 9}, 'determinant_mod_p': 2167, 'euler_homogeneity': True, 'pivot_columns': [0, 1, 2, 3, 4, 5, 6, 7, 8, 9, 10, 11, 12, 13, 14, 15, 16, 17, 18, 19, 20, 21, 22, 23, 24, 25, 26, 27, 28, 29, 30, 31, 32, 33, 34, 35, 36, 37, 38, 39, 40, 41, 42, 43, 44, 45, 46, 47, 48, 49, 50, 51, 52, 53, 54, 55, 56, 57, 58, 59, 60, 61, 62, 63, 64, 65, 66, 67, 68, 69, 70, 71, 72, 73, 74, 75, 76, 77, 78, 79, 80], 'prime': 32719, 'rank': 81, 'seed': 20260908, 'selfdual_components': [9999, 28623, 31459, 21216, 6511, 24904, 29901, 13106, 6975, 13392, 20875, 7146, 5513, 3489, 29870, 18181, 22407, 21023, 12201, 16940, 10838, 9281, 15322, 16869, 6803, 21548, 14993, 9286, 24348, 27628, 15778, 12405, 17864, 5723, 6259, 9584, 2385, 17891, 26381, 25902, 12608, 5273, 28138, 29233, 12043, 16469, 25257, 14324, 18136, 7778, 8175, 24706, 10065, 1723, 8620, 31171, 19394, 11378, 22677, 26007, 28982, 17389, 5550, 13440, 22378, 30857, 14554, 28508, 15333, 13052, 1474, 13466, 26274, 27193, 20395, 16586, 15077, 28915, 29793, 27095, 4345, 27190, 9308, 21768, 26079, 17210, 1511, 11825, 2423, 28000, 13808, 14595, 9042, 1126, 14688, 17473, 5379, 29486, 20414, 1191, 9887, 9367, 17016, 11227, 11562, 21739, 13146, 1038, 27511, 21534, 17685, 26507, 1435, 13391, 5985, 21546, 7880, 4509, 31159, 1262, 9768, 7421, 8690, 8028, 11940, 13784, 13784, 20779, 8028, 24029, 7421, 9768, 31457, 31159, 28210, 7880, 11173, 5985, 13391, 31284, 26507, 15034, 21534, 5208, 1038, 19573, 21739, 21157, 21492, 17016, 23352, 9887, 31528, 20414, 29486, 27340, 17473, 18031, 1126, 23677, 14595, 13808, 4719, 2423, 20894, 1511, 15509, 26079, 21768, 23411, 27190, 28374, 27095, 2926, 3804, 15077, 16133, 20395, 5526, 26274, 19253, 1474, 19667, 15333, 28508, 18165, 30857, 10341, 13440, 27169, 17389, 28982, 6712, 22677, 21341, 19394, 1548, 8620, 30996, 10065, 8013, 8175, 24941, 14583, 14324, 7462, 16469, 20676, 29233, 28138, 27446, 12608, 6817, 26381, 14828, 2385, 23135, 6259, 26996, 14855, 12405, 16941, 27628, 8371, 9286, 17726, 11171, 6803, 15850, 15322, 23438, 10838, 15779, 12201, 21023, 10312, 18181, 2849, 3489, 27206, 7146, 20875, 19327, 6975, 19613, 29901, 7815, 6511, 11503, 31459, 4096, 9999]}]
RELEVANT FILES
src/sdinv/catalog.py
src/sdinv/serialize.py
src/sdinv/checkpoint.py
src/sdinv/interaction.py
src/sdinv/certificate.py
src/sdinv/modp.py
src/sdinv/exactmap.py
src/sdinv/sextic.py
src/sdinv/published_degree10_invariants.py
src/sdinv/index_symmetry_ops.py
src/sdinv/__init__.py
src/sdinv/projection_checkpoint.py
src/sdinv/stress.py
src/sdinv/published_degree12_invariants.py
src/sdinv/forms.py
src/sdinv/primitive.py
src/sdinv/published_degree8_invariants.py
src/sdinv/graph_to_tensor.py
src/sdinv/reverse_block_decomposition.py
src/sdinv/formal_flow.py
src/sdinv/invariant_registry.py
src/sdinv/graphs.py
src/sdinv/contract.py
src/sdinv/latex.py
src/sdinv/spinor_adapter.py
tests/test_leading_degree_rule.py
tests/test_published_degree12_invariants.py
tests/test_graph_to_tensor.py
tests/test_roadmap.py
tests/test_stress_flow_closure.py
tests/test_repository_conventions.py
tests/test_projection_checkpoint_semantics.py
tests/test_projection_checkpoint_resume.py
tests/test_M_only_quotients.py
tests/test_core.py
tests/test_degree12.py
tests/test_interacting_flow_equations.py
tests/test_minimal_generalized_flow.py
tests/test_static_stress_degree12.py
tests/test_index_symmetry_ops.py
tests/test_k6_flow_role.py
tests/test_quotient_cardinality_bound.py
tests/test_G10_trace_activation.py
tests/test_published_degree10_invariants.py
tests/test_d10_characteristic_zero.py
tests/test_sextic.py
tests/test_q10_wording_freeze.py
tests/test_stress_flow.py
tests/test_reverse_block_decomposition.py
tests/test_modular_overflow_guards.py
tests/test_generalized_flow_deficits.py
tests/test_formal_flow.py
docs/PUBLISHED_DEGREE10_FORMULA_STATUS.md
docs/PHYSICS_INTERPRETATION.md
docs/baseline_reproduction_maximal_program.md
docs/stress_flow.md
docs/stress_flow_definition_audit.md
docs/JHEP_SPEC_STATUS.md
docs/FERKO_DRAFT_CLEAN_CLONE.md
docs/PHASE1_PLAN.md
docs/PUBLISHED_DEGREE12_MAP.md
docs/intrinsic_degree10_levelB.md
docs/PUBLICATION_CLAIM_ALLOCATION.md
docs/DIMENSION_DICTIONARY.md
docs/current_claim_audit.md
docs/minimal_generalized_flow.md
docs/DEGREE10_REVERSE_BENCHMARK.md
docs/explicit_F_contractions_degree10.md
docs/DEGREE10_FORMULA_CERTIFICATES.md
docs/PROOF_OBLIGATIONS.md
docs/WHAT_THE_CLASSIFICATION_ENABLES.md
docs/mentor_review_package.md
docs/G10_ANALYTIC_PROOF_FINAL.md
docs/ADVERSARIAL_VALIDATION.md
docs/RESOURCE_PLAN.md
docs/claude_handoff_audit.md
docs/spinor_adapter.md
docs/SOURCE_OVERLAP_AUDIT.md
docs/JHEP_FINAL_CERTIFIED_BASELINE.md
docs/degree10.md
docs/LITERATURE_NOVELTY_MATRIX.md
docs/FRAME_ORIENTATION_FINDING.md
docs/PRIMARY_SOURCE_INGEST.md
docs/MODULAR_CONTRACTION_SAFETY.md
docs/LIVE_STATE_DISCOVERY.md
docs/stress_subalgebra_through_degree12.md
docs/PUBLIC_RELEASE_POLICY.md
docs/PUBLISHED_DEGREE10_BASIS_MAP.md
docs/intrinsic_quotient_spaces.md
docs/intrinsic_sextic_basis.md
docs/MAXIMAL_PROGRAM_STATUS.md
docs/RANK81_PUBLICATION_MATRIX_FINAL.md
docs/DEGREE12_REVERSE_PILOT_PLAN.md
docs/generalized_flow_complete_through_degree12.md
docs/assumptions_limitations_and_open_questions.md
docs/CLAIM_LEDGER.md
docs/PROJECTION_CHECKPOINT_SEMANTICS.md
docs/RANK81_EXACT_CERTIFICATE.md
docs/DEGREE10_NO_STOP_TERMINAL_STATUS.md
docs/PUBLISHED_DEGREE10_INDEX_AUDIT.md
docs/DEGREE10_REVERSE_SEARCH_SCOPE.md
docs/degree12.md
docs/M_ONLY_QUOTIENT_RESULT.md
docs/MENTOR_DRAFT_QUICKSTART.md
docs/Q10_CANONICALITY_SCOPE.md
docs/P12_RESOURCE_FAILURE_ANALYSIS.md
docs/I6_obstruction_proof.md
docs/CLASSIFICATION_ROADMAP.md
docs/published_formula_reproduction.md
docs/B10_P10_INTERSECTION_STATUS.md
docs/JHEP_FINAL_CLEAN_CLONE.md
docs/TERMINAL_REPRODUCTION.md
docs/DEGREE10_REPRODUCTION.md
docs/STRESS_FLOW_GENERAL_FRAMEWORK.md
docs/STRESS_FLOW_THEOREM_ATTEMPT.md
docs/THIRD_PARTY_ARCHIVE_BOUNDARY.md
docs/stress_flow_classification.md
docs/DEGREE10_NO_STOP_CLAIM.md
docs/RANK81_CHARACTERISTIC_ZERO_PROOF.md
docs/DEGREE10_PRODUCT_PRIMITIVE_DECOMPOSITION.md
docs/D10_Q10_CHARACTERISTIC_ZERO_STATUS.md
docs/PUBLISHABILITY_CLEAN_CLONE_FINAL.md
docs/explicit_F_contractions_degree12.md
docs/CLAUDE_SESSION_HANDOFF.md
docs/interacting_stress_tensor.md
docs/RESEARCH_DECISION_LOG.md
results/degree10_benchmarks.json
results/10d_order12.json
results/rank81_certificate.json
results/10d_baseline.json
results/order10_change_of_basis.json
results/rank81_basis.json
results/order8_change_of_basis.json
results/classification_validation.json
results/rank81_lorentz.json
results/stress_flow_exact_low_degree.json
results/10d_graph_catalog.json
results/10d_order10.json
results/degree12_benchmarks.json
results/10d_order8.json
results/rank81/full_rank_matrix_publication_final.csv
results/rank81/rowcache_p32749_s11.json
results/rank81/certificate.json
results/rank81/full_rank_matrix_publication_final.sha256
results/rank81/full_rank_matrix_publication_final.json
results/rank81/minor81_certificate.json
results/intrinsic_candidates/Q10_canonicality_manifest.json
results/intrinsic_candidates/degree10_reverse_benchmark.json
results/intrinsic_candidates/published_degree10_formula_status.json
results/intrinsic_candidates/Q10_ambiguity_relationship.json
results/intrinsic_candidates/Q10_basis_search.json
results/intrinsic_candidates/Q10_pure_N4125_basis_maps.json
results/intrinsic_candidates/published_degree10_map.json
results/intrinsic_candidates/Q10_basis_comparison.json
results/intrinsic_candidates/degree12_reverse_pilot_plan.json
results/intrinsic_candidates/degree10_published_product_intersection.json
results/intrinsic_candidates/p12_projection_monitor.jsonl
results/intrinsic_candidates/published_degree10_holdouts.json
results/intrinsic_candidates/intrinsic_Q10_levelB_basis.json
results/intrinsic_candidates/M_only_quotient_test_deg10.json
results/intrinsic_candidates/degree10_reverse_span_validation.json
results/intrinsic_candidates/Q10_levelA_levelB_map.json
results/intrinsic_candidates/degree10_space_incidence.json
results/intrinsic_candidates/primary_source_manifest.json
results/intrinsic_candidates/published_degree12_map.json
results/intrinsic_candidates/explicit_F_contractions.json
results/intrinsic_candidates/degree10_positive_control.json
results/intrinsic_candidates/degree10_reverse_corrected.json
results/intrinsic_candidates/degree10_reverse_exceptions.json
results/intrinsic_candidates/Q10_pure_N4125_basis.json
results/maximal_program/baseline_manifest.json
results/maximal_program/degree10_reproduction_record.json
results/maximal_program/proof_obligations.json
results/maximal_program/status.json
results/maximal_program/environment.json
results/maximal_program/claim_audit.json
results/generalized_flow/quotient_degree10.json
results/generalized_flow/degree10_missing_directions.json
results/generalized_flow/quotient_degree12.json
results/generalized_flow/degree12_missing_directions.json
results/jhep/publishability_clean_clone_final.json
results/jhep/final_clean_clone.json
results/jhep/final_certified_baseline.json
results/stress_flow/trace_sector.json
results/stress_flow/closure_and_minimality.json
results/stress_flow/D10_characteristic_zero.json
results/stress_flow/theorem_status.json
results/stress_flow/dimension_table.json
results/stress_flow/G10_publication_certificate.json
results/stress_flow/Q10_characteristic_zero.json
results/stress_flow/G10_counterfactual.json
results/stress_flow/interacting_flow_equations.json
results/mentor_draft/scientific_input_manifest.json
results/mentor_draft/ferko_clean_clone.json
results/degree10/no_stop_terminal.json
results/degree10/B10_coordinates_per_prime.json
results/degree10/B10_P10_intersection_generator.json
results/degree10/B10_P10_intersection_exact.json
results/stress_flow/certificates/static_degree12_32611.json
results/stress_flow/certificates/static_degree12_32693.json
results/stress_flow/certificates/static_degree12_32719.json
results/stress_flow/certificates/interacting_degree12_32771.json
results/stress_flow/certificates/static_degree12_32647.json
results/stress_flow/certificates/static_degree12_32621.json
results/stress_flow/certificates/static_degree12_32713.json
results/stress_flow/certificates/interacting_degree12_32717.json
results/stress_flow/certificates/static_degree12_32749.json
results/stress_flow/certificates/interacting_degree12_32719.json
results/stress_flow/certificates/static_degree12_32707.json
results/stress_flow/certificates/interacting_degree12_32693.json
results/stress_flow/certificates/static_degree12_32603.json
results/stress_flow/certificates/static_degree12_32771.json
results/stress_flow/certificates/static_degree12_32687.json
results/stress_flow/certificates/interacting_degree12_32713.json
results/stress_flow/certificates/static_degree12_32717.json
results/stress_flow/certificates/static_degree12_32633.json
results/stress_flow/certificates/static_degree12_32609.json
results/stress_flow/certificates/interacting_degree12_32749.json
results/stress_flow/certificates/static_degree12_32653.json
results/stress_flow/change_of_basis/sextic_intrinsic.json
results/generalized_flow/minimality_certificates/basis_permutation.json
results/generalized_flow/minimality_certificates/ordering_falsification.json
results/rank81/cells/cell_p32719_s11.json
results/rank81/cells/cell_p32713_s11.json
results/rank81/cells/cell_p32717_s33.json
results/rank81/cells/cell_p32749_s33.json
results/rank81/cells/cell_p32693_s11.json
results/rank81/cells/cell_p32749_s22.json
results/rank81/cells/cell_p32717_s22.json
results/rank81/cells/cell_p32693_s33.json
results/rank81/cells/cell_p32713_s22.json
results/rank81/cells/cell_p32719_s22.json
results/rank81/cells/cell_p32713_s33.json
results/rank81/cells/cell_p32717_s11.json
results/rank81/cells/cell_p32719_s33.json
results/rank81/cells/cell_p32749_s11.json
results/rank81/cells/cell_p32693_s22.json
manuscript/main.pdf
manuscript/JHEP.bst
manuscript/references.bib
manuscript/main.tex
manuscript/requirements-docs.txt
manuscript/jheppub.sty
manuscript/generated/numbers.tex
manuscript/generated/identity.tex
manuscript/tables/comparison.tex
manuscript/tables/dimensions.tex
manuscript/tables/jacobian_runs.tex
manuscript/tables/incidence.tex
manuscript/tables/environment.tex
manuscript/jhep/submission_checklist_final.md
manuscript/jhep/main.bbl
manuscript/jhep/cover_letter_final.pdf
manuscript/jhep/main.pdf
manuscript/jhep/JHEP.bst
manuscript/jhep/references.bib
manuscript/jhep/build_manifest.json
manuscript/jhep/main.tex
manuscript/jhep/jheppub.sty
manuscript/jhep/cover_letter.pdf
manuscript/jhep/.gitignore
manuscript/jhep/claim_ledger.md
manuscript/jhep/submission_checklist.md
manuscript/jhep/JHEP_METADATA_FINAL.md
manuscript/jhep/build.log
manuscript/appendices/reproduction.tex
manuscript/appendices/formulas.tex
manuscript/appendices/conventions.tex
manuscript/appendices/algorithms.tex
manuscript/appendices/jacobian.tex
manuscript/appendices/certificates.tex
manuscript/prd_letter/main.bbl
manuscript/prd_letter/main.pdf
manuscript/prd_letter/references.bib
manuscript/prd_letter/main.tex
manuscript/prd_letter/main.aux
manuscript/prd_letter/main.log
manuscript/prd_letter/main.blg
manuscript/prl/supplementalNotes.bib
manuscript/prl/author_contributions.md
manuscript/prl/main.bbl
manuscript/prl/main.pdf
manuscript/prl/macros.tex
manuscript/prl/significance_statement.md
manuscript/prl/references.bib
manuscript/prl/word_count.sh
manuscript/prl/main.tex
manuscript/prl/code_availability.md
manuscript/prl/build.sh
manuscript/prl/make_prl_figures.py
manuscript/prl/end_matter.tex
manuscript/prl/supplemental.tex
manuscript/prl/supplemental.pdf
manuscript/prl/data_availability.md
manuscript/scripts/make_figures.py
manuscript/scripts/check_manuscript.py
manuscript/scripts/make_numbers.py
manuscript/scripts/make_identity.py
manuscript/scripts/make_tables.py
manuscript/prd/main.bbl
manuscript/prd/main.pdf
manuscript/prd/references.bib
manuscript/prd/main.tex
manuscript/prd/build_prd.py
manuscript/prd/main.aux
manuscript/prd/main.log
manuscript/prd/main.blg
manuscript/prd/generated/numbers.tex
manuscript/prd/generated/identity.tex
manuscript/prd/tables/tab01_notation.tex
manuscript/prd/tables/tab05_candidates.tex
manuscript/prd/tables/tab13_claim_strength.tex
manuscript/prd/tables/tab06_matrix.tex
manuscript/prd/tables/tab04_spans.tex
manuscript/prd/tables/tab03_products.tex
manuscript/prd/tables/tab11_tests.tex
manuscript/prd/tables/tab12_environment.tex
manuscript/prd/tables/tab08_quotient.tex
manuscript/prd/tables/tab07_degree10.tex
manuscript/prd/tables/tab10_certificates.tex
manuscript/prd/tables/tab02_degree_ranks.tex
manuscript/prd/tables/tab09_b10.tex
manuscript/prd/appendices/app_c_bridge.tex
manuscript/prd/appendices/app_l_reproduction.tex
manuscript/prd/appendices/app_d_blocks.tex
manuscript/prd/appendices/app_g_rank81.tex
manuscript/prd/appendices/app_j_b10.tex
manuscript/prd/appendices/app_f_maps.tex
manuscript/prd/appendices/app_b_orientation.tex
manuscript/prd/appendices/app_a_conventions.tex
manuscript/prd/appendices/app_k_algorithms.tex
manuscript/prd/appendices/app_e_bases.tex
manuscript/prd/appendices/app_i_gten.tex
manuscript/prd/appendices/app_h_closure.tex
manuscript/prd/figures/fig01_degree_spectrum.pdf
manuscript/prd/figures/fig02_degree8_ablation.pdf
manuscript/prd/figures/fig05_rational_heights.pdf
manuscript/prd/figures/fig03_rank_matrix.pdf
manuscript/prd/figures/fig04_pivot_composition.pdf
manuscript/prl/generated/numbers.tex
manuscript/prl/figures/prl_crossvalidation.pdf
manuscript/prl/figures/prl_spaces.pdf
manuscript/prd_letter/generated/numbers.tex
manuscript/prd_letter/generated/identity.tex
manuscript/prd_letter/figures/fig01_degree_spectrum.pdf
manuscript/prd_letter/figures/fig02_degree8_ablation.pdf
manuscript/prd_letter/figures/fig05_rational_heights.pdf
manuscript/prd_letter/figures/fig03_rank_matrix.pdf
manuscript/prd_letter/figures/fig04_pivot_composition.pdf
manuscript/jhep/generated/numbers.tex
manuscript/jhep/generated/identity.tex
manuscript/jhep/tables/tab01_notation.tex
manuscript/jhep/tables/tab05_candidates.tex
manuscript/jhep/tables/tab13_claim_strength.tex
manuscript/jhep/tables/tab06_matrix.tex
manuscript/jhep/tables/tab04_spans.tex
manuscript/jhep/tables/tab03_products.tex
manuscript/jhep/tables/tab11_tests.tex
manuscript/jhep/tables/tab12_environment.tex
manuscript/jhep/tables/tab08_quotient.tex
manuscript/jhep/tables/tab07_degree10.tex
manuscript/jhep/tables/tab10_certificates.tex
manuscript/jhep/tables/tab02_degree_ranks.tex
manuscript/jhep/tables/tab09_b10.tex
manuscript/jhep/appendices/app_c_bridge.tex
manuscript/jhep/appendices/app_l_reproduction.tex
manuscript/jhep/appendices/app_d_blocks.tex
manuscript/jhep/appendices/app_g_rank81.tex
manuscript/jhep/appendices/app_j_b10.tex
manuscript/jhep/appendices/app_f_maps.tex
manuscript/jhep/appendices/app_b_orientation.tex
manuscript/jhep/appendices/app_a_conventions.tex
manuscript/jhep/appendices/app_k_algorithms.tex
manuscript/jhep/appendices/app_e_bases.tex
manuscript/jhep/appendices/app_i_gten.tex
manuscript/jhep/appendices/app_h_closure.tex
manuscript/jhep/figures/fig01_degree_spectrum.pdf
manuscript/jhep/figures/fig02_degree8_ablation.pdf
manuscript/jhep/figures/fig05_rational_heights.pdf
manuscript/jhep/figures/fig03_rank_matrix.pdf
manuscript/jhep/figures/fig04_pivot_composition.pdf
manuscript/jhep/scripts/build_manifests.py
manuscript/jhep/scripts/build_mentor_package.py
manuscript/jhep/scripts/make_figures.py
manuscript/jhep/scripts/sync_review_anchors.py
manuscript/jhep/scripts/build_input_manifest.py
manuscript/jhep/scripts/check_draft.py
manuscript/jhep/scripts/build_ferko_delivery.py
manuscript/jhep/scripts/make_tables.py
README
# Lorentz invariants of a self-dual 5-form in 10D

**September 2026 graph-certificate release:** the same explicit 81 graphs now
have fresh nonzero 81×81 Jacobian minors at two points under each of two
primes. See [the roadmap and proof scope](docs/CLASSIFICATION_ROADMAP.md),
[the ordered basis](results/rank81_basis.json),
[the complete witnesses](results/rank81_certificate.json), and
[the manuscript with all formulas](paper/manuscript.pdf).
The octic literature map includes product corrections; the degree-ten map
records why the requested invertible 12×12 identification is unavailable for
the implemented source readings. Run `python scripts/verify_rank81.py` for
the saved-matrix check or add `--recompute` to re-evaluate every graph.

Extension of Elamaran–Ferko–Scarlett, *Machine Learning Invariants of Tensors*
([arXiv:2512.23750](https://arxiv.org/abs/2512.23750), Phys. Rev. D).

## The question

How many functionally independent Lorentz scalars can be built from a
self-dual 5-form $F^+_{\mu_1\ldots\mu_5}$ in ten dimensions, and what are they
explicitly?

The **count is known: 81** (Hutomo–Lechner–Sorokin,
[arXiv:2509.14351](https://arxiv.org/abs/2509.14351), JHEP 02 (2026) 147;
structural analysis in Cederwall–Hutomo–Kuzenko–Lechner–Sorokin,
[arXiv:2509.14350](https://arxiv.org/abs/2509.14350)).

The degree-by-degree partition function is also known through order 22. In
particular,

> $P(t)=1+t^4+2t^6+7t^8+\cdots
> =(1-t^4)^{-1}(1-t^6)^{-2}(1-t^8)^{-6}\cdots$.

Thus there is one quartic generator, two sextic generators, and six octic
generators; the seventh degree-8 scalar is the product $I_4^2$. The literature
gives a tensor basis for the octic generators. This repo supplies an explicit
contraction-graph basis and independently checks its Jacobian rank.

Physics payoff: the most general Lagrangian depending on $F_5$ but not its
derivatives is an arbitrary function of those scalars, which controls
ModMax-type and $T\bar{T}$-like flows for chiral 4-form theories (type IIB).

## Status

| Case | Result |
|---|---|
| 6D generic 3-form (reproduction) | **PASS** — 5 invariants, pattern 1,2,1,1 at orders 2,4,6,8, confirmed under two primes |
| 10D self-dual 5-form, order 4 | **1** independent invariant (all 4 candidate graphs enumerated — complete) |
| 10D, order 6 | **2** new independent invariants, running rank **3 / 81** (49 exact graph classes) |
| 10D, order 8 | **6** new independent invariants, running rank **9 / 81** (1,689 exact graph classes; complete under two primes) |
| 10D, order 10 | **12** new connected primitive directions, running rank **21 / 81**; degree-10 value rank **14** after adding $I_4I_{6,1}$ and $I_4I_{6,2}$ (187,392 exact graph classes; two primes, three Jacobian samples per prime) |
| 10D, order 12 | **62** connected primitive polynomial directions plus **10** lower products give degree-12 rank **72**; 60 add functional directions, giving the full cumulative rank **81 / 81**. The remaining `I12_61` and `I12_62` are polynomially independent but add no cumulative functional direction (three primes, four samples per prime). |
| Exact stress-flow map through degree 10 | **PASS** — free-stress dimensions **1,1,2,2** inside five-form value dimensions **1,2,7,14**; exact ModMax $I_8/I_{12}$ reproduction under three primes |

Artifacts:

- [`results/10d_order8.json`](results/10d_order8.json) — the nine graph
  generators, two-prime rank logs, and completeness claim.
- [`results/10d_graph_catalog.json`](results/10d_graph_catalog.json) — all
  4, 49, and 1,689 exact isomorphism classes at orders 4, 6, and 8.
- [`results/10d_baseline.json`](results/10d_baseline.json) — the original
  order-4/order-6 baseline.
- [`results/10d_order10.json`](results/10d_order10.json) — the twelve
  explicit degree-10 graph generators, the two product directions, and exact
  two-prime validation evidence.
- [`results/degree10_benchmarks.json`](results/degree10_benchmarks.json) —
  stage distributions and before/after optimization measurements.
- [`docs/degree10.md`](docs/degree10.md) — catalog, checkpoint, reproduction,
  benchmark, and limitation details.
- [`results/10d_order12.json`](results/10d_order12.json) — all 62 explicit
  order-12 graphs, ten product directions, 83-candidate primitive inventory,
  and the 3-prime by 4-sample exact certificate.
- [`results/degree12_benchmarks.json`](results/degree12_benchmarks.json) —
  generation, planning, contraction, rank, checkpoint, width, and RSS
  distributions.
- [`docs/degree12.md`](docs/degree12.md) — proof scope, exact shard hashes,
  staged reproduction, memory bounds, and clean-checkout revalidation.
- [`results/stress_flow_exact_low_degree.json`](results/stress_flow_exact_low_degree.json)
  — five-prime rational change-of-basis matrices, exact complement
  certificates, ModMax regressions, and the flow-closure pilot.
- [`docs/stress_flow.md`](docs/stress_flow.md) — paper conventions,
  normalization, maps, obstructions, perturbative scope, and degree-12 import
  contract.

### The degree-12 result

The homogeneous degree-12 scalar space has exact rank **72** on the committed
basis:

- $I_{4,1}^3$;
- $I_{6,1}^2$, $I_{6,1}I_{6,2}$, and $I_{6,2}^2$;
- $I_{4,1}I_{8,k}$ for $k=1,\ldots,6$; and
- 62 explicit connected contractions
  $I_{12,1},\ldots,I_{12,62}$.

Polynomial independence is certified by exact ranks of gradients stacked
across four independent generic points. This matters: at one point the ten
product gradients lie in the lower tangent span and cannot themselves have
rank ten. Across four points, the ten products and all 62 connected
directions are pivots, giving rank 72. Attaining the supplied Hilbert-series
upper bound proves degree-12 completeness.

For functional independence, the 21 lower primitive rows and the first 60
order-12 rows give rank **81**. `I12_61` and `I12_62` remain new homogeneous
polynomials but their Jacobian rows reduce to zero against that cumulative
basis. This exact pattern repeats at all four seeds under each of primes
32749, 32719, and 32693. All selected values are nonzero in those runs, and
all 62 graphs pass an exact SO(1,9) boost check under every prime.

### The degree-10 result

The exact degree-10 value space has rank **14** on the saved basis:
twelve connected contractions $I_{10,1},\ldots,I_{10,12}$ plus the two lower
products $I_{4,1}I_{6,1}$ and $I_{4,1}I_{6,2}$. The twelve graph formulas and
canonical SHA-256 IDs are explicit in
[`results/10d_order10.json`](results/10d_order10.json).

At each of seeds 20260729, 20260730, and 20260731, and under both primes 32749
and 32719, the lower generators have cumulative Jacobian rank 9 and the twelve
degree-10 rows raise it to **21**. Separately, sixteen value samples per prime
give exact rank **14** for the homogeneous degree-10 basis. Reaching the
published upper bound of twelve new primitives proves completeness at this
degree; it does not claim a polynomial generating set through all degrees.

### The six order-8 graph generators

`nij^m` means that tensor copies `i` and `j` share `m` contracted indices.
Every omitted pair has multiplicity zero.

| ID | Exact contraction graph |
|---|---|
| $I_{8,1}$ | `n8[04^4,05^1,14^1,16^4,25^4,27^1,36^1,37^4]` |
| $I_{8,2}$ | `n8[03^4,06^1,14^4,16^1,25^4,26^1,37^1,47^1,57^1,67^2]` |
| $I_{8,3}$ | `n8[03^4,04^1,14^1,15^1,16^2,17^1,25^4,26^1,37^1,46^1,47^2,67^1]` |
| $I_{8,4}$ | `n8[03^2,06^2,07^1,14^4,16^1,25^4,26^1,36^1,37^2,47^1,57^1]` |
| $I_{8,5}$ | `n8[03^2,04^1,06^2,14^2,15^1,17^2,25^4,26^1,36^2,37^1,47^2]` |
| $I_{8,6}$ | `n8[03^2,06^2,07^1,14^2,15^1,16^2,24^1,25^2,27^2,36^1,37^2,45^2]` |

These six Jacobian rows add six directions to the quartic/sextic basis under
both primes 32749 and 32719. This meets the published upper bound of six new
octic generators, so the list is complete. The remaining degree-8 scalar is
the disconnected product $I_4^2$.

### Exact order-8 enumeration

The catalog is generated with nauty 2.9.3:

```bash
geng -cq 8 | multig -q -T -m4 -r5
```

`geng` emits each connected underlying simple graph once. `multig` assigns
edge multiplicities, enforces degree 5 and maximum multiplicity 4, and
suppresses isomorphic weighted outputs. The result is exactly **1,689**
connected candidates. `pynauty` supplies an independent exact certificate in
the tests; no Weisfeiler-Lehman hash is used for correctness.

### Why the tests use a boost, not just a rotation

`test_10d_contractions_survive_a_lorentz_boost` applies a genuine SO(1,9) element.
This is deliberate: if raised/lowered indices are assigned **per tensor copy**
rather than **per contracted edge**, an edge joining two same-placement vertices
contracts with $\delta$ instead of $\eta$. A pure rotation cannot see that error —
$\delta$ and $\eta$ agree on the spatial block — so the quantity looks invariant
and is not. A boost mixes the timelike direction and exposes it immediately.
Any candidate that changes value under a boost is not an invariant, whatever a
rank count says.

## Method

**Candidate generation is a graph enumeration, not a search.** A fully
contracted scalar from $n$ copies of a $p$-form is a perfect matching on the
$np$ index slots, and the induced multigraph has every vertex of valence $p$.
So the complete candidate list at order $n$ is:

> symmetric $n\times n$ non-negative integer matrices, zero diagonal, every row sum $= p$

Two exact pruning rules: no self-loops (a self-contraction of an antisymmetric
form vanishes), and $m_{ij} \le p-1$ for the self-dual case (multiplicity $p$
forces a factor $F\cdot F = 0$). Disconnected graphs are products of lower
invariants and can never raise the rank, so they are dropped.

**Functional independence is a Jacobian rank.** Given candidates $I_a$, the generic rank
of $\partial I_a/\partial A^k$ is the number of functionally independent
invariants. A uniformly random point over a large finite field attains that
generic rank with high probability. The order-12 certificate is recomputed at
four points under three primes to guard against unlucky specializations.

**Homogeneous polynomial independence uses stacked gradients.** If a linear
combination of same-degree homogeneous polynomials vanishes identically, its
gradient vanishes at every point. Therefore a rank-$r$ matrix obtained by
concatenating their exact gradients at several points proves at least $r$
linearly independent polynomials. The order-12 run attains the known upper
bound 72, so the lower and upper bounds coincide.

$I$ is multilinear in its $n$ vertices, so
$\partial I/\partial A^k = \sum_v [\text{graph with } F \text{ at } v \to P(e_k)]$.
The production code contracts the tensor network once and reverse-
differentiates its globally optimized contraction tree, reusing intermediates
for all vertices. A separate amputated-tensor implementation remains as a
correctness oracle in the tests.

**Arithmetic is exact over $\mathbb{F}_p$.** Invariant values span an enormous
dynamic range, so a float SVD forces you to guess a rank tolerance — and that
guess *is* the answer. Over $\mathbb{F}_p$, zero means zero. Every result is
confirmed under a second prime.

## Read this before changing the core

`np.einsum` multiplies **all** operands before summing. At order $n$ the
products reach $p^n$, int64 wraps past $2^{63}$, and **numpy raises nothing** —
you get plausible, confident, wrong numbers. Asking for an optimised path does
not save you: for a symmetric contraction numpy will return a single step
contracting all $n$ operands at once.

This bug appeared three times during development. It produced rank 9 and then
rank 7 for a quantity whose mathematical ceiling is 5. It was only ever caught
by comparing against exact bigint arithmetic.

`mod_einsum` therefore contracts **strictly two operands at a time** with
reduction after every step, plus an explicit overflow guard. Large pairwise
contractions use float64/BLAS only when every unreduced integer sum is proven
to stay below $2^{53}$, so the result remains exact. Do not replace this with a
bare multi-operand `np.einsum` call.

## Run it

```bash
python3 -m venv .venv && source .venv/bin/activate
pip install -r requirements.txt

pytest tests/ -v              # gates. must pass before trusting anything.
python3 scripts/run_6d.py     # reproduction. must print PASS.
python3 scripts/run_10d.py    # orders 4, 6, 8 under both primes
```

`run_6d.py` is the gate. If it does not print PASS, every 10D number is
meaningless — fix that first.

The exact catalog is committed. To regenerate it, install
[nauty](https://pallini.di.uniroma1.it/) so `geng` and `multig` are on `PATH`,
then run:

```bash
python3 scripts/generate_graph_catalog.py
```

The checkpointed degree-10 workflow uses nauty 2.9.3 and is documented with
copy-paste commands in [`docs/degree10.md`](docs/degree10.md). A clean checkout
can revalidate the committed formulas without regenerating the discovery
catalog:

```bash
python3 scripts/degree10_pipeline.py validate \
  --selection-result results/10d_order10.json \
  --skip-catalog-check \
  --primes 32749 32719 \
  --jacobian-seeds 20260729 20260730 20260731 \
  --value-seed-start 20260801 --value-samples 16 \
  --out /tmp/10d_order10_revalidated.json
```

The committed order-12 formulas can likewise be revalidated without any
generated catalog or checkpoint:

```bash
.venv/bin/python scripts/degree12_pipeline.py validate \
  --selection-result results/10d_order12.json \
  --primes 32749 32719 32693 \
  --seeds 20260729 20260730 20260731 20260732 \
  --out /tmp/10d_order12_revalidated.json
```

See [`docs/degree12.md`](docs/degree12.md) for exact shard generation and
discovery commands.

## Scope

The repository now gives an explicit trace-contraction realization of all
**81 functionally independent invariants through order 12**, along with all
72 homogeneous degree-12 directions. It does not claim that these 81
functions form a freely generated polynomial ring, nor does it claim an
exhaustive count of every order-12 contraction graph. Degree-12 completeness
uses the known Hilbert-series upper bound together with the exact rank-72
lower bound.

## Layout

```
src/sdinv/modp.py      exact F_p linear algebra, overflow-safe pairwise einsum
src/sdinv/forms.py     p-forms, Hodge dual via index complement, self-dual projector
src/sdinv/graphs.py    exact multigraph certificates, nauty generation, catalogs
src/sdinv/contract.py  contraction evaluation, optimized reverse-mode Jacobian
src/sdinv/catalog.py   atomic checksummed streaming graph shards
src/sdinv/checkpoint.py durable identity-checked rank checkpoints
src/sdinv/spinor_adapter.py future exact trace/spinor column-space comparison
src/sdinv/stress.py      paper-normalized M, N, T, ModMax I8/I12 identities
src/sdinv/invariant_registry.py committed low-degree and degree-12 import registry
src/sdinv/exactmap.py    modular solves, CRT, rational maps, complements
scripts/run_6d.py      reproduction gate
scripts/run_10d.py     two-prime complete computation through order 8
scripts/generate_graph_catalog.py  exact nauty catalog generation
scripts/degree10_pipeline.py generation, scheduling, discovery, validation, benchmarks
scripts/degree12_pipeline.py bounded order-12 shards, discovery, validation, benchmarks
scripts/stress_flow_pipeline.py exact stress map and physics-stage artifact
tests/test_core.py     core correctness gates
tests/test_degree12.py committed order-12 certificate gates
tests/test_stress_flow.py paper, Lorentz, map, and closure-pilot gates
```

## Next questions

1. What is the explicit change of basis between these six graph contractions
   and the six tensor expressions in arXiv:2509.14350v2?
2. What are compact tensor-word expressions for the 62 saved order-12 graph
   contractions?
3. What are explicit differential relations for `I12_61` and `I12_62`
   against the 81-row functional basis?
4. At what degree do the first nonlinear relations among the published
   generator counts appear?

