START 32693 202609071701
DONE 32693 202609071701 {'form_blocks': 0.6589650410460308, 'source_scalars': 1.9394124170066789, 'graph_scalars': 2.9855037920642644}
START 32693 202609071702
DONE 32693 202609071702 {'form_blocks': 0.544647250091657, 'source_scalars': 1.7117225000401959, 'graph_scalars': 2.4476087499642745}
START 32693 202609071703
DONE 32693 202609071703 {'form_blocks': 0.5938554169842973, 'source_scalars': 1.9003256669966504, 'graph_scalars': 2.916244624997489}
START 32693 202609071704
DONE 32693 202609071704 {'form_blocks': 0.5554425839800388, 'source_scalars': 1.7953199580078945, 'graph_scalars': 2.6867428340483457}
START 32693 202609071705
DONE 32693 202609071705 {'form_blocks': 0.5898105829255655, 'source_scalars': 1.7437170409830287, 'graph_scalars': 2.931890624924563}
START 32693 202609071706
DONE 32693 202609071706 {'form_blocks': 0.6642719589872286, 'source_scalars': 2.024595374939963, 'graph_scalars': 3.0734740409534425}
START 32693 202609071707
DONE 32693 202609071707 {'form_blocks': 0.7527166249928996, 'source_scalars': 2.0095734590431675, 'graph_scalars': 2.8879875839920714}
START 32693 202609071708
DONE 32693 202609071708 {'form_blocks': 0.6282100420212373, 'source_scalars': 1.7520914999768138, 'graph_scalars': 2.5946046659955755}
START 32693 202609071709
DONE 32693 202609071709 {'form_blocks': 0.5984600830124691, 'source_scalars': 2.0484471248928457, 'graph_scalars': 3.375082500046119}
START 32693 202609071710
DONE 32693 202609071710 {'form_blocks': 0.6616032080492005, 'source_scalars': 2.052282082964666, 'graph_scalars': 2.918595750001259}
START 32693 202609071711
DONE 32693 202609071711 {'form_blocks': 0.6432352919364348, 'source_scalars': 1.9060649169841781, 'graph_scalars': 2.951242540962994}
START 32693 202609071712
DONE 32693 202609071712 {'form_blocks': 0.6732943329261616, 'source_scalars': 1.9790474170586094, 'graph_scalars': 2.7639829580439255}
START 32693 202609071713
DONE 32693 202609071713 {'form_blocks': 0.6015144999837503, 'source_scalars': 1.9358978749951348, 'graph_scalars': 3.425017667002976}
START 32693 202609071714
DONE 32693 202609071714 {'form_blocks': 0.6124175419099629, 'source_scalars': 2.192415124969557, 'graph_scalars': 3.398815124994144}
START 32693 202609071715
DONE 32693 202609071715 {'form_blocks': 0.6535738749662414, 'source_scalars': 2.0605010830331594, 'graph_scalars': 3.147658707923256}
START 32693 202609071716
DONE 32693 202609071716 {'form_blocks': 0.6236517500365153, 'source_scalars': 1.9544421659084037, 'graph_scalars': 2.915981209021993}
