#!/usr/bin/env python3
"""Capture one independent-audit command without reusing any prior output."""
import argparse
import hashlib
import json
import os
from pathlib import Path
import subprocess
import time

ROOT = Path(__file__).resolve().parent


def main():
    parser = argparse.ArgumentParser()
    parser.add_argument("--name", required=True)
    parser.add_argument("--cwd", type=Path, default=ROOT / "checkout")
    parser.add_argument("command", nargs=argparse.REMAINDER)
    args = parser.parse_args()
    command = args.command[1:] if args.command[:1] == ["--"] else args.command
    directory = ROOT / "commands" / args.name
    directory.mkdir(parents=True, exist_ok=False)
    overrides = {"PYTHONNOUSERSITE": "1", "PYTHONPYCACHEPREFIX": str(ROOT / "pycache"),
                 "XDG_CACHE_HOME": str(ROOT / "cache"), "PIP_NO_CACHE_DIR": "1",
                 "PIP_CONFIG_FILE": "/dev/null", "OMP_NUM_THREADS": "1",
                 "OPENBLAS_NUM_THREADS": "1", "VECLIB_MAXIMUM_THREADS": "1"}
    record = {"argv": command, "cwd": str(args.cwd.resolve()), "environment_overrides": overrides,
              "started_unix": time.time(), "status": "running"}
    metadata = directory / "command.json"
    metadata.write_text(json.dumps(record, indent=2) + "\n")
    started = time.monotonic()
    with (directory / "stdout.log").open("wb") as stdout, (directory / "stderr.log").open("wb") as stderr:
        process = subprocess.Popen(command, cwd=args.cwd, env={**os.environ, **overrides}, stdout=stdout, stderr=stderr)
        record["pid"] = process.pid
        metadata.write_text(json.dumps(record, indent=2) + "\n")
        record["exit_code"] = process.wait()
    record.update({"seconds": time.monotonic() - started, "finished_unix": time.time(), "status": "completed"})
    record["logs"] = {name: {"sha256": hashlib.sha256((directory / name).read_bytes()).hexdigest(),
                              "bytes": (directory / name).stat().st_size} for name in ("stdout.log", "stderr.log")}
    metadata.write_text(json.dumps(record, indent=2) + "\n")
    print(json.dumps(record, indent=2), flush=True)
    return record["exit_code"]


if __name__ == "__main__":
    raise SystemExit(main())

CHECKOUT FILES
paper
manuscript
cluster
spinor_trace_bridge
pytest.ini
requirements.txt
release_candidate
PUSH.md
tests
release
THIRD_PARTY_NOTICES.md
docs
NOTICE
README.md
results
verification
third_party
audit
.gitignore
review
figures
scripts
submission_candidate
.git
requirements-lock.txt
.zenodo.json
src
CERTIFICATE
{
  "basis_sha256": "ef6d64e6e71a0468c4b2e1ba878cb8a25fcdde1d6788d3a6bca5da6bf7fb20d6",
  "complete": true,
  "coordinate_component_indices": [
    0,
    1,
    2,
    3,
    4,
    5,
    6,
    7,
    8,
    9,
    10,
    11,
    12,
    13,
    14,
    15,
    16,
    17,
    18,
    19,
    20,
    21,
    22,
    23,
    24,
    25,
    26,
    27,
    28,
    29,
    30,
    31,
    32,
    33,
    34,
    35,
    36,
    37,
    38,
    39,
    40,
    41,
    42,
    43,
    44,
    45,
    46,
    47,
    48,
    49,
    50,
    51,
    52,
    53,
    54,
    55,
    56,
    57,
    58,
    59,
    60,
    61,
    62,
    63,
    64,
    65,
    66,
    67,
    68,
    69,
    70,
    71,
    72,
    73,
    74,
    75,
    76,
    77,
    78,
    79,
    80,
    81,
    82,
    83,
    84,
    85,
    86,
    87,
    88,
    89,
    90,
    91,
    92,
    93,
    94,
    95,
    96,
    97,
    98,
    99,
    100,
    101,
    102,
    103,
    104,
    105,
    106,
    107,
    108,
    109,
    110,
    111,
    112,
    113,
    114,
    115,
    116,
    117,
    118,
    119,
    120,
    121,
    122,
    123,
    124,
    125
  ],
  "coordinate_convention": "A_I = F_I for sorted 5-tuples I containing 0; F = sum_I A_I (e_I + *e_I).",
  "integral_directions_sha256": "e1a48f2071670fce31d7694eeddf091caffec94dec1056aba52468c39f930bb8",
  "planned_cells": [
    [
      32749,
      20260907
    ],
    [
      32749,
      20260908
    ],
    [
      32719,
      20260907
    ],
    [
      32719,
      20260908
    ]
  ],
  "proof": "Each graph is an integer polynomial in A. A nonzero 81x81 Jacobian minor modulo a prime proves generic characteristic-zero rank at least 81. The known quotient dimension supplies the upper bound; this is not a full invariant-ring presentation or a global coordinate chart.",
  "schema": 1,
  "upper_bound_source": "https://arxiv.org/abs/2509.14350v2",
  "witnesses": [
    {
      "basis_sha256": "ef6d64e6e71a0468c4b2e1ba878cb8a25fcdde1d6788d3a6bca5da6bf7fb20d6",
      "coordinates": [
        23242,
        6671,
        4523,
        16169,
        20792,
        19518,
        16632,
        15463,
        30979,
        12651,
        12057,
        12738,
        14177,
        25150,
        20741,
        24565,
        7703,
        22701,
        28391,
        29092,
        13780,
        10278,
        28311,
        14503,
        14791,
        4263,
        18976,
        9774,
        7706,
        16676,
        26470,
        30830,
        27811,
        24289,
        18454,
        1941,
        27145,
        25524,
        5422,
        17448,
        3451,
        9056,
        8240,
        6604,
        19211,
        2764,
        27351,
        32199,
        21431,
        31440,
        16595,
        15209,
        17261,
        15901,
        21367,
        15990,
        21375,
        30297,
        20803,
        6083,
        28754,
        27644,
        7809,
        12017,
        18724,
        3321,
        26316,
        30136,
        22143,
        23422,
        26330,
        13443,
        26939,
        31932,
        29249,
        30479,
        17118,
        19742,
        6645,
        15131,
        25799,
        18669,
        14260,
        9482,
        6071,
        16955,
        28307,
        3237,
        29291,
        30887,
        10156,
        18981,
        12398,
        5791,
        4907,
        31351,
        11741,
        23676,
        4588,
        2906,
        5780,
        29049,
        31426,
        172,
        17362,
        13965,
        31695,
        12785,
        30692,
        3907,
        20246,
        19528,
        31764,
        23097,
        31249,
        4767,
        1769,
        1995,
        16291,
        3213,
        25902,
        26989,
        6089,
        19505,
        28714,
        28562
      ],
      "cumulative_rank_by_degree": {
        "10": 21,
        "12": 81,
        "4": 1,
        "6": 3,
        "8": 9
      },
      "determinant_mod_p": 20345,
      "euler_homogeneity": true,
      "invariant_ids": [
        "I4_1",
        "I6_1",
        "I6_2",
        "I8_1",
        "I8_2",
        "I8_3",
        "I8_4",
        "I8_5",
        "I8_6",
        "I10_1",
        "I10_2",
        "I10_3",
        "I10_4",
        "I10_5",
        "I10_6",
        "I10_7",
        "I10_8",
        "I10_9",
        "I10_10",
        "I10_11",
        "I10_12",
        "I12_1",
        "I12_2",
        "I12_3",
        "I12_4",
        "I12_5",
        "I12_6",
        "I12_7",
        "I12_8",
        "I12_9",
        "I12_10",
        "I12_11",
        "I12_12",
        "I12_13",
        "I12_14",
        "I12_15",
        "I12_16",
        "I12_17",
        "I12_18",
        "I12_19",
        "I12_20",
        "I12_21",
        "I12_22",
        "I12_23",
        "I12_24",
        "I12_25",
        "I12_26",
        "I12_27",
        "I12_28",
        "I12_29",
        "I12_30",
        "I12_31",
        "I12_32",
        "I12_33",
        "I12_34",
        "I12_35",
        "I12_36",
        "I12_37",
        "I12_38",
        "I12_39",
        "I12_40",
        "I12_41",
        "I12_42",
        "I12_43",
        "I12_44",
        "I12_45",
        "I12_46",
        "I12_47",
        "I12_48",
        "I12_49",
        "I12_50",
        "I12_51",
        "I12_52",
        "I12_53",
        "I12_54",
        "I12_55",
        "I12_56",
        "I12_57",
        "I12_58",
        "I12_59",
        "I12_60"
      ],
      "jacobian": [
        [
          15554,
          17356,
          15634,
          27587,
          20958,
          5348,
          10396,
          460,
          11087,
          27497,
          20932,
          9168,
          20197,
          12854,
          25987,
          23986,
          4147,
          14400,
          3518,
          26385,
          11353,
          16270,
          4751,
          555,
          5811,
          7436,
          12504,
          29652,
          13215,
          28943,
          7156,
          10616,
          6386,
          16711,
          1581,
          25622,
          5908,
          22788,
          27273,
          6036,
          8756,
          28344,
          10677,
          25528,
          7785,
          22087,
          15255,
          6156,
          31033,
          1185,
          14747,
          1926,
          11862,
          961,
          27355,
          16926,
          10298,
          29905,
          27877,
          27770,
          7238,
          24253,
          23445,
          32370,
          8307,
          8346,
          9149,
          20199,
          19673,
          2504,
          27869,
          29945,
          28737,
          23978,
          10072,
          19103,
          3615,
          6092,
          3967,
          11221,
          8592,
          20724,
          5252,
          21175,
          5091,
          11791,
          13359,
          3166,
          2928,
          27393,
          3194,
          26682,
          11288,
          25934,
          5108,
          14585,
          17058,
          6500,
          17641,
          16588,
          13419,
          27283,
          14946,
          31965,
          4272,
          9860,
          7078,
          5978,
          11680,
          14288,
          3154,
          11192,
          8112,
          21494,
          19453,
          32647,
          8788,
          23955,
          27255,
          5257,
          8953,
          23865,
          30393,
          27909,
          27661,
          25007
        ],
        [
          18491,
          14253,
          7782,
          1146,
          5262,
          5538,
          2079,
          14484,
          10155,
          12939,
          17746,
          24930,
          195,
          17606,
          13936,
          20243,
          22209,
          22842,
          23248,
          23832,
          25136,
          315,
          15735,
          21205,
          15383,
          9099,
          28681,
          26161,
          25002,
          7635,
          30778,
          2229,
          11587,
          11379,
          8169,
          9016,
          1645,
          5105,
          13632,
          18793,
          29608,
          26434,
          18,
          26808,
          16836,
          16813,
          52,
          3697,
          1882,
          13760,
          11519,
          6229,
          20224,
          20550,
          22285,
          15391,
          20436,
          10335,
          15508,
          22061,
          14709,
          8752,
          3634,
          16525,
          4674,
          701,
          13199,
          11866,
          11622,
          285,
          24251,
          25126,
          344,
          31215,
          31350,
          7628,
          1250,
          23782,
          21842,
          21334,
          26239,
          23075,
          31791,
          23657,
          27530,
          26564,
          28858,
          12266,
          21523,
          7078,
          26996,
          16783,
          12779,
          2604,
          16521,
          21640,
          7984,
          18157,
          28537,
          28568,
          2264,
          19308,
          23509,
          6211,
          19235,
          18412,
          6640,
          20617,
          30857,
          29511,
          25627,
          2387,
          18019,
          15833,
          15643,
          22444,
          15568,
          30426,
          22465,
          2503,
          7165,
          947,
          17090,
          20054,
          32408,
          18300
        ],
        [
          28797,
          2442,
          25775,
          32146,
          19395,
          18479,
          3399,
          19574,
          27777,
          8795,
          67,
          16728,
          929,
          6311,
          4138,
          22009,
          16391,
          26512,
          3019,
          16591,
          2442,
          31985,
          5903,
          2931,
          24250,
          3639,
          5089,
          24980,
          9255,
          4822,
          24375,
          8645,
          7819,
          23644,
          9958,
          4733,
          5072,
          14328,
          13752,
          12388,
          3583,
          19544,
          6783,
          6614,
          25543,
          6645,
          3203,
          14865,
          6210,
          9727,
          21480,
          30429,
          7877,
          12691,
          27547,
          31414,
          23486,
          9555,
          28226,
          11376,
          12396,
          28353,
          26939,
          8549,
          27732,
          23563,
          25014,
          31019,
          14623,
          5928,
          20123,
          2146,
          21240,
          29199,
          27563,
          1148,
          19922,
          1562,
          14150,
          27844,
          15822,
          6341,
          22010,
          23421,
          3327,
          6761,
          4038,
          6609,
          5694,
          11452,
          13708,
          32039,
          3386,
          3696,
          14475,
          4150,
          11429,
          32618,
          25987,
          25996,
          28270,
          24767,
          22756,
          17428,
          18016,
          14030,
          8999,
          21875,
          10994,
          150,
          2252,
          5197,
          22571,
          31772,
          14351,
          23478,
          8255,
          13966,
          13822,
          10573,
          11633,
          24804,
          13430,
          12341,
          13350,
          31307
        ],
        [
          8695,
          7942,
          13463,
 
