matrix start 2026-08-02T22:08:40Z
fitting: 32749 32719 32717
holdout: 32713 32707
seeds:   11 22 33
--- cell p=32749 seed=11 role=fitting 22:08:40Z
[p=32749 seed=11] rank 81 rows 83 errors 0 euler 83/83 zero_rows 0 complete True (633.6s, peak 532.0 MB)
--- cell p=32749 seed=22 role=fitting 22:19:16Z
[p=32749 seed=22] rank 81 rows 83 errors 0 euler 83/83 zero_rows 0 complete True (15.2s, peak 243.4 MB)
--- cell p=32749 seed=33 role=fitting 22:19:31Z
[p=32749 seed=33] rank 81 rows 83 errors 0 euler 83/83 zero_rows 0 complete True (15.4s, peak 236.4 MB)
--- cell p=32719 seed=11 role=fitting 22:19:47Z
[p=32719 seed=11] rank 81 rows 83 errors 0 euler 83/83 zero_rows 0 complete True (18.6s, peak 231.7 MB)
--- cell p=32719 seed=22 role=fitting 22:20:06Z
[p=32719 seed=22] rank 81 rows 83 errors 0 euler 83/83 zero_rows 0 complete True (17.9s, peak 236.5 MB)
--- cell p=32719 seed=33 role=fitting 22:20:24Z
[p=32719 seed=33] rank 81 rows 83 errors 0 euler 83/83 zero_rows 0 complete True (18.0s, peak 237.3 MB)
--- cell p=32717 seed=11 role=fitting 22:20:43Z
[p=32717 seed=11] rank 81 rows 83 errors 0 euler 83/83 zero_rows 0 complete True (16.6s, peak 235.5 MB)
--- cell p=32717 seed=22 role=fitting 22:21:00Z
[p=32717 seed=22] rank 81 rows 83 errors 0 euler 83/83 zero_rows 0 complete True (16.2s, peak 228.8 MB)
--- cell p=32717 seed=33 role=fitting 22:21:16Z
[p=32717 seed=33] rank 81 rows 83 errors 0 euler 83/83 zero_rows 0 complete True (15.9s, peak 236.9 MB)
--- cell p=32713 seed=11 role=holdout 22:21:33Z
[p=32713 seed=11] rank 81 rows 83 errors 0 euler 83/83 zero_rows 0 complete True (16.3s, peak 238.3 MB)
--- cell p=32713 seed=22 role=holdout 22:21:49Z
[p=32713 seed=22] rank 81 rows 83 errors 0 euler 83/83 zero_rows 0 complete True (14.8s, peak 231.1 MB)
--- cell p=32713 seed=33 role=holdout 22:22:04Z
[p=32713 seed=33] rank 81 rows 83 errors 0 euler 83/83 zero_rows 0 complete True (17.0s, peak 237.6 MB)
--- cell p=32707 seed=11 role=holdout 22:22:22Z
[p=32707 seed=11] rank 81 rows 83 errors 0 euler 83/83 zero_rows 0 complete True (1299.9s, peak 741.3 MB)
--- cell p=32707 seed=22 role=holdout 22:44:02Z
[p=32707 seed=22] rank 81 rows 83 errors 0 euler 83/83 zero_rows 0 complete True (1534.5s, peak 686.6 MB)
--- cell p=32707 seed=33 role=holdout 23:09:38Z
[p=32707 seed=33] rank 81 rows 83 errors 0 euler 83/83 zero_rows 0 complete True (2123.2s, peak 650.8 MB)
--- cell p=32693 seed=11 role=extra 23:45:02Z
[p=32693 seed=11] rank 81 rows 83 errors 0 euler 83/83 zero_rows 0 complete True (2185.6s, peak 801.6 MB)
--- cell p=32693 seed=22 role=extra 00:21:28Z
[p=32693 seed=22] rank 81 rows 83 errors 0 euler 83/83 zero_rows 0 complete True (14.8s, peak 243.3 MB)
--- cell p=32693 seed=33 role=extra 00:21:43Z
[p=32693 seed=33] rank 81 rows 83 errors 0 euler 83/83 zero_rows 0 complete True (14.3s, peak 244.1 MB)
matrix end 2026-08-03T00:21:58Z failed_cells=0
