README.md
src/sdinv/certificate.py
third_party/README.md
submission_candidate/references.bib
release/README.md
release/jhep/README.md
release/classification/README.md
submission_candidate/appendices/formulas.tex
submission_candidate/appendices/reproduction.tex
submission_candidate/main.tex
submission_candidate/appendices/algorithms.tex
submission_candidate/appendices/conventions.tex
submission_candidate/appendices/jacobian.tex
submission_candidate/appendices/certificates.tex
spinor_trace_bridge/scripts/run_minor81_certificate.py
spinor_trace_bridge/scripts/run_rank81_certificate.py
submission_candidate/tables/environment.tex
submission_candidate/tables/incidence.tex
submission_candidate/tables/jacobian_runs.tex
submission_candidate/tables/dimensions.tex
submission_candidate/tables/comparison.tex
submission_candidate/generated/identity.tex
submission_candidate/generated/numbers.tex
manuscript/prd/appendices/app_h_closure.tex
manuscript/prd/appendices/app_i_gten.tex
manuscript/prd/appendices/app_e_bases.tex
manuscript/prd/appendices/app_k_algorithms.tex
manuscript/prd/appendices/app_a_conventions.tex
manuscript/prd/appendices/app_b_orientation.tex
manuscript/prd/appendices/app_f_maps.tex
manuscript/prd/appendices/app_j_b10.tex
manuscript/prd/appendices/app_g_rank81.tex
manuscript/prd/appendices/app_d_blocks.tex
manuscript/prd/appendices/app_l_reproduction.tex
manuscript/prd/appendices/app_c_bridge.tex
manuscript/prd/main.tex
manuscript/prd/references.bib
cluster/README.md
release_candidate/trace-code/README.md
release_candidate/bridge-code/spinor_trace_bridge/scripts/run_minor81_certificate.py
release_candidate/bridge-code/spinor_trace_bridge/scripts/run_rank81_certificate.py
results/rank81_certificate.json
scripts/emit_claim_certificate_matrix.py
scripts/map_literature_basis.py
scripts/emit_closure_certificate.py
release_candidate/reproduction/scripts/emit_claim_certificate_matrix.py
release_candidate/reproduction/scripts/emit_closure_certificate.py
review/mentor_draft/certificate_manifest.json
results/rank81/minor81_certificate.json
results/rank81/certificate.json
manuscript/prd/tables/tab09_b10.tex
manuscript/prd/tables/tab02_degree_ranks.tex
manuscript/prd/tables/tab10_certificates.tex
manuscript/prd/tables/tab07_degree10.tex
manuscript/prd/tables/tab08_quotient.tex
manuscript/prd/tables/tab12_environment.tex
manuscript/prd/tables/tab11_tests.tex
manuscript/prd/tables/tab03_products.tex
manuscript/prd/tables/tab04_spans.tex
manuscript/prd/tables/tab06_matrix.tex
manuscript/prd/tables/tab13_claim_strength.tex
manuscript/prd/tables/tab05_candidates.tex
manuscript/prd/tables/tab01_notation.tex
manuscript/references.bib
manuscript/main.tex
review/MENTOR_REVIEW_PACKAGE.tex
review/MENTOR_REVIEW_PACKAGE_FINAL.tex
review/ferko_delivery/README_FIRST.md
manuscript/prd/generated/identity.tex
manuscript/prd/generated/numbers.tex
review/ferko_delivery/Ferko_certificate_manifest.json
results/stress_flow/G10_publication_certificate.json
manuscript/prd_letter/main.tex
manuscript/prd_letter/references.bib
manuscript/tables/environment.tex
manuscript/tables/incidence.tex
manuscript/tables/jacobian_runs.tex
manuscript/tables/dimensions.tex
manuscript/tables/comparison.tex
manuscript/generated/identity.tex
manuscript/generated/numbers.tex
manuscript/appendices/certificates.tex
manuscript/appendices/jacobian.tex
manuscript/appendices/algorithms.tex
manuscript/appendices/conventions.tex
manuscript/appendices/formulas.tex
manuscript/appendices/reproduction.tex
manuscript/prl/supplemental.tex
manuscript/prl/end_matter.tex
manuscript/prl/main.tex
manuscript/prl/references.bib
manuscript/prl/macros.tex
manuscript/prl/supplementalNotes.bib
paper/manuscript.tex
manuscript/prd_letter/generated/identity.tex
manuscript/prd_letter/generated/numbers.tex
release_candidate/certificates/results/rank81/certificate.json
release_candidate/certificates/results/rank81/minor81_certificate.json
paper/tables/rank81_formulas.tex
paper/tables/certificate_cells.tex
manuscript/prl/generated/numbers.tex
manuscript/jhep/references.bib
manuscript/jhep/generated/identity.tex
manuscript/jhep/generated/numbers.tex
manuscript/jhep/main.tex
manuscript/jhep/tables/tab09_b10.tex
manuscript/jhep/tables/tab02_degree_ranks.tex
manuscript/jhep/tables/tab10_certificates.tex
manuscript/jhep/tables/tab07_degree10.tex
manuscript/jhep/tables/tab08_quotient.tex
manuscript/jhep/tables/tab12_environment.tex
manuscript/jhep/tables/tab11_tests.tex
manuscript/jhep/tables/tab03_products.tex
manuscript/jhep/tables/tab04_spans.tex
manuscript/jhep/tables/tab06_matrix.tex
manuscript/jhep/tables/tab13_claim_strength.tex
manuscript/jhep/tables/tab05_candidates.tex
manuscript/jhep/tables/tab01_notation.tex
manuscript/jhep/appendices/app_l_reproduction.tex
manuscript/jhep/appendices/app_c_bridge.tex
manuscript/jhep/appendices/app_d_blocks.tex
manuscript/jhep/appendices/app_g_rank81.tex
manuscript/jhep/appendices/app_h_closure.tex
manuscript/jhep/appendices/app_i_gten.tex
manuscript/jhep/appendices/app_e_bases.tex
manuscript/jhep/appendices/app_k_algorithms.tex
manuscript/jhep/appendices/app_a_conventions.tex
manuscript/jhep/appendices/app_b_orientation.tex
manuscript/jhep/appendices/app_f_maps.tex
manuscript/jhep/appendices/app_j_b10.tex
