START 32719 202609071701
DONE 32719 202609071701 {'form_blocks': 0.6418901670258492, 'source_scalars': 1.645349874976091, 'graph_scalars': 3.017788124969229}
START 32719 202609071702
DONE 32719 202609071702 {'form_blocks': 0.5207927089650184, 'source_scalars': 1.6578775410307571, 'graph_scalars': 2.670769250020385}
START 32719 202609071703
DONE 32719 202609071703 {'form_blocks': 0.6251976659987122, 'source_scalars': 1.8487741249846295, 'graph_scalars': 2.7617576660122722}
START 32719 202609071704
DONE 32719 202609071704 {'form_blocks': 0.5883620000677183, 'source_scalars': 1.7507636670488864, 'graph_scalars': 2.6863105000229552}
START 32719 202609071705
DONE 32719 202609071705 {'form_blocks': 0.5738447090843692, 'source_scalars': 1.833962499978952, 'graph_scalars': 2.6124993339180946}
START 32719 202609071706
DONE 32719 202609071706 {'form_blocks': 0.623120000003837, 'source_scalars': 1.6211256250971928, 'graph_scalars': 2.426741792005487}
START 32719 202609071707
DONE 32719 202609071707 {'form_blocks': 0.5420831249793991, 'source_scalars': 1.667394458083436, 'graph_scalars': 2.489513500011526}
START 32719 202609071708
DONE 32719 202609071708 {'form_blocks': 0.6182889159535989, 'source_scalars': 1.7785895839333534, 'graph_scalars': 2.6195658330107108}
START 32719 202609071709
DONE 32719 202609071709 {'form_blocks': 0.5805342079838738, 'source_scalars': 2.0515503749484196, 'graph_scalars': 2.682848041993566}
START 32719 202609071710
DONE 32719 202609071710 {'form_blocks': 0.6979822079883888, 'source_scalars': 2.693406792008318, 'graph_scalars': 2.9313894170336425}
START 32719 202609071711
DONE 32719 202609071711 {'form_blocks': 0.6719596670009196, 'source_scalars': 1.8536215419881046, 'graph_scalars': 2.547216875012964}
START 32719 202609071712
DONE 32719 202609071712 {'form_blocks': 0.6576239169808105, 'source_scalars': 1.6715629999525845, 'graph_scalars': 2.753858832991682}
START 32719 202609071713
DONE 32719 202609071713 {'form_blocks': 0.5808399590896443, 'source_scalars': 1.6247297499794513, 'graph_scalars': 2.575749500072561}
START 32719 202609071714
DONE 32719 202609071714 {'form_blocks': 0.5650879160966724, 'source_scalars': 1.6888950420543551, 'graph_scalars': 2.653837541001849}
START 32719 202609071715
DONE 32719 202609071715 {'form_blocks': 0.6050382920075208, 'source_scalars': 1.9025994580006227, 'graph_scalars': 2.902899625012651}
START 32719 202609071716
DONE 32719 202609071716 {'form_blocks': 0.5609964169561863, 'source_scalars': 1.8671966249821708, 'graph_scalars': 2.7228435419965535}
