**
(main.tex
LaTeX2e <2021-11-15> patch level 1
L3 programming layer <2022-02-24> (revtex4-2.cls
Document Class: revtex4-2 2020/10/03 4.2e (https://journals.aps.org/revtex/ for
 documentation)
 Copyright (c) 2019 American Physical Society.
 mailto:revtex@aps.org
 Licensed under the LPPL:
http://www.ctan.org/tex-archive/macros/latex/base/lppl.txt
 Arthur Ogawa <arthur_ogawa at sbcglobal dot net>
 Based on work by David Carlisle <david at dcarlisle.demon.co.uk>
 Version (4.2d,4.2e): Modified by Mark Doyle and Phelype Oleinik
 .
ltxutil[2020/10/03 4.2e utilities package (portions licensed from W. E. Baxter 
web at superscript.com)]
LaTeX Info: Redefining \@centercr on input line 356.
Class revtex4-2 Info: Repairing hyperref-unfriendly LaTeX definition of \mpfoot
note on input line 481.
Class revtex4-2 Info: Repairing broken LateX \@sect on input line 803.
\intertabularlinepenalty=\count181
\@tbpen=\count182
\@arstrutbox@hline=\box50
Class revtex4-2 Info: Repairing broken LaTeX \@xbitor on input line 1834.
Class revtex4-2 Info: Making \typeout \long on input line 2099.
ltxfront[2020/10/03 4.2e frontmatter package (AO,DPC,MD)]
\c@affil=\count183
\c@collab=\count184
\absbox=\box51
ltxgrid[2020/10/03 4.2e page grid package (portions licensed from W. E. Baxter 
web at superscript.com)]
\c@linecount=\count185
\output@latex=\toks16
\box@size@1=\box52
\box@size@2=\box53
\@protection@box=\box54
\@topmark@saved=\toks17
\footins@saved=\box55
\footins@recovered=\box56
\column@recovered=\box57
\pagesofar=\box58
\footsofar=\box59
\pagegrid@col=\count186
Class revtex4-2 Info: Overriding \@vspace, \@vspacer, \@no@pgbk, \@newline, and
 \\  on input line 5665.
\c@part=\count187
\c@section=\count188
\c@subsection=\count189
\c@subsubsection=\count190
\c@paragraph=\count191
\c@subparagraph=\count192
\abovecaptionskip=\skip47
\belowcaptionskip=\skip48
\c@figure=\count193
\fbox@1=\box60
\c@table=\count194
\fbox@2=\box61
\c@video=\count195
\fbox@4=\box62
\@bibdataout=\write3
\widetext@top=\box63
\widetext@bot=\box64
Class revtex4-2 Info: Selecting society aps on input line 7658.
(aps4-2.rtx
File: aps4-2 2020/10/03 4.2e (https://journals.aps.org/revtex/ for documentatio
n)
Class revtex4-2 Info: RevTeX society APS selected on input line 40.
)
Class revtex4-2 Info: Selecting journal prd on input line 7660.
Class revtex4-2 Info: APS journal PRD selected on input line 7661.
 (aps10pt4-2.rtx
File: aps10pt4-2 2020/10/03 4.2e (https://journals.aps.org/revtex/ for document
ation)
Class revtex4-2 Info: RevTeX pointsize 10pt selected on input line 39.
) (textcase.sty
Package: textcase 2019/09/14 v1.00 Text only upper/lower case changing (DPC)
) (amssymb.sty
Package: amssymb 2013/01/14 v3.01 AMS font symbols
 (amsfonts.sty
Package: amsfonts 2013/01/14 v3.01 Basic AMSFonts support
\@emptytoks=\toks18
\symAMSa=\mathgroup4
\symAMSb=\mathgroup5
LaTeX Font Info:    Redeclaring math symbol \hbar on input line 98.
LaTeX Font Info:    Overwriting math alphabet `\mathfrak' in version `bold'
(Font)                  U/euf/m/n --> U/euf/b/n on input line 106.
))
(amsmath.sty
Package: amsmath 2021/10/15 v2.17l AMS math features
\@mathmargin=\skip49

For additional information on amsmath, use the `?' option.
(amstext.sty
Package: amstext 2021/08/26 v2.01 AMS text
 (amsgen.sty
File: amsgen.sty 1999/11/30 v2.0 generic functions
\@emptytoks=\toks19
\ex@=\dimen138
)
LaTeX Info: Redefining \text on input line 28.
) (amsbsy.sty
Package: amsbsy 1999/11/29 v1.2d Bold Symbols
\pmbraise@=\dimen139
) (amsopn.sty
Package: amsopn 2021/08/26 v2.02 operator names
)
\inf@bad=\count196
LaTeX Info: Redefining \frac on input line 234.
\uproot@=\count197
\leftroot@=\count198
LaTeX Info: Redefining \overline on input line 399.
\classnum@=\count199
\DOTSCASE@=\count266
LaTeX Info: Redefining \ldots on input line 496.
LaTeX Info: Redefining \dots on input line 499.
LaTeX Info: Redefining \cdots on input line 620.
\Mathstrutbox@=\box65
\strutbox@=\box66
\big@size=\dimen140
LaTeX Font Info:    Redeclaring font encoding OML on input line 743.
LaTeX Font Info:    Redeclaring font encoding OMS on input line 744.
\macc@depth=\count267
\c@MaxMatrixCols=\count268
\dotsspace@=\muskip16
\c@parentequation=\count269
\dspbrk@lvl=\count270
\tag@help=\toks20
\row@=\count271
\column@=\count272
\maxfields@=\count273
\andhelp@=\toks21
\eqnshift@=\dimen141
\alignsep@=\dimen142
\tagshift@=\dimen143
\tagwidth@=\dimen144
\totwidth@=\dimen145
\lineht@=\dimen146
\@envbody=\toks22
\multlinegap=\skip50
\multlinetaggap=\skip51
\mathdisplay@stack=\toks23
LaTeX Info: Redefining \[ on input line 2938.
LaTeX Info: Redefining \] on input line 2939.
) (url.sty
\Urlmuskip=\muskip17
Package: url 2013/09/16  ver 3.4  Verb mode for urls, etc.
) (natbib.sty
Package: natbib 2010/09/13 8.31b (PWD, AO)
\bibhang=\skip52
\bibsep=\skip53
LaTeX Info: Redefining \cite on input line 694.
\c@NAT@ctr=\count274
)
Class revtex4-2 Info: Repairing natbib's \BibitemShut on input line 7665.

(revsymb4-2.sty
Package: revsymb4-2 2020/10/03 4.2e (https://journals.aps.org/revtex/ for docum
entation)
LaTeX Info: Redefining \frak on input line 104.
LaTeX Info: Redefining \Bbb on input line 120.
LaTeX Info: Redefining \REV@mathfrak on input line 128.
)) (amsthm.sty
Package: amsthm 2020/05/29 v2.20.6
\thm@style=\toks24
\thm@bodyfont=\toks25
\thm@headfont=\toks26
\thm@notefont=\toks27
\thm@headpunct=\toks28
\thm@preskip=\skip54
\thm@postskip=\skip55
\thm@headsep=\skip56
\dth@everypar=\toks29
) (booktabs.sty
Package: booktabs 2020/01/12 v1.61803398 Publication quality tables
\heavyrulewidth=\dimen147
\lightrulewidth=\dimen148
\cmidrulewidth=\dimen149
\belowrulesep=\dimen150
\belowbottomsep=\dimen151
\aboverulesep=\dimen152
\abovetopsep=\dimen153
\cmidrulesep=\dimen154
\cmidrulekern=\dimen155
\defaultaddspace=\dimen156
\@cmidla=\count275
\@cmidlb=\count276
\@aboverulesep=\dimen157
\@belowrulesep=\dimen158
\@thisruleclass=\count277
\@lastruleclass=\count278
\@thisrulewidth=\dimen159
) (array.sty
Package: array 2021/10/04 v2.5f Tabular extension package (FMi)
\col@sep=\dimen160
\ar@mcellbox=\box67
\extrarowheight=\dimen161
\NC@list=\toks30
\extratabsurround=\skip57
\backup@length=\skip58
\ar@cellbox=\box68
) (xcolor.sty
Package: xcolor 2021/10/31 v2.13 LaTeX color extensions (UK)

(color.cfg
File: color.cfg 2016/01/02 v1.6 sample color configuration
)
Package xcolor Info: Driver file: xetex.def on input line 227.
 (xetex.def
File: xetex.def 2021/03/18 v5.0k Graphics/color driver for xetex
)
Package xcolor Info: Model `cmy' substituted by `cmy0' on input line 1352.
Package xcolor Info: Model `RGB' extended on input line 1368.
Package xcolor Info: Model `HTML' substituted by `rgb' on input line 1370.
Package xcolor Info: Model `Hsb' substituted by `hsb' on input line 1371.
Package xcolor Info: Model `tHsb' substituted by `hsb' on input line 1372.
Package xcolor Info: Model `HSB' substituted by `hsb' on input line 1373.
Package xcolor Info: Model `Gray' substituted by `gray' on input line 1374.
Package xcolor Info: Model `wave' substituted by `hsb' on input line 1375.
) (graphicx.sty
Package: graphicx 2021/09/16 v1.2d Enhanced LaTeX Graphics (DPC,SPQR)
 (keyval.sty
Package: keyval 2014/10/28 v1.15 key=value parser (DPC)
\KV@toks@=\toks31
) (graphics.sty
Package: graphics 2021/03/04 v1.4d Standard LaTeX Graphics (DPC,SPQR)
 (trig.sty
Package: trig 2021/08/11 v1.11 sin cos tan (DPC)
)
(graphics.cfg
File: graphics.cfg 2016/06/04 v1.11 sample graphics configuration
)
Package graphics Info: Driver file: xetex.def on input line 107.
)
\Gin@req@height=\dimen162
\Gin@req@width=\dimen163
) (bm.sty
Package: bm 2021/04/25 v1.2e Bold Symbol Support (DPC/FMi)
\symboldoperators=\mathgroup6
\symboldletters=\mathgroup7
\symboldsymbols=\mathgroup8
Package bm Info: No bold for \OMX/cmex/m/n, using \pmb.
Package bm Info: No bold for \U/msa/m/n, using \pmb.
Package bm Info: No bold for \U/msb/m/n, using \pmb.
LaTeX Font Info:    Redeclaring math alphabet \mathbf on input line 149.
LaTeX Info: Redefining \bm on input line 218.
)
\c@theorem=\count279
 (generated/numbers.tex)
Class revtex4-2 Info: Unrecognized array package. Please update this document c
lass! (Proceeding with fingers crossed.) on input line 72.
Class revtex4-2 Info: cite was not loaded (OK!) on input line 72.
Class revtex4-2 Info: mcite was not loaded (OK!) on input line 72.
Class revtex4-2 Info: multicol was not loaded (OK!) on input line 72.
 (l3backend-xetex.def
File: l3backend-xetex.def 2022-02-07 L3 backend support: XeTeX
\c__kernel_sys_dvipdfmx_version_int=\count280
\l__color_backend_stack_int=\count281
\g__color_backend_stack_int=\count282
\g__graphics_track_int=\count283
\l__pdf_internal_box=\box69
\g__pdf_backend_object_int=\count284
\g__pdf_backend_annotation_int=\count285
\g__pdf_backend_link_int=\count286
)
(main.aux)
\openout1 = `main.aux'.

LaTeX Font Info:    Checking defaults for OML/cmm/m/it on input line 72.
LaTeX Font Info:    ... okay on input line 72.
LaTeX Font Info:    Checking defaults for OMS/cmsy/m/n on input line 72.
LaTeX Font Info:    ... okay on input line 72.
LaTeX Font Info:    Checking defaults for OT1/cmr/m/n on input line 72.
LaTeX Font Info:    ... okay on input line 72.
LaTeX Font Info:    Checking defaults for T1/cmr/m/n on input line 72.
LaTeX Font Info:    ... okay on input line 72.
LaTeX Font Info:    Checking defaults for TS1/cmr/m/n on input line 72.
LaTeX Font Info:    Trying to load font information for TS1+cmr on input line 7
2.
 (ts1cmr.fd
File: ts1cmr.fd 2019/12/16 v2.5j Standard LaTeX font definitions
)
LaTeX Font Info:    ... okay on input line 72.
LaTeX Font Info:    Checking defaults for TU/lmr/m/n on input line 72.
LaTeX Font Info:    ... okay on input line 72.
LaTeX Font Info:    Checking defaults for OMX/cmex/m/n on input line 72.
LaTeX Font Info:    ... okay on input line 72.
LaTeX Font Info:    Checking defaults for U/cmr/m/n on input line 72.
LaTeX Font Info:    ... okay on input line 72.
\openout3 = `mainNotes.bib'.

LaTeX Font Info:    Trying to load font information for U+msa on input line 83.

 (umsa.fd
File: umsa.fd 2013/01/14 v3.01 AMS symbols A
)
LaTeX Font Info:    Trying to load font information for U+msb on input line 83.

 (umsb.fd
File: umsb.fd 2013/01/14 v3.01 AMS symbols B
) [1]
Underfull \hbox (badness 2005) in paragraph at lines 270--274
 []\TU/lmr/m/n/10 An explicit tensor–spinor bridge for the ten-
 []

[2] (tables/tab01_notation.tex) [3]

LaTeX Warning: A float is stuck (cannot be placed); try class option [floatfix]
 on input line 442.


Underfull \hbox (badness 1189) in paragraph at lines 485--490
\TU/lmr/m/n/10 a dimension count fixes the image exactly. With
 []


Overfull \vbox (9.0812pt too high) has occurred while \output is active []


Overfull \vbox (9.0812pt too high) has occurred while \output is active []


[4]
LaTeX Font Info:    Trying to load font information for U+euf on input line 565
.
 (ueuf.fd
File: ueuf.fd 2013/01/14 v3.01 Euler Fraktur
)
Underfull \hbox (badness 1057) in paragraph at lines 617--622
\TU/lmr/m/n/10 and [] determines $\OML/cmm/m/it/10 L$ \TU/lmr/m/n/10 only up to
 the square-root
 []

[5]
Underfull \hbox (badness 1231) in paragraph at lines 656--660
 \TU/lmr/m/it/10 a. Two independent evaluators.[] \TU/lmr/m/n/10 The tensor and

 []


Underfull \hbox (badness 8056) in paragraph at lines 721--727
 \TU/lmr/m/it/10 e. Analytic derivatives.[] \TU/lmr/m/n/10 The Jacobian of sec-

 []

[6] (tables/tab02_degree_ranks.tex)
File: figures/fig01_degree_spectrum.pdf Graphic file (type pdf)
<use figures/fig01_degree_spectrum.pdf>
 (tables/tab05_candidates.tex)
File: figures/fig02_degree8_ablation.pdf Graphic file (type pdf)
<use figures/fig02_degree8_ablation.pdf>
 [7] [8]

LaTeX Warning: A float is stuck (cannot be placed); try class option [floatfix]
 on input line 888.

File: figures/fig04_pivot_composition.pdf Graphic file (type pdf)
<use figures/fig04_pivot_composition.pdf>
(tables/tab06_matrix.tex)
File: figures/fig03_rank_matrix.pdf Graphic file (type pdf)
<use figures/fig03_rank_matrix.pdf>
 [9] [10]
File: figures/fig05_rational_heights.pdf Graphic file (type pdf)
<use figures/fig05_rational_heights.pdf>
 (tables/tab07_degree10.tex) [11]
(tables/tab08_quotient.tex) [12]
Underfull \hbox (badness 2103) in paragraph at lines 1225--1230
\TU/lmr/m/n/10 identically, for every five-form whatsoever. Since
 []

(tables/tab11_tests.tex) [13]

LaTeX Warning: A float is stuck (cannot be placed); try class option [floatfix]
 on input line 1318.

(tables/tab09_b10.tex) (tables/tab04_spans.tex) (tables/tab03_products.tex)
[14]
Underfull \hbox (badness 10000) in paragraph at lines 1398--1402
 \TU/lmr/m/it/10 c. Generated macros.[] \TU/lmr/m/n/10 Every scientific num-
 []


Underfull \hbox (badness 2269) in paragraph at lines 1398--1402
\TU/lmr/m/n/10 ber in this document is a macro expanded from
 []


Underfull \hbox (badness 10000) in paragraph at lines 1413--1420
 \TU/lmr/m/it/10 f. Deterministic figures and byte-reproducible
 []


Underfull \hbox (badness 3792) in paragraph at lines 1413--1420
\TU/lmr/m/n/10 timestamps suppressed, so repeated runs produce
 []

(tables/tab10_certificates.tex) (tables/tab12_environment.tex)
Underfull \hbox (badness 1783) in paragraph at lines 1499--1502
 \TU/lmr/m/n/10 flow reaches from the generators it is given.
 []

[15]
Underfull \hbox (badness 4686) in paragraph at lines 1513--1525
 []\TU/lmr/bx/n/10 Enumeration exhaustiveness is corrobo-
 []

[16] (tables/tab13_claim_strength.tex) [17]
Underfull \hbox (badness 1803) in paragraph at lines 1668--1670
 []\TU/lmr/m/n/10 The mentor-review correspondence and review
 []

(appendices/app_a_conventions.tex
Underfull \hbox (badness 1668) in paragraph at lines 50--57
 \TU/lmr/m/it/10 e. Clifford algebra.[] \TU/lmr/m/n/10 Conventions here follow 
the
 []


Underfull \hbox (badness 3039) in paragraph at lines 70--74
 \TU/lmr/m/it/10 g. Charge conjugation.[] $\OML/cmm/m/it/10 C$ \TU/lmr/m/n/10 s
atisfies $\OML/cmm/m/it/10 C\OT1/cmr/m/n/10 ^^@[]\OML/cmm/m/it/10 C[] \OT1/cmr/
m/n/10 =
 []

) (appendices/app_b_orientation.tex [18]) (appendices/app_c_bridge.tex
Underfull \hbox (badness 4242) in paragraph at lines 5--6
 \TU/lmr/m/it/10 a. Forward map.[] \TU/lmr/m/n/10 With conventions as in ap-
 []

) (appendices/app_d_blocks.tex [19]) (appendices/app_e_bases.tex
Underfull \hbox (badness 1048) in paragraph at lines 5--12
 \TU/lmr/m/it/10 a. Identifiers.[] \TU/lmr/m/n/10 Candidates carry stable ident
ifiers
 []


Underfull \hbox (badness 10000) in paragraph at lines 14--17
 \TU/lmr/m/it/10 b. Degree-four and degree-six.[] $\OML/cmm/m/it/10 A[]$ \TU/lm
r/m/n/10 is one-
 []


Underfull \hbox (badness 4967) in paragraph at lines 36--37
 []$\OML/cmm/m/it/10 B[]$\TU/lmr/m/n/10 , the span of the published structures,

 []

) (appendices/app_f_maps.tex [20]) (appendices/app_g_rank81.tex)
(appendices/app_h_closure.tex [21]) (appendices/app_i_gten.tex
Underfull \hbox (badness 2626) in paragraph at lines 8--10
 \TU/lmr/m/it/10 a. The stress tensor.[] \TU/lmr/m/n/10 For a $\OML/cmm/m/it/10
 p$\TU/lmr/m/n/10 -form with field
 []


Underfull \hbox (badness 3724) in paragraph at lines 62--64
 \TU/lmr/m/it/10 e. Computational verification.[] \TU/lmr/m/n/10 A dedicated te
st
 []

) (appendices/app_j_b10.tex [22]) (appendices/app_k_algorithms.tex
Underfull \hbox (badness 5446) in paragraph at lines 5--10
 \TU/lmr/m/it/10 a. Graph canonicalisation.[] \TU/lmr/m/n/10 Contraction patter
ns
 []

[23]) (appendices/app_l_reproduction.tex
Underfull \hbox (badness 10000) in paragraph at lines 77--85
 \TU/lmr/m/it/10 g. Expected outputs.[] \TU/lmr/m/n/10 The headline values are
 []

[24]) (main.bbl
Underfull \hbox (badness 4441) in paragraph at lines 332--336
 \TU/lmr/m/n/9 Mazzucchelli, Phys. Rev. D \TU/lmr/bx/n/9 108\TU/lmr/m/n/9 , 106
021 (2023),
 []

[25]
Underfull \hbox (badness 10000) in paragraph at lines 383--390
 []\TU/lmr/m/n/9 J. Hutomo, K. Lechner, and D. P. Sorokin
 []


Underfull \hbox (badness 10000) in paragraph at lines 394--401
 []\TU/lmr/m/n/9 A. Elamaran, C. Ferko, and S. Scarlett
 []


Underfull \hbox (badness 1418) in paragraph at lines 473--478
 \TU/lmr/m/it/9 ROSAM ’79)\TU/lmr/m/n/9 , Lecture Notes in Computer Science,
 []


Underfull \hbox (badness 1442) in paragraph at lines 512--516
 []\TU/lmr/m/n/9 B. Sturmfels, \TU/lmr/m/it/9 Algorithms in Invariant Theory\TU
/lmr/m/n/9 , 2nd
 []


Underfull \hbox (badness 2205) in paragraph at lines 607--612
 []\TU/lmr/m/n/9 A. Van Proeyen,  (1999), lectures, spring school,
 []

) [26] (main.aux) )
Output written on main.xdv (26 pages, 1141992 bytes).
