START 32717 202609071701
DONE 32717 202609071701 {'form_blocks': 0.8201001660199836, 'source_scalars': 1.7099386670161039, 'graph_scalars': 3.4705888340249658}
START 32717 202609071702
DONE 32717 202609071702 {'form_blocks': 0.5912141250446439, 'source_scalars': 1.6747233750065789, 'graph_scalars': 2.454469959018752}
START 32717 202609071703
DONE 32717 202609071703 {'form_blocks': 0.5445226660231128, 'source_scalars': 1.6199449999257922, 'graph_scalars': 2.3617528330069035}
START 32717 202609071704
DONE 32717 202609071704 {'form_blocks': 0.5322084170766175, 'source_scalars': 1.7557809579884633, 'graph_scalars': 2.4318854580633342}
START 32717 202609071705
DONE 32717 202609071705 {'form_blocks': 0.5479107500286773, 'source_scalars': 1.5025202919496223, 'graph_scalars': 2.4747303338954225}
START 32717 202609071706
DONE 32717 202609071706 {'form_blocks': 0.5739049160620198, 'source_scalars': 1.6044747499981895, 'graph_scalars': 2.4259149169083685}
START 32717 202609071707
DONE 32717 202609071707 {'form_blocks': 0.5214172920677811, 'source_scalars': 1.6176003339933231, 'graph_scalars': 2.406437375000678}
START 32717 202609071708
DONE 32717 202609071708 {'form_blocks': 0.5228705839253962, 'source_scalars': 1.5049939589807764, 'graph_scalars': 2.2487390419701114}
START 32717 202609071709
DONE 32717 202609071709 {'form_blocks': 0.6945832499768585, 'source_scalars': 1.6141754579730332, 'graph_scalars': 2.2103434579912573}
START 32717 202609071710
DONE 32717 202609071710 {'form_blocks': 0.4713231669738889, 'source_scalars': 1.403893749928102, 'graph_scalars': 2.1297209589974955}
START 32717 202609071711
DONE 32717 202609071711 {'form_blocks': 0.4941239580512047, 'source_scalars': 1.5168564999476075, 'graph_scalars': 2.180173625005409}
START 32717 202609071712
DONE 32717 202609071712 {'form_blocks': 0.4953312500147149, 'source_scalars': 1.4037441660184413, 'graph_scalars': 2.157370665925555}
START 32717 202609071713
DONE 32717 202609071713 {'form_blocks': 0.5020379170309752, 'source_scalars': 1.4010757090291008, 'graph_scalars': 2.149045249912888}
START 32717 202609071714
DONE 32717 202609071714 {'form_blocks': 0.5146182921016589, 'source_scalars': 1.421521499985829, 'graph_scalars': 2.1250844999449328}
START 32717 202609071715
DONE 32717 202609071715 {'form_blocks': 0.4900932920863852, 'source_scalars': 1.3894360000267625, 'graph_scalars': 2.0650985420215875}
START 32717 202609071716
DONE 32717 202609071716 {'form_blocks': 0.5460104160010815, 'source_scalars': 3.103518250049092, 'graph_scalars': 2.9795088750543073}
