degree 0 invariants 1 orbits 1 seconds 1.2333e-05
degree 1 invariants 0 orbits 3 seconds 1.1792e-05
degree 2 invariants 0 orbits 12 seconds 4.0334e-05
degree 3 invariants 0 orbits 32 seconds 8.9542e-05
degree 4 invariants 1 orbits 76 seconds 0.000217875
degree 5 invariants 0 orbits 156 seconds 0.000517292
degree 6 invariants 2 orbits 296 seconds 0.00121283
degree 7 invariants 0 orbits 519 seconds 0.00241608
degree 8 invariants 7 orbits 864 seconds 0.00460392
degree 9 invariants 0 orbits 1368 seconds 0.00718838
degree 10 invariants 14 orbits 2088 seconds 0.0138099
degree 11 invariants 0 orbits 3079 seconds 0.0205998
degree 12 invariants 72 orbits 4420 seconds 0.0331114
degree 13 invariants 0 orbits 6187 seconds 0.0552327
degree 14 invariants 247 orbits 8484 seconds 0.0788033
degree 15 invariants 0 orbits 11412 seconds 0.157076
degree 16 invariants 1364 orbits 15103 seconds 0.174886
degree 17 invariants 0 orbits 19687 seconds 0.236644
degree 18 invariants 6851 orbits 25328 seconds 0.348711
degree 19 invariants 0 orbits 32187 seconds 0.470464
degree 20 invariants 40170 orbits 40464 seconds 0.767603
degree 21 invariants 0 orbits 50355 seconds 0.839768
degree 22 invariants 227979 orbits 62099 seconds 1.09234
