START binary 32719 202609073000
DONE binary 32719 202609073000 6.970573291997425
START binary 32719 202609073001
DONE binary 32719 202609073001 5.511649625026621
START binary 32719 202609073002
DONE binary 32719 202609073002 5.629733916022815
START binary 32719 202609073003
DONE binary 32719 202609073003 5.731593708973378
START binary 32719 202609073004
DONE binary 32719 202609073004 6.200876999995671
START binary 32719 202609073005
DONE binary 32719 202609073005 6.305814582970925
START binary 32719 202609073006
DONE binary 32719 202609073006 6.130631917039864
START binary 32719 202609073007
DONE binary 32719 202609073007 6.100234957993962
START binary 32719 202609073008
DONE binary 32719 202609073008 5.26422516698949
START binary 32719 202609073009
DONE binary 32719 202609073009 7.180853333091363
START binary 32719 202609073010
DONE binary 32719 202609073010 4.813600874971598
START binary 32719 202609073011
DONE binary 32719 202609073011 4.579300791025162
START binary 32719 202609073012
DONE binary 32719 202609073012 4.684443291975185
START binary 32719 202609073013
DONE binary 32719 202609073013 4.994817874976434
START binary 32693 202609073000
DONE binary 32693 202609073000 4.767097458941862
START binary 32693 202609073001
DONE binary 32693 202609073001 4.658504249993712
START binary 32693 202609073002
DONE binary 32693 202609073002 5.892144332989119
START binary 32693 202609073003
DONE binary 32693 202609073003 6.52751475002151
START binary 32693 202609073004
DONE binary 32693 202609073004 5.468379708006978
START binary 32693 202609073005
DONE binary 32693 202609073005 5.552395249949768
START binary 32693 202609073006
DONE binary 32693 202609073006 5.067882500006817
START binary 32693 202609073007
DONE binary 32693 202609073007 5.64650787494611
START binary 32693 202609073008
DONE binary 32693 202609073008 4.905562416999601
START binary 32693 202609073009
DONE binary 32693 202609073009 5.25232233304996
START binary 32693 202609073010
DONE binary 32693 202609073010 4.967774708056822
START binary 32693 202609073011
DONE binary 32693 202609073011 4.858829749980941
START binary 32693 202609073012
DONE binary 32693 202609073012 5.132295040995814
START binary 32693 202609073013
DONE binary 32693 202609073013 6.448960041976534
START binary 32713 202609073000
DONE binary 32713 202609073000 6.080633917008527
START binary 32713 202609073001
DONE binary 32713 202609073001 5.7159911670023575
START binary 32713 202609073002
DONE binary 32713 202609073002 6.475200082990341
START binary 32713 202609073003
DONE binary 32713 202609073003 5.5603276250185445
START binary 32713 202609073004
DONE binary 32713 202609073004 5.906632459023967
START binary 32713 202609073005
DONE binary 32713 202609073005 4.87672245898284
START binary 32713 202609073006
DONE binary 32713 202609073006 6.133482208009809
START binary 32713 202609073007
DONE binary 32713 202609073007 4.872186916996725
START binary 32713 202609073008
DONE binary 32713 202609073008 4.981584417051636
START binary 32713 202609073009
DONE binary 32713 202609073009 6.20668933307752
START binary 32713 202609073010
DONE binary 32713 202609073010 5.167697958066128
START binary 32713 202609073011
DONE binary 32713 202609073011 5.630885250051506
START binary 32713 202609073012
DONE binary 32713 202609073012 6.328429750050418
START binary 32713 202609073013
DONE binary 32713 202609073013 5.719360916991718
START binary 32717 202609073000
DONE binary 32717 202609073000 5.205681791063398
START binary 32717 202609073001
DONE binary 32717 202609073001 5.393601250019856
START binary 32717 202609073002
DONE binary 32717 202609073002 4.978593957959674
START binary 32717 202609073003
DONE binary 32717 202609073003 5.398584209033288
START binary 32717 202609073004
DONE binary 32717 202609073004 5.913395542069338
START binary 32717 202609073005
DONE binary 32717 202609073005 5.599258792004548
START binary 32717 202609073006
DONE binary 32717 202609073006 5.039300458971411
START binary 32717 202609073007
DONE binary 32717 202609073007 5.423974042059854
START binary 32717 202609073008
DONE binary 32717 202609073008 5.09263987489976
START binary 32717 202609073009
DONE binary 32717 202609073009 5.138397208065726
START binary 32717 202609073010
DONE binary 32717 202609073010 5.17881212499924
START binary 32717 202609073011
DONE binary 32717 202609073011 7.099818207905628
START binary 32717 202609073012
DONE binary 32717 202609073012 6.225559875019826
START binary 32717 202609073013
DONE binary 32717 202609073013 5.329811125062406
START binary 32771 202609073000
DONE binary 32771 202609073000 4.796510624932125
START binary 32771 202609073001
DONE binary 32771 202609073001 5.962099500000477
START binary 32771 202609073002
DONE binary 32771 202609073002 5.759696374996565
START binary 32771 202609073003
DONE binary 32771 202609073003 5.213563333032653
START binary 32771 202609073004
DONE binary 32771 202609073004 5.144452042062767
START binary 32771 202609073005
DONE binary 32771 202609073005 5.401732999947853
START binary 32771 202609073006
DONE binary 32771 202609073006 4.964093749993481
START binary 32771 202609073007
DONE binary 32771 202609073007 5.100218791980296
START binary 32771 202609073008
DONE binary 32771 202609073008 4.9377695000730455
START binary 32771 202609073009
DONE binary 32771 202609073009 6.2995469169691205
START binary 32771 202609073010
DONE binary 32771 202609073010 6.320438916911371
START binary 32771 202609073011
DONE binary 32771 202609073011 5.255180416977964
START binary 32771 202609073012
DONE binary 32771 202609073012 6.057701832964085
START binary 32771 202609073013
DONE binary 32771 202609073013 6.943561582942493
START binary 32779 202609073000
DONE binary 32779 202609073000 6.780451958999038
START binary 32779 202609073001
DONE binary 32779 202609073001 6.063111957977526
START binary 32779 202609073002
DONE binary 32779 202609073002 6.52304399991408
START binary 32779 202609073003
DONE binary 32779 202609073003 5.851869542035274
START binary 32779 202609073004
DONE binary 32779 202609073004 6.121621208032593
START binary 32779 202609073005
DONE binary 32779 202609073005 5.593987208092585
START binary 32779 202609073006
DONE binary 32779 202609073006 4.892393375048414
START binary 32779 202609073007
DONE binary 32779 202609073007 4.926983749959618
START binary 32779 202609073008
DONE binary 32779 202609073008 4.910355833009817
START binary 32779 202609073009
DONE binary 32779 202609073009 5.528272750088945
START binary 32779 202609073010
DONE binary 32779 202609073010 6.079988999990746
START binary 32779 202609073011
DONE binary 32779 202609073011 5.565208249958232
START binary 32779 202609073012
DONE binary 32779 202609073012 5.055898749968037
START binary 32779 202609073013
DONE binary 32779 202609073013 5.780863416963257
